Archive member included to satisfy reference by file (symbol)

G:\ljyws\graduation_project\firmware\ctrl\Middlewares\ST\ARM\DSP\Lib\libarm_cortexM4lf_math.a(arm_sin_f32.o)
                              CMakeFiles/ctrl.elf.dir/Ctrl/controller.cpp.obj (arm_sin_f32)
G:\ljyws\graduation_project\firmware\ctrl\Middlewares\ST\ARM\DSP\Lib\libarm_cortexM4lf_math.a(arm_cos_f32.o)
                              CMakeFiles/ctrl.elf.dir/Ctrl/controller.cpp.obj (arm_cos_f32)
G:\ljyws\graduation_project\firmware\ctrl\Middlewares\ST\ARM\DSP\Lib\libarm_cortexM4lf_math.a(arm_common_tables.o)
                              G:\ljyws\graduation_project\firmware\ctrl\Middlewares\ST\ARM\DSP\Lib\libarm_cortexM4lf_math.a(arm_sin_f32.o) (sinTable_f32)
D:/Tools/arm-none-eabi-13/13.3 rel1/bin/../lib/gcc/arm-none-eabi/13.3.1/thumb/v7e-m+fp/hard\libstdc++.a(class_type_info.o)
                              CMakeFiles/ctrl.elf.dir/Core/Src/board.cpp.obj (vtable for __cxxabiv1::__class_type_info)
D:/Tools/arm-none-eabi-13/13.3 rel1/bin/../lib/gcc/arm-none-eabi/13.3.1/thumb/v7e-m+fp/hard\libstdc++.a(del_ops.o)
                              CMakeFiles/ctrl.elf.dir/Ctrl/controller.cpp.obj (operator delete(void*, unsigned int))
D:/Tools/arm-none-eabi-13/13.3 rel1/bin/../lib/gcc/arm-none-eabi/13.3.1/thumb/v7e-m+fp/hard\libstdc++.a(eh_alloc.o)
                              CMakeFiles/ctrl.elf.dir/Ctrl/controller.cpp.obj (__cxa_allocate_exception)
D:/Tools/arm-none-eabi-13/13.3 rel1/bin/../lib/gcc/arm-none-eabi/13.3.1/thumb/v7e-m+fp/hard\libstdc++.a(eh_exception.o)
                              CMakeFiles/ctrl.elf.dir/Ctrl/controller.cpp.obj (std::exception::~exception())
D:/Tools/arm-none-eabi-13/13.3 rel1/bin/../lib/gcc/arm-none-eabi/13.3.1/thumb/v7e-m+fp/hard\libstdc++.a(eh_terminate.o)
                              D:/Tools/arm-none-eabi-13/13.3 rel1/bin/../lib/gcc/arm-none-eabi/13.3.1/thumb/v7e-m+fp/hard\libstdc++.a(eh_alloc.o) (std::terminate())
D:/Tools/arm-none-eabi-13/13.3 rel1/bin/../lib/gcc/arm-none-eabi/13.3.1/thumb/v7e-m+fp/hard\libstdc++.a(eh_throw.o)
                              CMakeFiles/ctrl.elf.dir/Ctrl/controller.cpp.obj (__cxa_throw)
D:/Tools/arm-none-eabi-13/13.3 rel1/bin/../lib/gcc/arm-none-eabi/13.3.1/thumb/v7e-m+fp/hard\libstdc++.a(eh_unex_handler.o)
                              D:/Tools/arm-none-eabi-13/13.3 rel1/bin/../lib/gcc/arm-none-eabi/13.3.1/thumb/v7e-m+fp/hard\libstdc++.a(eh_terminate.o) (__cxxabiv1::__unexpected_handler)
D:/Tools/arm-none-eabi-13/13.3 rel1/bin/../lib/gcc/arm-none-eabi/13.3.1/thumb/v7e-m+fp/hard\libstdc++.a(si_class_type_info.o)
                              CMakeFiles/ctrl.elf.dir/Ctrl/controller.cpp.obj (vtable for __cxxabiv1::__si_class_type_info)
D:/Tools/arm-none-eabi-13/13.3 rel1/bin/../lib/gcc/arm-none-eabi/13.3.1/thumb/v7e-m+fp/hard\libstdc++.a(tinfo.o)
                              D:/Tools/arm-none-eabi-13/13.3 rel1/bin/../lib/gcc/arm-none-eabi/13.3.1/thumb/v7e-m+fp/hard\libstdc++.a(class_type_info.o) (std::type_info::~type_info())
D:/Tools/arm-none-eabi-13/13.3 rel1/bin/../lib/gcc/arm-none-eabi/13.3.1/thumb/v7e-m+fp/hard\libstdc++.a(vmi_class_type_info.o)
                              CMakeFiles/ctrl.elf.dir/Ctrl/drv8301.cpp.obj (vtable for __cxxabiv1::__vmi_class_type_info)
D:/Tools/arm-none-eabi-13/13.3 rel1/bin/../lib/gcc/arm-none-eabi/13.3.1/thumb/v7e-m+fp/hard\libstdc++.a(vterminate.o)
                              D:/Tools/arm-none-eabi-13/13.3 rel1/bin/../lib/gcc/arm-none-eabi/13.3.1/thumb/v7e-m+fp/hard\libstdc++.a(eh_terminate.o) (__gnu_cxx::__verbose_terminate_handler())
D:/Tools/arm-none-eabi-13/13.3 rel1/bin/../lib/gcc/arm-none-eabi/13.3.1/thumb/v7e-m+fp/hard\libstdc++.a(cp-demangle.o)
                              D:/Tools/arm-none-eabi-13/13.3 rel1/bin/../lib/gcc/arm-none-eabi/13.3.1/thumb/v7e-m+fp/hard\libstdc++.a(vterminate.o) (__cxa_demangle)
D:/Tools/arm-none-eabi-13/13.3 rel1/bin/../lib/gcc/arm-none-eabi/13.3.1/thumb/v7e-m+fp/hard\libstdc++.a(del_op.o)
                              D:/Tools/arm-none-eabi-13/13.3 rel1/bin/../lib/gcc/arm-none-eabi/13.3.1/thumb/v7e-m+fp/hard\libstdc++.a(del_ops.o) (operator delete(void*))
D:/Tools/arm-none-eabi-13/13.3 rel1/bin/../lib/gcc/arm-none-eabi/13.3.1/thumb/v7e-m+fp/hard\libstdc++.a(eh_arm.o)
                              D:/Tools/arm-none-eabi-13/13.3 rel1/bin/../lib/gcc/arm-none-eabi/13.3.1/thumb/v7e-m+fp/hard\libstdc++.a(vterminate.o) (__cxa_end_cleanup)
D:/Tools/arm-none-eabi-13/13.3 rel1/bin/../lib/gcc/arm-none-eabi/13.3.1/thumb/v7e-m+fp/hard\libstdc++.a(eh_catch.o)
                              D:/Tools/arm-none-eabi-13/13.3 rel1/bin/../lib/gcc/arm-none-eabi/13.3.1/thumb/v7e-m+fp/hard\libstdc++.a(eh_terminate.o) (__cxa_begin_catch)
D:/Tools/arm-none-eabi-13/13.3 rel1/bin/../lib/gcc/arm-none-eabi/13.3.1/thumb/v7e-m+fp/hard\libstdc++.a(eh_globals.o)
                              D:/Tools/arm-none-eabi-13/13.3 rel1/bin/../lib/gcc/arm-none-eabi/13.3.1/thumb/v7e-m+fp/hard\libstdc++.a(eh_catch.o) (__cxa_get_globals_fast)
[...]
Memory Configuration

Name             Origin             Length             Attributes
CCMRAM           0x10000000         0x00010000         xrw
RAM              0x20000000         0x00020000         xrw
FLASH            0x08000000         0x00100000         xr
*default*        0x00000000         0xffffffff

Linker script and memory map

LOAD D:/Tools/arm-none-eabi-13/13.3 rel1/bin/../lib/gcc/arm-none-eabi/13.3.1/thumb/v7e-m+fp/hard/crti.o
LOAD D:/Tools/arm-none-eabi-13/13.3 rel1/bin/../lib/gcc/arm-none-eabi/13.3.1/thumb/v7e-m+fp/hard/crtbegin.o
LOAD D:/Tools/arm-none-eabi-13/13.3 rel1/bin/../lib/gcc/arm-none-eabi/13.3.1/thumb/v7e-m+fp/hard/crt0.o
LOAD CMakeFiles/ctrl.elf.dir/application/main.cpp.obj
LOAD CMakeFiles/ctrl.elf.dir/Core/Src/adc.c.obj
LOAD CMakeFiles/ctrl.elf.dir/Core/Src/board.cpp.obj
LOAD CMakeFiles/ctrl.elf.dir/Core/Src/dma.c.obj
LOAD CMakeFiles/ctrl.elf.dir/Core/Src/freertos.c.obj
LOAD CMakeFiles/ctrl.elf.dir/Core/Src/gpio.c.obj
LOAD CMakeFiles/ctrl.elf.dir/Core/Src/main.c.obj
LOAD CMakeFiles/ctrl.elf.dir/Core/Src/spi.c.obj
LOAD CMakeFiles/ctrl.elf.dir/Core/Src/stm32f4xx_hal_msp.c.obj
LOAD CMakeFiles/ctrl.elf.dir/Core/Src/stm32f4xx_hal_timebase_tim.c.obj
LOAD CMakeFiles/ctrl.elf.dir/Core/Src/stm32f4xx_it.c.obj
LOAD CMakeFiles/ctrl.elf.dir/Core/Src/syscalls.c.obj
LOAD CMakeFiles/ctrl.elf.dir/Core/Src/sysmem.c.obj
LOAD CMakeFiles/ctrl.elf.dir/Core/Src/system_stm32f4xx.c.obj
LOAD CMakeFiles/ctrl.elf.dir/Core/Src/tim.c.obj
LOAD CMakeFiles/ctrl.elf.dir/Core/Startup/startup_stm32f405rgtx.s.obj
LOAD CMakeFiles/ctrl.elf.dir/Ctrl/axis.cpp.obj
LOAD CMakeFiles/ctrl.elf.dir/Ctrl/controller.cpp.obj
LOAD CMakeFiles/ctrl.elf.dir/Ctrl/drv8301.cpp.obj
LOAD CMakeFiles/ctrl.elf.dir/Ctrl/encoder.cpp.obj
LOAD CMakeFiles/ctrl.elf.dir/Ctrl/foc.cpp.obj
LOAD CMakeFiles/ctrl.elf.dir/Ctrl/low_level.cpp.obj
LOAD CMakeFiles/ctrl.elf.dir/Ctrl/motor.cpp.obj
LOAD CMakeFiles/ctrl.elf.dir/Ctrl/open_ctrl_test.cpp.obj
LOAD CMakeFiles/ctrl.elf.dir/Ctrl/open_loop_controller.cpp.obj
LOAD CMakeFiles/ctrl.elf.dir/Ctrl/test_foc.cpp.obj
LOAD CMakeFiles/ctrl.elf.dir/Ctrl/utils.cpp.obj
LOAD CMakeFiles/ctrl.elf.dir/Drivers/STM32F4xx_HAL_Driver/Src/stm32f4xx_hal.c.obj
LOAD CMakeFiles/ctrl.elf.dir/Drivers/STM32F4xx_HAL_Driver/Src/stm32f4xx_hal_adc.c.obj
LOAD CMakeFiles/ctrl.elf.dir/Drivers/STM32F4xx_HAL_Driver/Src/stm32f4xx_hal_adc_ex.c.obj
LOAD CMakeFiles/ctrl.elf.dir/Drivers/STM32F4xx_HAL_Driver/Src/stm32f4xx_hal_cortex.c.obj
LOAD CMakeFiles/ctrl.elf.dir/Drivers/STM32F4xx_HAL_Driver/Src/stm32f4xx_hal_dma.c.obj
LOAD CMakeFiles/ctrl.elf.dir/Drivers/STM32F4xx_HAL_Driver/Src/stm32f4xx_hal_dma_ex.c.obj
LOAD CMakeFiles/ctrl.elf.dir/Drivers/STM32F4xx_HAL_Driver/Src/stm32f4xx_hal_exti.c.obj
LOAD CMakeFiles/ctrl.elf.dir/Drivers/STM32F4xx_HAL_Driver/Src/stm32f4xx_hal_flash.c.obj
LOAD CMakeFiles/ctrl.elf.dir/Drivers/STM32F4xx_HAL_Driver/Src/stm32f4xx_hal_flash_ex.c.obj
LOAD CMakeFiles/ctrl.elf.dir/Drivers/STM32F4xx_HAL_Driver/Src/stm32f4xx_hal_flash_ramfunc.c.obj
LOAD CMakeFiles/ctrl.elf.dir/Drivers/STM32F4xx_HAL_Driver/Src/stm32f4xx_hal_gpio.c.obj
LOAD CMakeFiles/ctrl.elf.dir/Drivers/STM32F4xx_HAL_Driver/Src/stm32f4xx_hal_pcd.c.obj
LOAD CMakeFiles/ctrl.elf.dir/Drivers/STM32F4xx_HAL_Driver/Src/stm32f4xx_hal_pcd_ex.c.obj
LOAD CMakeFiles/ctrl.elf.dir/Drivers/STM32F4xx_HAL_Driver/Src/stm32f4xx_hal_pwr.c.obj
LOAD CMakeFiles/ctrl.elf.dir/Drivers/STM32F4xx_HAL_Driver/Src/stm32f4xx_hal_pwr_ex.c.obj
LOAD CMakeFiles/ctrl.elf.dir/Drivers/STM32F4xx_HAL_Driver/Src/stm32f4xx_hal_rcc.c.obj
LOAD CMakeFiles/ctrl.elf.dir/Drivers/STM32F4xx_HAL_Driver/Src/stm32f4xx_hal_rcc_ex.c.obj
LOAD CMakeFiles/ctrl.elf.dir/Drivers/STM32F4xx_HAL_Driver/Src/stm32f4xx_hal_spi.c.obj
LOAD CMakeFiles/ctrl.elf.dir/Drivers/STM32F4xx_HAL_Driver/Src/stm32f4xx_hal_tim.c.obj
LOAD CMakeFiles/ctrl.elf.dir/Drivers/STM32F4xx_HAL_Driver/Src/stm32f4xx_hal_tim_ex.c.obj
LOAD CMakeFiles/ctrl.elf.dir/Drivers/STM32F4xx_HAL_Driver/Src/stm32f4xx_ll_adc.c.obj
LOAD CMakeFiles/ctrl.elf.dir/Drivers/STM32F4xx_HAL_Driver/Src/stm32f4xx_ll_usb.c.obj
LOAD CMakeFiles/ctrl.elf.dir/Middlewares/ST/STM32_USB_Device_Library/Class/CDC/Src/usbd_cdc.c.obj
LOAD CMakeFiles/ctrl.elf.dir/Middlewares/ST/STM32_USB_Device_Library/Core/Src/usbd_core.c.obj
LOAD CMakeFiles/ctrl.elf.dir/Middlewares/ST/STM32_USB_Device_Library/Core/Src/usbd_ctlreq.c.obj
LOAD CMakeFiles/ctrl.elf.dir/Middlewares/ST/STM32_USB_Device_Library/Core/Src/usbd_ioreq.c.obj
LOAD CMakeFiles/ctrl.elf.dir/Middlewares/Third_Party/FreeRTOS/Source/CMSIS_RTOS_V2/cmsis_os2.c.obj
LOAD CMakeFiles/ctrl.elf.dir/Middlewares/Third_Party/FreeRTOS/Source/croutine.c.obj
LOAD CMakeFiles/ctrl.elf.dir/Middlewares/Third_Party/FreeRTOS/Source/event_groups.c.obj
LOAD CMakeFiles/ctrl.elf.dir/Middlewares/Third_Party/FreeRTOS/Source/list.c.obj
LOAD CMakeFiles/ctrl.elf.dir/Middlewares/Third_Party/FreeRTOS/Source/portable/GCC/ARM_CM4F/port.c.obj
LOAD CMakeFiles/ctrl.elf.dir/Middlewares/Third_Party/FreeRTOS/Source/portable/MemMang/heap_4.c.obj
LOAD CMakeFiles/ctrl.elf.dir/Middlewares/Third_Party/FreeRTOS/Source/queue.c.obj
LOAD CMakeFiles/ctrl.elf.dir/Middlewares/Third_Party/FreeRTOS/Source/stream_buffer.c.obj
LOAD CMakeFiles/ctrl.elf.dir/Middlewares/Third_Party/FreeRTOS/Source/tasks.c.obj
LOAD CMakeFiles/ctrl.elf.dir/Middlewares/Third_Party/FreeRTOS/Source/timers.c.obj
LOAD CMakeFiles/ctrl.elf.dir/Stm32_Interface/stm32_gpio.cpp.obj
LOAD CMakeFiles/ctrl.elf.dir/Stm32_Interface/stm32_spi.cpp.obj
LOAD CMakeFiles/ctrl.elf.dir/Tools/vofa.cpp.obj
LOAD CMakeFiles/ctrl.elf.dir/USB_DEVICE/App/usb_device.c.obj
LOAD CMakeFiles/ctrl.elf.dir/USB_DEVICE/App/usbd_cdc_if.c.obj
LOAD CMakeFiles/ctrl.elf.dir/USB_DEVICE/App/usbd_desc.c.obj
LOAD CMakeFiles/ctrl.elf.dir/USB_DEVICE/Target/usbd_conf.c.obj
LOAD G:\ljyws\graduation_project\firmware\ctrl\Middlewares\ST\ARM\DSP\Lib\libarm_cortexM4lf_math.a
LOAD D:/Tools/arm-none-eabi-13/13.3 rel1/bin/../lib/gcc/arm-none-eabi/13.3.1/thumb/v7e-m+fp/hard\libstdc++.a
LOAD D:/Tools/arm-none-eabi-13/13.3 rel1/bin/../lib/gcc/arm-none-eabi/13.3.1/thumb/v7e-m+fp/hard\libm.a
START GROUP
LOAD D:/Tools/arm-none-eabi-13/13.3 rel1/bin/../lib/gcc/arm-none-eabi/13.3.1/thumb/v7e-m+fp/hard\libgcc.a
LOAD D:/Tools/arm-none-eabi-13/13.3 rel1/bin/../lib/gcc/arm-none-eabi/13.3.1/thumb/v7e-m+fp/hard\libg.a
LOAD D:/Tools/arm-none-eabi-13/13.3 rel1/bin/../lib/gcc/arm-none-eabi/13.3.1/thumb/v7e-m+fp/hard\libc.a
END GROUP
LOAD D:/Tools/arm-none-eabi-13/13.3 rel1/bin/../lib/gcc/arm-none-eabi/13.3.1/thumb/v7e-m+fp/hard/crtend.o
LOAD D:/Tools/arm-none-eabi-13/13.3 rel1/bin/../lib/gcc/arm-none-eabi/13.3.1/thumb/v7e-m+fp/hard/crtn.o
                0x20020000                        _estack = (ORIGIN (RAM) + LENGTH (RAM))
                0x00000200                        _Min_Heap_Size = 0x200
                0x00000400                        _Min_Stack_Size = 0x400

.isr_vector     0x08000000      0x188
                0x08000000                        . = ALIGN (0x4)
 *(.isr_vector)
 .isr_vector    0x08000000      0x188 CMakeFiles/ctrl.elf.dir/Core/Startup/startup_stm32f405rgtx.s.obj
                0x08000000                g_pfnVectors
                0x08000188                        . = ALIGN (0x4)

.text           0x080001c0    0x1aafc
                0x080001c0                        . = ALIGN (0x4)
 *(.text)
 .text          0x080001c0      0x378 D:/Tools/arm-none-eabi-13/13.3 rel1/bin/../lib/gcc/arm-none-eabi/13.3.1/thumb/v7e-m+fp/hard\libgcc.a(_arm_addsubdf3.o)
                0x080001c0                __aeabi_drsub
                0x080001c8                __aeabi_dsub
                0x080001c8                __subdf3
                0x080001cc                __aeabi_dadd
                0x080001cc                __adddf3
                0x08000444                __floatunsidf
                0x08000444                __aeabi_ui2d
                0x08000464                __floatsidf
                0x08000464                __aeabi_i2d
                0x08000488                __aeabi_f2d
                0x08000488                __extendsfdf2
                0x080004cc                __floatundidf
                0x080004cc                __aeabi_ul2d
                0x080004dc                __floatdidf
                0x080004dc                __aeabi_l2d
 .text          0x08000538      0x424 D:/Tools/arm-none-eabi-13/13.3 rel1/bin/../lib/gcc/arm-none-eabi/13.3.1/thumb/v7e-m+fp/hard\libgcc.a(_arm_muldivdf3.o)
                0x08000538                __aeabi_dmul
                0x08000538                __muldf3
                0x0800078c                __divdf3
                0x0800078c                __aeabi_ddiv
 .text          0x0800095c      0x110 D:/Tools/arm-none-eabi-13/13.3 rel1/bin/../lib/gcc/arm-none-eabi/13.3.1/thumb/v7e-m+fp/hard\libgcc.a(_arm_cmpdf2.o)
                0x0800095c                __gtdf2
                0x0800095c                __gedf2
                0x08000964                __ltdf2
                0x08000964                __ledf2
                0x0800096c                __nedf2
                0x0800096c                __eqdf2
                0x0800096c                __cmpdf2
                0x080009e8                __aeabi_cdrcmple
                0x080009f8                __aeabi_cdcmpeq
                0x080009f8                __aeabi_cdcmple
                0x08000a08                __aeabi_dcmpeq
                0x08000a1c                __aeabi_dcmplt
                0x08000a30                __aeabi_dcmple
                0x08000a44                __aeabi_dcmpge
                0x08000a58                __aeabi_dcmpgt
 .text          0x08000a6c       0x50 D:/Tools/arm-none-eabi-13/13.3 rel1/bin/../lib/gcc/arm-none-eabi/13.3.1/thumb/v7e-m+fp/hard\libgcc.a(_arm_fixdfsi.o)
                0x08000a6c                __aeabi_d2iz
                0x08000a6c                __fixdfsi
 .text          0x08000abc       0x30 D:/Tools/arm-none-eabi-13/13.3 rel1/bin/../lib/gcc/arm-none-eabi/13.3.1/thumb/v7e-m+fp/hard\libgcc.a(_aeabi_uldivmod.o)
                0x08000abc                __aeabi_uldivmod
 .text          0x08000aec      0x1ac D:/Tools/arm-none-eabi-13/13.3 rel1/bin/../lib/gcc/arm-none-eabi/13.3.1/thumb/v7e-m+fp/hard\libgcc.a(libunwind.o)
                0x08000aec                __restore_core_regs
                0x08000aec                restore_core_regs
                0x08000b04                __gnu_Unwind_Restore_VFP
                0x08000b0c                __gnu_Unwind_Save_VFP
                0x08000b14                __gnu_Unwind_Restore_VFP_D
                0x08000b1c                __gnu_Unwind_Save_VFP_D
                0x08000b24                __gnu_Unwind_Restore_VFP_D_16_to_31
                0x08000b2c                __gnu_Unwind_Save_VFP_D_16_to_31
                0x08000b34                __gnu_Unwind_Restore_WMMXD
                0x08000b78                __gnu_Unwind_Save_WMMXD
                0x08000bbc                __gnu_Unwind_Restore_WMMXC
                0x08000bd0                __gnu_Unwind_Save_WMMXC
                0x08000be4                ___Unwind_RaiseException
                0x08000be4                _Unwind_RaiseException
                0x08000c08                _Unwind_Resume
                0x08000c08                ___Unwind_Resume
                0x08000c2c                _Unwind_Resume_or_Rethrow
                0x08000c2c                ___Unwind_Resume_or_Rethrow
                0x08000c50                _Unwind_ForcedUnwind
                0x08000c50                ___Unwind_ForcedUnwind
                0x08000c74                ___Unwind_Backtrace
                0x08000c74                _Unwind_Backtrace
 .text          0x08000c98        0x4 D:/Tools/arm-none-eabi-13/13.3 rel1/bin/../lib/gcc/arm-none-eabi/13.3.1/thumb/v7e-m+fp/hard\libgcc.a(_dvmd_tls.o)
                0x08000c98                __aeabi_idiv0
                0x08000c98                __aeabi_ldiv0
 *fill*         0x08000c9c        0x4 
 .text          0x08000ca0      0x2e0 D:/Tools/arm-none-eabi-13/13.3 rel1/bin/../lib/gcc/arm-none-eabi/13.3.1/thumb/v7e-m+fp/hard\libg.a(libc_a-strcmp.o)
                0x08000ca0                strcmp
 .text          0x08000f80       0xa0 D:/Tools/arm-none-eabi-13/13.3 rel1/bin/../lib/gcc/arm-none-eabi/13.3.1/thumb/v7e-m+fp/hard\libg.a(libc_a-memchr.o)
                0x08000f80                memchr
 .text          0x08001020      0x134 D:/Tools/arm-none-eabi-13/13.3 rel1/bin/../lib/gcc/arm-none-eabi/13.3.1/thumb/v7e-m+fp/hard\libg.a(libc_a-memcpy.o)
                0x08001020                memcpy
 *fill*         0x08001154       0x2c 
 .text          0x08001180       0xd8 D:/Tools/arm-none-eabi-13/13.3 rel1/bin/../lib/gcc/arm-none-eabi/13.3.1/thumb/v7e-m+fp/hard\libg.a(libc_a-strlen.o)
                0x08001180                strlen
 .text          0x08001258       0x2c D:/Tools/arm-none-eabi-13/13.3 rel1/bin/../lib/gcc/arm-none-eabi/13.3.1/thumb/v7e-m+fp/hard\libgcc.a(_arm_unorddf2.o)
                0x08001258                __unorddf2
                0x08001258                __aeabi_dcmpun
 *(.text*)
 .text.deregister_tm_clones
                0x08001284       0x1c D:/Tools/arm-none-eabi-13/13.3 rel1/bin/../lib/gcc/arm-none-eabi/13.3.1/thumb/v7e-m+fp/hard/crtbegin.o
 .text.register_tm_clones
                0x080012a0       0x24 D:/Tools/arm-none-eabi-13/13.3 rel1/bin/../lib/gcc/arm-none-eabi/13.3.1/thumb/v7e-m+fp/hard/crtbegin.o
 .text.__do_global_dtors_aux
                0x080012c4       0x28 D:/Tools/arm-none-eabi-13/13.3 rel1/bin/../lib/gcc/arm-none-eabi/13.3.1/thumb/v7e-m+fp/hard/crtbegin.o
 .text.frame_dummy
                0x080012ec       0x24 D:/Tools/arm-none-eabi-13/13.3 rel1/bin/../lib/gcc/arm-none-eabi/13.3.1/thumb/v7e-m+fp/hard/crtbegin.o
 .text._ZL9rtos_mainPv
                0x08001310       0x64 CMakeFiles/ctrl.elf.dir/application/main.cpp.obj
 .text._ZN4Ctrl11sampling_cbEv
                0x08001374       0x10 CMakeFiles/ctrl.elf.dir/application/main.cpp.obj
                0x08001374                Ctrl::sampling_cb()
 .text.main     0x08001384       0x54 CMakeFiles/ctrl.elf.dir/application/main.cpp.obj
                0x08001384                main
 .text._ZN4Ctrl15control_loop_cbEv
                0x080013d8       0x80 CMakeFiles/ctrl.elf.dir/application/main.cpp.obj
                0x080013d8                Ctrl::control_loop_cb()
 .text.MX_ADC1_Init
                0x08001458       0x70 CMakeFiles/ctrl.elf.dir/Core/Src/adc.c.obj
                0x08001458                MX_ADC1_Init
 .text.MX_ADC2_Init
                0x080014c8       0xdc CMakeFiles/ctrl.elf.dir/Core/Src/adc.c.obj
                0x080014c8                MX_ADC2_Init
 .text.HAL_ADC_MspInit
                0x080015a4       0xf4 CMakeFiles/ctrl.elf.dir/Core/Src/adc.c.obj
                0x080015a4                HAL_ADC_MspInit
 .text._ZN7DRV8301C2ERKS_
                0x08001698       0x68 CMakeFiles/ctrl.elf.dir/Core/Src/board.cpp.obj
                0x08001698                DRV8301::DRV8301(DRV8301 const&)
                0x08001698                DRV8301::DRV8301(DRV8301 const&)
 .text._ZN10Controller8Config_tC2Ev
                0x08001700       0xf0 CMakeFiles/ctrl.elf.dir/Core/Src/board.cpp.obj
                0x08001700                Controller::Config_t::Config_t()
                0x08001700                Controller::Config_t::Config_t()
 .text._ZN10ControllerC2Ev
                0x080017f0       0xb8 CMakeFiles/ctrl.elf.dir/Core/Src/board.cpp.obj
                0x080017f0                Controller::Controller()
                0x080017f0                Controller::Controller()
 .text._Z41__static_initialization_and_destruction_0v
                0x080018a8      0x11c CMakeFiles/ctrl.elf.dir/Core/Src/board.cpp.obj
 .text._Z11system_initv
                0x080019c4        0xc CMakeFiles/ctrl.elf.dir/Core/Src/board.cpp.obj
                0x080019c4                system_init()
 .text._Z10board_initv
                0x080019d0       0x22 CMakeFiles/ctrl.elf.dir/Core/Src/board.cpp.obj
                0x080019d0                board_init()
 *fill*         0x080019f2        0x2 
 .text._Z12start_timersv
                0x080019f4       0x50 CMakeFiles/ctrl.elf.dir/Core/Src/board.cpp.obj
                0x080019f4                start_timers()
 .text._Z10start_adcsv
                0x08001a44       0x2c CMakeFiles/ctrl.elf.dir/Core/Src/board.cpp.obj
                0x08001a44                start_adcs()
 .text._ZNSt8optionalI9Iph_ABC_tEaSIS0_EENSt9enable_ifIX7__and_vISt6__not_ISt7is_sameIS1_NSt9remove_cvINSt16remove_referenceIT_E4typeEE4typeEEES4_ISt6__and_IJSt9is_scalarIS0_ES5_IS0_NSt5decayIS8_E4typeEEEEESt16is_constructibleIS0_JS8_EESt13is_assignableIRS0_S8_EEERS1_E4typeEOS8_
                0x08001a70       0x1c CMakeFiles/ctrl.elf.dir/Core/Src/board.cpp.obj
                0x08001a70                std::enable_if<__and_v<std::__not_<std::is_same<std::optional<Iph_ABC_t>, std::remove_cv<std::remove_reference<Iph_ABC_t>::type>::type> >, std::__not_<std::__and_<std::is_scalar<Iph_ABC_t>, std::is_same<Iph_ABC_t, std::decay<Iph_ABC_t>::type> > >, std::is_constructible<Iph_ABC_t, Iph_ABC_t>, std::is_assignable<Iph_ABC_t&, Iph_ABC_t> >, std::optional<Iph_ABC_t>&>::type std::optional<Iph_ABC_t>::operator=<Iph_ABC_t>(Iph_ABC_t&&)
 .text._Z20fetch_and_reset_adcsPSt8optionalI9Iph_ABC_tE
                0x08001a8c       0x6c CMakeFiles/ctrl.elf.dir/Core/Src/board.cpp.obj
                0x08001a8c                fetch_and_reset_adcs(std::optional<Iph_ABC_t>*)
 .text.control_loop_irq_handler
                0x08001af8       0x70 CMakeFiles/ctrl.elf.dir/Core/Src/board.cpp.obj
                0x08001af8                control_loop_irq_handler
 .text._GLOBAL__sub_I_led_green
                0x08001b68        0x8 CMakeFiles/ctrl.elf.dir/Core/Src/board.cpp.obj
 .text.MX_DMA_Init
                0x08001b70       0x34 CMakeFiles/ctrl.elf.dir/Core/Src/dma.c.obj
                0x08001b70                MX_DMA_Init
 .text.MX_GPIO_Init
                0x08001ba4       0xec CMakeFiles/ctrl.elf.dir/Core/Src/gpio.c.obj
                0x08001ba4                MX_GPIO_Init
 .text.HAL_TIM_PeriodElapsedCallback
                0x08001c90       0x2c CMakeFiles/ctrl.elf.dir/Core/Src/main.c.obj
                0x08001c90                HAL_TIM_PeriodElapsedCallback
 .text.Error_Handler
                0x08001cbc        0x4 CMakeFiles/ctrl.elf.dir/Core/Src/main.c.obj
                0x08001cbc                Error_Handler
 .text.SystemClock_Config
                0x08001cc0       0xa8 CMakeFiles/ctrl.elf.dir/Core/Src/main.c.obj
                0x08001cc0                SystemClock_Config
 .text.MX_SPI1_Init
                0x08001d68       0x4c CMakeFiles/ctrl.elf.dir/Core/Src/spi.c.obj
                0x08001d68                MX_SPI1_Init
 .text.MX_SPI3_Init
                0x08001db4       0x48 CMakeFiles/ctrl.elf.dir/Core/Src/spi.c.obj
                0x08001db4                MX_SPI3_Init
 .text.HAL_SPI_MspInit
                0x08001dfc       0xc8 CMakeFiles/ctrl.elf.dir/Core/Src/spi.c.obj
                0x08001dfc                HAL_SPI_MspInit
 .text.HAL_MspInit
                0x08001ec4       0x44 CMakeFiles/ctrl.elf.dir/Core/Src/stm32f4xx_hal_msp.c.obj
                0x08001ec4                HAL_MspInit
 .text.HAL_InitTick
                0x08001f08       0xa4 CMakeFiles/ctrl.elf.dir/Core/Src/stm32f4xx_hal_timebase_tim.c.obj
                0x08001f08                HAL_InitTick
 .text.NMI_Handler
                0x08001fac        0x2 CMakeFiles/ctrl.elf.dir/Core/Src/stm32f4xx_it.c.obj
                0x08001fac                NMI_Handler
 .text.HardFault_Handler
                0x08001fae        0x2 CMakeFiles/ctrl.elf.dir/Core/Src/stm32f4xx_it.c.obj
                0x08001fae                HardFault_Handler
 .text.MemManage_Handler
                0x08001fb0        0x2 CMakeFiles/ctrl.elf.dir/Core/Src/stm32f4xx_it.c.obj
                0x08001fb0                MemManage_Handler
 .text.BusFault_Handler
                0x08001fb2        0x2 CMakeFiles/ctrl.elf.dir/Core/Src/stm32f4xx_it.c.obj
                0x08001fb2                BusFault_Handler
 .text.UsageFault_Handler
                0x08001fb4        0x2 CMakeFiles/ctrl.elf.dir/Core/Src/stm32f4xx_it.c.obj
                0x08001fb4                UsageFault_Handler
 .text.DebugMon_Handler
                0x08001fb6        0x2 CMakeFiles/ctrl.elf.dir/Core/Src/stm32f4xx_it.c.obj
                0x08001fb6                DebugMon_Handler
 .text.TIM1_UP_TIM10_IRQHandler
                0x08001fb8       0x10 CMakeFiles/ctrl.elf.dir/Core/Src/stm32f4xx_it.c.obj
                0x08001fb8                TIM1_UP_TIM10_IRQHandler
 .text.TIM6_DAC_IRQHandler
                0x08001fc8       0x10 CMakeFiles/ctrl.elf.dir/Core/Src/stm32f4xx_it.c.obj
                0x08001fc8                TIM6_DAC_IRQHandler
 .text.DMA2_Stream0_IRQHandler
                0x08001fd8       0x10 CMakeFiles/ctrl.elf.dir/Core/Src/stm32f4xx_it.c.obj
                0x08001fd8                DMA2_Stream0_IRQHandler
 .text.OTG_FS_IRQHandler
                0x08001fe8       0x10 CMakeFiles/ctrl.elf.dir/Core/Src/stm32f4xx_it.c.obj
                0x08001fe8                OTG_FS_IRQHandler
 .text._getpid  0x08001ff8        0x4 CMakeFiles/ctrl.elf.dir/Core/Src/syscalls.c.obj
                0x08001ff8                _getpid
 .text._kill    0x08001ffc       0x10 CMakeFiles/ctrl.elf.dir/Core/Src/syscalls.c.obj
                0x08001ffc                _kill
 .text._exit    0x0800200c        0xc CMakeFiles/ctrl.elf.dir/Core/Src/syscalls.c.obj
                0x0800200c                _exit
 .text._read    0x08002018       0x20 CMakeFiles/ctrl.elf.dir/Core/Src/syscalls.c.obj
                0x08002018                _read
 .text._write   0x08002038       0x1c CMakeFiles/ctrl.elf.dir/Core/Src/syscalls.c.obj
                0x08002038                _write
 .text._close   0x08002054        0x6 CMakeFiles/ctrl.elf.dir/Core/Src/syscalls.c.obj
                0x08002054                _close
 .text._fstat   0x0800205a        0xa CMakeFiles/ctrl.elf.dir/Core/Src/syscalls.c.obj
                0x0800205a                _fstat
 .text._isatty  0x08002064        0x4 CMakeFiles/ctrl.elf.dir/Core/Src/syscalls.c.obj
                0x08002064                _isatty
 .text._lseek   0x08002068        0x4 CMakeFiles/ctrl.elf.dir/Core/Src/syscalls.c.obj
                0x08002068                _lseek
 .text._sbrk    0x0800206c       0x48 CMakeFiles/ctrl.elf.dir/Core/Src/sysmem.c.obj
                0x0800206c                _sbrk
 .text.SystemInit
                0x080020b4       0x14 CMakeFiles/ctrl.elf.dir/Core/Src/system_stm32f4xx.c.obj
                0x080020b4                SystemInit
 .text.HAL_TIM_Base_MspInit
                0x080020c8       0x40 CMakeFiles/ctrl.elf.dir/Core/Src/tim.c.obj
                0x080020c8                HAL_TIM_Base_MspInit
 .text.HAL_TIM_MspPostInit
                0x08002108       0x84 CMakeFiles/ctrl.elf.dir/Core/Src/tim.c.obj
                0x08002108                HAL_TIM_MspPostInit
 .text.MX_TIM1_Init
                0x0800218c      0x138 CMakeFiles/ctrl.elf.dir/Core/Src/tim.c.obj
                0x0800218c                MX_TIM1_Init
 .text.Reset_Handler
                0x080022c4       0x50 CMakeFiles/ctrl.elf.dir/Core/Startup/startup_stm32f405rgtx.s.obj
                0x080022c4                Reset_Handler
 .text.Default_Handler
                0x08002314        0x2 CMakeFiles/ctrl.elf.dir/Core/Startup/startup_stm32f405rgtx.s.obj
                0x08002314                RTC_Alarm_IRQHandler
                0x08002314                HASH_RNG_IRQHandler
                0x08002314                EXTI2_IRQHandler
                0x08002314                TIM8_CC_IRQHandler
                0x08002314                TIM1_CC_IRQHandler
                0x08002314                DMA2_Stream5_IRQHandler
                0x08002314                DMA1_Stream5_IRQHandler
                0x08002314                PVD_IRQHandler
                0x08002314                SDIO_IRQHandler
                0x08002314                TAMP_STAMP_IRQHandler
                0x08002314                CAN2_RX1_IRQHandler
                0x08002314                EXTI3_IRQHandler
                0x08002314                TIM8_TRG_COM_TIM14_IRQHandler
                0x08002314                TIM8_UP_TIM13_IRQHandler
                0x08002314                I2C3_ER_IRQHandler
                0x08002314                EXTI0_IRQHandler
                0x08002314                I2C2_EV_IRQHandler
                0x08002314                DMA1_Stream2_IRQHandler
                0x08002314                CAN1_RX0_IRQHandler
                0x08002314                FPU_IRQHandler
                0x08002314                OTG_HS_WKUP_IRQHandler
                0x08002314                CAN2_SCE_IRQHandler
                0x08002314                DMA2_Stream2_IRQHandler
                0x08002314                SPI1_IRQHandler
                0x08002314                TIM1_BRK_TIM9_IRQHandler
                0x08002314                CAN2_RX0_IRQHandler
                0x08002314                DMA2_Stream3_IRQHandler
                0x08002314                USART6_IRQHandler
                0x08002314                USART3_IRQHandler
                0x08002314                CAN1_RX1_IRQHandler
                0x08002314                UART5_IRQHandler
                0x08002314                TIM4_IRQHandler
                0x08002314                I2C1_EV_IRQHandler
                0x08002314                DMA1_Stream6_IRQHandler
                0x08002314                DMA1_Stream1_IRQHandler
                0x08002314                UART4_IRQHandler
                0x08002314                TIM3_IRQHandler
                0x08002314                RCC_IRQHandler
                0x08002314                TIM8_BRK_TIM12_IRQHandler
                0x08002314                Default_Handler
                0x08002314                EXTI15_10_IRQHandler
                0x08002314                ADC_IRQHandler
                0x08002314                DMA1_Stream7_IRQHandler
                0x08002314                TIM7_IRQHandler
                0x08002314                CAN2_TX_IRQHandler
                0x08002314                TIM5_IRQHandler
                0x08002314                DMA2_Stream7_IRQHandler
                0x08002314                I2C3_EV_IRQHandler
                0x08002314                EXTI9_5_IRQHandler
                0x08002314                RTC_WKUP_IRQHandler
                0x08002314                SPI2_IRQHandler
                0x08002314                OTG_HS_EP1_IN_IRQHandler
                0x08002314                DMA1_Stream0_IRQHandler
                0x08002314                CAN1_TX_IRQHandler
                0x08002314                EXTI4_IRQHandler
                0x08002314                FSMC_IRQHandler
                0x08002314                OTG_HS_EP1_OUT_IRQHandler
                0x08002314                WWDG_IRQHandler
                0x08002314                TIM2_IRQHandler
                0x08002314                OTG_FS_WKUP_IRQHandler
                0x08002314                TIM1_TRG_COM_TIM11_IRQHandler
                0x08002314                OTG_HS_IRQHandler
                0x08002314                EXTI1_IRQHandler
                0x08002314                USART2_IRQHandler
                0x08002314                I2C2_ER_IRQHandler
                0x08002314                DMA2_Stream1_IRQHandler
                0x08002314                CAN1_SCE_IRQHandler
                0x08002314                FLASH_IRQHandler
                0x08002314                DMA2_Stream4_IRQHandler
                0x08002314                USART1_IRQHandler
                0x08002314                SPI3_IRQHandler
                0x08002314                DMA1_Stream4_IRQHandler
                0x08002314                I2C1_ER_IRQHandler
                0x08002314                DMA2_Stream6_IRQHandler
                0x08002314                DMA1_Stream3_IRQHandler
 *fill*         0x08002316        0x2 
 .text._ZN18OpenLoopControllerC2Ev
                0x08002318       0x70 CMakeFiles/ctrl.elf.dir/Ctrl/axis.cpp.obj
                0x08002318                OpenLoopController::OpenLoopController()
                0x08002318                OpenLoopController::OpenLoopController()
 .text._ZN4AxisC2ER7EncoderR10ControllerR5Motor
                0x08002388       0x4e CMakeFiles/ctrl.elf.dir/Ctrl/axis.cpp.obj
                0x08002388                Axis::Axis(Encoder&, Controller&, Motor&)
                0x08002388                Axis::Axis(Encoder&, Controller&, Motor&)
 *fill*         0x080023d6        0x2 
 .text._ZN4Axis12start_threadEv
                0x080023d8       0x3c CMakeFiles/ctrl.elf.dir/Ctrl/axis.cpp.obj
                0x080023d8                Axis::start_thread()
 .text._ZN4Axis22run_state_machine_loopEv
                0x08002414        0x8 CMakeFiles/ctrl.elf.dir/Ctrl/axis.cpp.obj
                0x08002414                Axis::run_state_machine_loop()
 .text._ZL30run_state_machine_loop_wrapperPv
                0x0800241c        0x6 CMakeFiles/ctrl.elf.dir/Ctrl/axis.cpp.obj
 .text._ZNKSt18bad_variant_access4whatEv
                0x08002422        0x4 CMakeFiles/ctrl.elf.dir/Ctrl/controller.cpp.obj
                0x08002422                std::bad_variant_access::what() const
 *fill*         0x08002426        0x2 
 .text._ZNSt18bad_variant_accessD2Ev
                0x08002428       0x14 CMakeFiles/ctrl.elf.dir/Ctrl/controller.cpp.obj
                0x08002428                std::bad_variant_access::~bad_variant_access()
                0x08002428                std::bad_variant_access::~bad_variant_access()
 .text._ZNSt18bad_variant_accessD0Ev
                0x0800243c       0x1c CMakeFiles/ctrl.elf.dir/Ctrl/controller.cpp.obj
                0x0800243c                std::bad_variant_access::~bad_variant_access()
 .text._ZSt26__throw_bad_variant_accessPKc
                0x08002458       0x2c CMakeFiles/ctrl.elf.dir/Ctrl/controller.cpp.obj
                0x08002458                std::__throw_bad_variant_access(char const*)
 .text._ZSt26__throw_bad_variant_accessb
                0x08002484       0x18 CMakeFiles/ctrl.elf.dir/Ctrl/controller.cpp.obj
                0x08002484                std::__throw_bad_variant_access(bool)
 .text._ZN9InputPortIfE7presentEv
                0x0800249c       0x50 CMakeFiles/ctrl.elf.dir/Ctrl/controller.cpp.obj
                0x0800249c                InputPort<float>::present()
 .text._ZN7DRV830111set_enabledEb
                0x080024ec        0x4 CMakeFiles/ctrl.elf.dir/Ctrl/drv8301.cpp.obj
                0x080024ec                DRV8301::set_enabled(bool)
 .text._ZN7DRV830112get_midpointEv
                0x080024f0        0xc CMakeFiles/ctrl.elf.dir/Ctrl/drv8301.cpp.obj
                0x080024f0                DRV8301::get_midpoint()
                0x080024f6                non-virtual thunk to DRV8301::get_midpoint()
 .text._ZN7DRV830120get_max_output_swingEv
                0x080024fc       0x14 CMakeFiles/ctrl.elf.dir/Ctrl/drv8301.cpp.obj
                0x080024fc                DRV8301::get_max_output_swing()
                0x08002508                non-virtual thunk to DRV8301::get_max_output_swing()
 .text._ZN7DRV83018is_readyEv
                0x08002510        0xe CMakeFiles/ctrl.elf.dir/Ctrl/drv8301.cpp.obj
                0x08002510                DRV8301::is_ready()
 .text._ZThn4_N7DRV83018is_readyEv
                0x0800251e        0x8 CMakeFiles/ctrl.elf.dir/Ctrl/drv8301.cpp.obj
                0x0800251e                non-virtual thunk to DRV8301::is_ready()
 *fill*         0x08002526        0x2 
 .text._ZN7DRV83018read_regENS_9RegName_eEPt
                0x08002528       0x7c CMakeFiles/ctrl.elf.dir/Ctrl/drv8301.cpp.obj
                0x08002528                DRV8301::read_reg(DRV8301::RegName_e, unsigned short*)
 .text._ZN7DRV83019get_errorEv
                0x080025a4       0x3a CMakeFiles/ctrl.elf.dir/Ctrl/drv8301.cpp.obj
                0x080025a4                DRV8301::get_error()
 *fill*         0x080025de        0x2 
 .text._ZN7DRV83019write_regENS_9RegName_eEt
                0x080025e0       0x38 CMakeFiles/ctrl.elf.dir/Ctrl/drv8301.cpp.obj
                0x080025e0                DRV8301::write_reg(DRV8301::RegName_e, unsigned short)
 .text._ZN7DRV83014initEv
                0x08002618      0x10c CMakeFiles/ctrl.elf.dir/Ctrl/drv8301.cpp.obj
                0x08002618                DRV8301::init()
 .text._ZN7EncoderC2EP9STM32_SPI
                0x08002724       0xa4 CMakeFiles/ctrl.elf.dir/Ctrl/encoder.cpp.obj
                0x08002724                Encoder::Encoder(STM32_SPI*)
                0x08002724                Encoder::Encoder(STM32_SPI*)
 .text._ZN7Encoder16update_pll_gainsEv
                0x080027c8       0x1e CMakeFiles/ctrl.elf.dir/Ctrl/encoder.cpp.obj
                0x080027c8                Encoder::update_pll_gains()
 .text._ZN7Encoder10abs_spi_cbEv
                0x080027e6       0x32 CMakeFiles/ctrl.elf.dir/Ctrl/encoder.cpp.obj
                0x080027e6                Encoder::abs_spi_cb()
 .text._ZN7Encoder25abs_spi_start_transactionEv
                0x08002818       0x4a CMakeFiles/ctrl.elf.dir/Ctrl/encoder.cpp.obj
                0x08002818                Encoder::abs_spi_start_transaction()
 .text._ZN7Encoder10sample_nowEv
                0x08002862       0x26 CMakeFiles/ctrl.elf.dir/Ctrl/encoder.cpp.obj
                0x08002862                Encoder::sample_now()
 .text._ZN7Encoder6updateEv
                0x08002888      0x298 CMakeFiles/ctrl.elf.dir/Ctrl/encoder.cpp.obj
                0x08002888                Encoder::update()
 .text._ZN7Encoder19abs_spi_cs_pin_initEv
                0x08002b20       0x1c CMakeFiles/ctrl.elf.dir/Ctrl/encoder.cpp.obj
                0x08002b20                Encoder::abs_spi_cs_pin_init()
 .text._ZN7Encoder4initEv
                0x08002b3c       0x76 CMakeFiles/ctrl.elf.dir/Ctrl/encoder.cpp.obj
                0x08002b3c                Encoder::init()
 *fill*         0x08002bb2        0x2 
 .text._ZN24AlphaBetaFrameController14on_measurementESt8optionalIfES0_ISt5arrayIfLj3EEE
                0x08002bb4       0x74 CMakeFiles/ctrl.elf.dir/Ctrl/foc.cpp.obj
                0x08002bb4                AlphaBetaFrameController::on_measurement(std::optional<float>, std::optional<std::array<float, 3u> >)
 .text._ZN3FOC5resetEv
                0x08002c28       0x3a CMakeFiles/ctrl.elf.dir/Ctrl/foc.cpp.obj
                0x08002c28                FOC::reset()
 .text._ZN24AlphaBetaFrameController10get_outputERA3_fPSt8optionalIfE
                0x08002c62       0x36 CMakeFiles/ctrl.elf.dir/Ctrl/foc.cpp.obj
                0x08002c62                AlphaBetaFrameController::get_output(float (&) [3], std::optional<float>*)
 .text._ZN3FOC21get_alpha_beta_outputEPSt8optionalISt4pairIffEEPS0_IfE
                0x08002c98      0x2c8 CMakeFiles/ctrl.elf.dir/Ctrl/foc.cpp.obj
                0x08002c98                FOC::get_alpha_beta_output(std::optional<std::pair<float, float> >*, std::optional<float>*)
 .text._ZN9InputPortISt4pairIffEE7presentEv
                0x08002f60       0x66 CMakeFiles/ctrl.elf.dir/Ctrl/foc.cpp.obj
                0x08002f60                InputPort<std::pair<float, float> >::present()
 .text._ZNSt22_Optional_payload_baseISt4pairIffEE14_M_copy_assignERKS2_
                0x08002fc6       0x32 CMakeFiles/ctrl.elf.dir/Ctrl/foc.cpp.obj
                0x08002fc6                std::_Optional_payload_base<std::pair<float, float> >::_M_copy_assign(std::_Optional_payload_base<std::pair<float, float> > const&)
 .text._ZN3FOC14on_measurementESt8optionalIfES0_ISt4pairIffEE
                0x08002ff8       0x36 CMakeFiles/ctrl.elf.dir/Ctrl/foc.cpp.obj
                0x08002ff8                FOC::on_measurement(std::optional<float>, std::optional<std::pair<float, float> >)
 .text._ZNSt22_Optional_payload_baseISt4pairIffEE14_M_move_assignEOS2_
                0x0800302e       0x32 CMakeFiles/ctrl.elf.dir/Ctrl/foc.cpp.obj
                0x0800302e                std::_Optional_payload_base<std::pair<float, float> >::_M_move_assign(std::_Optional_payload_base<std::pair<float, float> >&&)
 .text._ZN3FOC6updateEv
                0x08003060       0x64 CMakeFiles/ctrl.elf.dir/Ctrl/foc.cpp.obj
                0x08003060                FOC::update()
 .text._ZThn4_N3FOC6updateEv
                0x080030c4        0x8 CMakeFiles/ctrl.elf.dir/Ctrl/foc.cpp.obj
                0x080030c4                non-virtual thunk to FOC::update()
 .text.start_adc_pwm
                0x080030cc       0x78 CMakeFiles/ctrl.elf.dir/Ctrl/low_level.cpp.obj
                0x080030cc                start_adc_pwm
 .text.vbus_sense_adc_cb
                0x08003144       0x20 CMakeFiles/ctrl.elf.dir/Ctrl/low_level.cpp.obj
                0x08003144                vbus_sense_adc_cb
 .text._ZN5Motor8Config_tC2Ev
                0x08003164       0x74 CMakeFiles/ctrl.elf.dir/Ctrl/motor.cpp.obj
                0x08003164                Motor::Config_t::Config_t()
                0x08003164                Motor::Config_t::Config_t()
 .text._ZN3FOCC2Ev
                0x080031d8       0x88 CMakeFiles/ctrl.elf.dir/Ctrl/motor.cpp.obj
                0x080031d8                FOC::FOC()
                0x080031d8                FOC::FOC()
 .text._ZN5Motor17apply_pwm_timingsEPtb
                0x08003260       0x12 CMakeFiles/ctrl.elf.dir/Ctrl/motor.cpp.obj
                0x08003260                Motor::apply_pwm_timings(unsigned short*, bool)
 .text._ZN5Motor31update_current_controller_gainsEv
                0x08003272       0x4c CMakeFiles/ctrl.elf.dir/Ctrl/motor.cpp.obj
                0x08003272                Motor::update_current_controller_gains()
 .text._ZN5Motor12apply_configEv
                0x080032be       0x12 CMakeFiles/ctrl.elf.dir/Ctrl/motor.cpp.obj
                0x080032be                Motor::apply_config()
 .text._ZN5MotorC2EP17TIM_HandleTypeDefhf7DRV8301
                0x080032d0       0xc4 CMakeFiles/ctrl.elf.dir/Ctrl/motor.cpp.obj
                0x080032d0                Motor::Motor(TIM_HandleTypeDef*, unsigned char, float, DRV8301)
                0x080032d0                Motor::Motor(TIM_HandleTypeDef*, unsigned char, float, DRV8301)
 .text._ZN5Motor4initEv
                0x08003394       0x40 CMakeFiles/ctrl.elf.dir/Ctrl/motor.cpp.obj
                0x08003394                Motor::init()
 .text._ZN5Motor25phase_current_from_adcvalEm
                0x080033d4       0x44 CMakeFiles/ctrl.elf.dir/Ctrl/motor.cpp.obj
                0x080033d4                Motor::phase_current_from_adcval(unsigned long)
 .text._ZN5Motor11dc_calib_cbESt8optionalI9Iph_ABC_tE
                0x08003418       0xb0 CMakeFiles/ctrl.elf.dir/Ctrl/motor.cpp.obj
                0x08003418                Motor::dc_calib_cb(std::optional<Iph_ABC_t>)
 .text._ZN5Motor13pwm_update_cbEv
                0x080034c8       0xc8 CMakeFiles/ctrl.elf.dir/Ctrl/motor.cpp.obj
                0x080034c8                Motor::pwm_update_cb()
 .text._ZN5Motor15current_meas_cbESt8optionalI9Iph_ABC_tE
                0x08003590      0x158 CMakeFiles/ctrl.elf.dir/Ctrl/motor.cpp.obj
                0x08003590                Motor::current_meas_cb(std::optional<Iph_ABC_t>)
 .text._ZN5Motor6updateEv
                0x080036e8      0x1b4 CMakeFiles/ctrl.elf.dir/Ctrl/motor.cpp.obj
                0x080036e8                Motor::update()
 .text._ZN18OpenLoopController6updateEv
                0x0800389c      0x2b0 CMakeFiles/ctrl.elf.dir/Ctrl/open_loop_controller.cpp.obj
                0x0800389c                OpenLoopController::update()
 .text._Z3modii
                0x08003b4c       0x12 CMakeFiles/ctrl.elf.dir/Ctrl/utils.cpp.obj
                0x08003b4c                mod(int, int)
 *fill*         0x08003b5e        0x2 
 .text._Z6microsv
                0x08003b60       0x24 CMakeFiles/ctrl.elf.dir/Ctrl/utils.cpp.obj
                0x08003b60                micros()
 .text._Z8delay_usm
                0x08003b84       0x1a CMakeFiles/ctrl.elf.dir/Ctrl/utils.cpp.obj
                0x08003b84                delay_us(unsigned long)
 *fill*         0x08003b9e        0x2 
 .text._Z3SVMff
                0x08003ba0      0x1fc CMakeFiles/ctrl.elf.dir/Ctrl/utils.cpp.obj
                0x08003ba0                SVM(float, float)
 .text.HAL_Init
                0x08003d9c       0x34 CMakeFiles/ctrl.elf.dir/Drivers/STM32F4xx_HAL_Driver/Src/stm32f4xx_hal.c.obj
                0x08003d9c                HAL_Init
 .text.HAL_IncTick
                0x08003dd0       0x18 CMakeFiles/ctrl.elf.dir/Drivers/STM32F4xx_HAL_Driver/Src/stm32f4xx_hal.c.obj
                0x08003dd0                HAL_IncTick
 .text.HAL_GetTick
                0x08003de8        0xc CMakeFiles/ctrl.elf.dir/Drivers/STM32F4xx_HAL_Driver/Src/stm32f4xx_hal.c.obj
                0x08003de8                HAL_GetTick
 .text.HAL_Delay
                0x08003df4       0x28 CMakeFiles/ctrl.elf.dir/Drivers/STM32F4xx_HAL_Driver/Src/stm32f4xx_hal.c.obj
                0x08003df4                HAL_Delay
 .text.ADC_Init
                0x08003e1c      0x134 CMakeFiles/ctrl.elf.dir/Drivers/STM32F4xx_HAL_Driver/Src/stm32f4xx_hal_adc.c.obj
 .text.HAL_ADC_Init
                0x08003f50       0x56 CMakeFiles/ctrl.elf.dir/Drivers/STM32F4xx_HAL_Driver/Src/stm32f4xx_hal_adc.c.obj
                0x08003f50                HAL_ADC_Init
 *fill*         0x08003fa6        0x2 
 .text.HAL_ADC_Start_DMA
                0x08003fa8      0x19c CMakeFiles/ctrl.elf.dir/Drivers/STM32F4xx_HAL_Driver/Src/stm32f4xx_hal_adc.c.obj
                0x08003fa8                HAL_ADC_Start_DMA
 .text.HAL_ADC_ConvCpltCallback
                0x08004144        0x2 CMakeFiles/ctrl.elf.dir/Drivers/STM32F4xx_HAL_Driver/Src/stm32f4xx_hal_adc.c.obj
                0x08004144                HAL_ADC_ConvCpltCallback
 .text.HAL_ADC_ConvHalfCpltCallback
                0x08004146        0x2 CMakeFiles/ctrl.elf.dir/Drivers/STM32F4xx_HAL_Driver/Src/stm32f4xx_hal_adc.c.obj
                0x08004146                HAL_ADC_ConvHalfCpltCallback
 .text.ADC_DMAHalfConvCplt
                0x08004148        0xa CMakeFiles/ctrl.elf.dir/Drivers/STM32F4xx_HAL_Driver/Src/stm32f4xx_hal_adc.c.obj
 .text.HAL_ADC_ErrorCallback
                0x08004152        0x2 CMakeFiles/ctrl.elf.dir/Drivers/STM32F4xx_HAL_Driver/Src/stm32f4xx_hal_adc.c.obj
                0x08004152                HAL_ADC_ErrorCallback
 .text.ADC_DMAError
                0x08004154       0x16 CMakeFiles/ctrl.elf.dir/Drivers/STM32F4xx_HAL_Driver/Src/stm32f4xx_hal_adc.c.obj
 .text.ADC_DMAConvCplt
                0x0800416a       0x72 CMakeFiles/ctrl.elf.dir/Drivers/STM32F4xx_HAL_Driver/Src/stm32f4xx_hal_adc.c.obj
 .text.HAL_ADC_ConfigChannel
                0x080041dc      0x194 CMakeFiles/ctrl.elf.dir/Drivers/STM32F4xx_HAL_Driver/Src/stm32f4xx_hal_adc.c.obj
                0x080041dc                HAL_ADC_ConfigChannel
 .text.HAL_ADCEx_InjectedStart
                0x08004370      0x104 CMakeFiles/ctrl.elf.dir/Drivers/STM32F4xx_HAL_Driver/Src/stm32f4xx_hal_adc_ex.c.obj
                0x08004370                HAL_ADCEx_InjectedStart
 .text.HAL_ADCEx_InjectedConfigChannel
                0x08004474      0x200 CMakeFiles/ctrl.elf.dir/Drivers/STM32F4xx_HAL_Driver/Src/stm32f4xx_hal_adc_ex.c.obj
                0x08004474                HAL_ADCEx_InjectedConfigChannel
 .text.__NVIC_EnableIRQ
                0x08004674       0x1c CMakeFiles/ctrl.elf.dir/Drivers/STM32F4xx_HAL_Driver/Src/stm32f4xx_hal_cortex.c.obj
 .text.__NVIC_SetPriority
                0x08004690       0x28 CMakeFiles/ctrl.elf.dir/Drivers/STM32F4xx_HAL_Driver/Src/stm32f4xx_hal_cortex.c.obj
 .text.NVIC_EncodePriority
                0x080046b8       0x3e CMakeFiles/ctrl.elf.dir/Drivers/STM32F4xx_HAL_Driver/Src/stm32f4xx_hal_cortex.c.obj
 *fill*         0x080046f6        0x2 
 .text.HAL_NVIC_SetPriorityGrouping
                0x080046f8       0x24 CMakeFiles/ctrl.elf.dir/Drivers/STM32F4xx_HAL_Driver/Src/stm32f4xx_hal_cortex.c.obj
                0x080046f8                HAL_NVIC_SetPriorityGrouping
 .text.HAL_NVIC_SetPriority
                0x0800471c       0x20 CMakeFiles/ctrl.elf.dir/Drivers/STM32F4xx_HAL_Driver/Src/stm32f4xx_hal_cortex.c.obj
                0x0800471c                HAL_NVIC_SetPriority
 .text.HAL_NVIC_EnableIRQ
                0x0800473c        0x8 CMakeFiles/ctrl.elf.dir/Drivers/STM32F4xx_HAL_Driver/Src/stm32f4xx_hal_cortex.c.obj
                0x0800473c                HAL_NVIC_EnableIRQ
 .text.DMA_SetConfig
                0x08004744       0x2c CMakeFiles/ctrl.elf.dir/Drivers/STM32F4xx_HAL_Driver/Src/stm32f4xx_hal_dma.c.obj
 .text.DMA_CalcBaseAndBitshift
                0x08004770       0x3c CMakeFiles/ctrl.elf.dir/Drivers/STM32F4xx_HAL_Driver/Src/stm32f4xx_hal_dma.c.obj
 .text.DMA_CheckFifoParam
                0x080047ac       0x8e CMakeFiles/ctrl.elf.dir/Drivers/STM32F4xx_HAL_Driver/Src/stm32f4xx_hal_dma.c.obj
 *fill*         0x0800483a        0x2 
 .text.HAL_DMA_Init
                0x0800483c       0xcc CMakeFiles/ctrl.elf.dir/Drivers/STM32F4xx_HAL_Driver/Src/stm32f4xx_hal_dma.c.obj
                0x0800483c                HAL_DMA_Init
 .text.HAL_DMA_Start_IT
                0x08004908       0x6a CMakeFiles/ctrl.elf.dir/Drivers/STM32F4xx_HAL_Driver/Src/stm32f4xx_hal_dma.c.obj
                0x08004908                HAL_DMA_Start_IT
 *fill*         0x08004972        0x2 
 .text.HAL_DMA_IRQHandler
                0x08004974      0x1dc CMakeFiles/ctrl.elf.dir/Drivers/STM32F4xx_HAL_Driver/Src/stm32f4xx_hal_dma.c.obj
                0x08004974                HAL_DMA_IRQHandler
 .text.HAL_GPIO_Init
                0x08004b50      0x1ec CMakeFiles/ctrl.elf.dir/Drivers/STM32F4xx_HAL_Driver/Src/stm32f4xx_hal_gpio.c.obj
                0x08004b50                HAL_GPIO_Init
 .text.HAL_GPIO_WritePin
                0x08004d3c        0xc CMakeFiles/ctrl.elf.dir/Drivers/STM32F4xx_HAL_Driver/Src/stm32f4xx_hal_gpio.c.obj
                0x08004d3c                HAL_GPIO_WritePin
 .text.HAL_GPIO_TogglePin
                0x08004d48       0x12 CMakeFiles/ctrl.elf.dir/Drivers/STM32F4xx_HAL_Driver/Src/stm32f4xx_hal_gpio.c.obj
                0x08004d48                HAL_GPIO_TogglePin
 .text.PCD_WriteEmptyTxFifo
                0x08004d5a       0xd0 CMakeFiles/ctrl.elf.dir/Drivers/STM32F4xx_HAL_Driver/Src/stm32f4xx_hal_pcd.c.obj
 .text.HAL_PCD_Init
                0x08004e2a      0x102 CMakeFiles/ctrl.elf.dir/Drivers/STM32F4xx_HAL_Driver/Src/stm32f4xx_hal_pcd.c.obj
                0x08004e2a                HAL_PCD_Init
 .text.HAL_PCD_Start
                0x08004f2c       0x44 CMakeFiles/ctrl.elf.dir/Drivers/STM32F4xx_HAL_Driver/Src/stm32f4xx_hal_pcd.c.obj
                0x08004f2c                HAL_PCD_Start
 .text.PCD_EP_OutXfrComplete_int
                0x08004f70      0x104 CMakeFiles/ctrl.elf.dir/Drivers/STM32F4xx_HAL_Driver/Src/stm32f4xx_hal_pcd.c.obj
 .text.PCD_EP_OutSetupPacket_int
                0x08005074       0x50 CMakeFiles/ctrl.elf.dir/Drivers/STM32F4xx_HAL_Driver/Src/stm32f4xx_hal_pcd.c.obj
 .text.HAL_PCD_SetAddress
                0x080050c4       0x26 CMakeFiles/ctrl.elf.dir/Drivers/STM32F4xx_HAL_Driver/Src/stm32f4xx_hal_pcd.c.obj
                0x080050c4                HAL_PCD_SetAddress
 .text.HAL_PCD_EP_Open
                0x080050ea       0x8c CMakeFiles/ctrl.elf.dir/Drivers/STM32F4xx_HAL_Driver/Src/stm32f4xx_hal_pcd.c.obj
                0x080050ea                HAL_PCD_EP_Open
 .text.HAL_PCD_EP_Close
                0x08005176       0x70 CMakeFiles/ctrl.elf.dir/Drivers/STM32F4xx_HAL_Driver/Src/stm32f4xx_hal_pcd.c.obj
                0x08005176                HAL_PCD_EP_Close
 .text.HAL_PCD_EP_Receive
                0x080051e6       0x4a CMakeFiles/ctrl.elf.dir/Drivers/STM32F4xx_HAL_Driver/Src/stm32f4xx_hal_pcd.c.obj
                0x080051e6                HAL_PCD_EP_Receive
 .text.HAL_PCD_EP_GetRxCount
                0x08005230       0x12 CMakeFiles/ctrl.elf.dir/Drivers/STM32F4xx_HAL_Driver/Src/stm32f4xx_hal_pcd.c.obj
                0x08005230                HAL_PCD_EP_GetRxCount
 .text.HAL_PCD_EP_Transmit
                0x08005242       0x4a CMakeFiles/ctrl.elf.dir/Drivers/STM32F4xx_HAL_Driver/Src/stm32f4xx_hal_pcd.c.obj
                0x08005242                HAL_PCD_EP_Transmit
 .text.HAL_PCD_EP_SetStall
                0x0800528c       0x86 CMakeFiles/ctrl.elf.dir/Drivers/STM32F4xx_HAL_Driver/Src/stm32f4xx_hal_pcd.c.obj
                0x0800528c                HAL_PCD_EP_SetStall
 .text.HAL_PCD_EP_ClrStall
                0x08005312       0x74 CMakeFiles/ctrl.elf.dir/Drivers/STM32F4xx_HAL_Driver/Src/stm32f4xx_hal_pcd.c.obj
                0x08005312                HAL_PCD_EP_ClrStall
 .text.HAL_PCD_EP_Abort
                0x08005386       0x34 CMakeFiles/ctrl.elf.dir/Drivers/STM32F4xx_HAL_Driver/Src/stm32f4xx_hal_pcd.c.obj
                0x08005386                HAL_PCD_EP_Abort
 .text.HAL_PCD_IRQHandler
                0x080053ba      0x5c0 CMakeFiles/ctrl.elf.dir/Drivers/STM32F4xx_HAL_Driver/Src/stm32f4xx_hal_pcd.c.obj
                0x080053ba                HAL_PCD_IRQHandler
 .text.HAL_PCDEx_SetTxFiFo
                0x0800597a       0x4c CMakeFiles/ctrl.elf.dir/Drivers/STM32F4xx_HAL_Driver/Src/stm32f4xx_hal_pcd_ex.c.obj
                0x0800597a                HAL_PCDEx_SetTxFiFo
 .text.HAL_PCDEx_SetRxFiFo
                0x080059c6        0x8 CMakeFiles/ctrl.elf.dir/Drivers/STM32F4xx_HAL_Driver/Src/stm32f4xx_hal_pcd_ex.c.obj
                0x080059c6                HAL_PCDEx_SetRxFiFo
 .text.HAL_PCDEx_LPM_Callback
                0x080059ce        0x2 CMakeFiles/ctrl.elf.dir/Drivers/STM32F4xx_HAL_Driver/Src/stm32f4xx_hal_pcd_ex.c.obj
                0x080059ce                HAL_PCDEx_LPM_Callback
 .text.HAL_RCC_OscConfig
                0x080059d0      0x3f8 CMakeFiles/ctrl.elf.dir/Drivers/STM32F4xx_HAL_Driver/Src/stm32f4xx_hal_rcc.c.obj
                0x080059d0                HAL_RCC_OscConfig
 .text.HAL_RCC_GetSysClockFreq
                0x08005dc8       0xdc CMakeFiles/ctrl.elf.dir/Drivers/STM32F4xx_HAL_Driver/Src/stm32f4xx_hal_rcc.c.obj
                0x08005dc8                HAL_RCC_GetSysClockFreq
 .text.HAL_RCC_ClockConfig
                0x08005ea4      0x160 CMakeFiles/ctrl.elf.dir/Drivers/STM32F4xx_HAL_Driver/Src/stm32f4xx_hal_rcc.c.obj
                0x08005ea4                HAL_RCC_ClockConfig
 .text.HAL_RCC_GetHCLKFreq
                0x08006004        0xc CMakeFiles/ctrl.elf.dir/Drivers/STM32F4xx_HAL_Driver/Src/stm32f4xx_hal_rcc.c.obj
                0x08006004                HAL_RCC_GetHCLKFreq
 .text.HAL_RCC_GetPCLK1Freq
                0x08006010       0x20 CMakeFiles/ctrl.elf.dir/Drivers/STM32F4xx_HAL_Driver/Src/stm32f4xx_hal_rcc.c.obj
                0x08006010                HAL_RCC_GetPCLK1Freq
 .text.HAL_RCC_GetClockConfig
                0x08006030       0x3c CMakeFiles/ctrl.elf.dir/Drivers/STM32F4xx_HAL_Driver/Src/stm32f4xx_hal_rcc.c.obj
                0x08006030                HAL_RCC_GetClockConfig
 .text.SPI_WaitFlagStateUntilTimeout
                0x0800606c       0xc8 CMakeFiles/ctrl.elf.dir/Drivers/STM32F4xx_HAL_Driver/Src/stm32f4xx_hal_spi.c.obj
 .text.SPI_EndRxTxTransaction
                0x08006134       0x80 CMakeFiles/ctrl.elf.dir/Drivers/STM32F4xx_HAL_Driver/Src/stm32f4xx_hal_spi.c.obj
 .text.SPI_EndRxTransaction
                0x080061b4       0x8c CMakeFiles/ctrl.elf.dir/Drivers/STM32F4xx_HAL_Driver/Src/stm32f4xx_hal_spi.c.obj
 .text.HAL_SPI_Init
                0x08006240       0xbe CMakeFiles/ctrl.elf.dir/Drivers/STM32F4xx_HAL_Driver/Src/stm32f4xx_hal_spi.c.obj
                0x08006240                HAL_SPI_Init
 .text.HAL_SPI_Transmit
                0x080062fe      0x1c4 CMakeFiles/ctrl.elf.dir/Drivers/STM32F4xx_HAL_Driver/Src/stm32f4xx_hal_spi.c.obj
                0x080062fe                HAL_SPI_Transmit
 .text.HAL_SPI_TransmitReceive
                0x080064c2      0x254 CMakeFiles/ctrl.elf.dir/Drivers/STM32F4xx_HAL_Driver/Src/stm32f4xx_hal_spi.c.obj
                0x080064c2                HAL_SPI_TransmitReceive
 .text.HAL_SPI_Receive
                0x08006716      0x188 CMakeFiles/ctrl.elf.dir/Drivers/STM32F4xx_HAL_Driver/Src/stm32f4xx_hal_spi.c.obj
                0x08006716                HAL_SPI_Receive
 *fill*         0x0800689e        0x2 
 .text.TIM_OC1_SetConfig
                0x080068a0       0x70 CMakeFiles/ctrl.elf.dir/Drivers/STM32F4xx_HAL_Driver/Src/stm32f4xx_hal_tim.c.obj
 .text.TIM_OC3_SetConfig
                0x08006910       0x70 CMakeFiles/ctrl.elf.dir/Drivers/STM32F4xx_HAL_Driver/Src/stm32f4xx_hal_tim.c.obj
 .text.TIM_OC4_SetConfig
                0x08006980       0x50 CMakeFiles/ctrl.elf.dir/Drivers/STM32F4xx_HAL_Driver/Src/stm32f4xx_hal_tim.c.obj
 .text.TIM_TI1_ConfigInputStage
                0x080069d0       0x26 CMakeFiles/ctrl.elf.dir/Drivers/STM32F4xx_HAL_Driver/Src/stm32f4xx_hal_tim.c.obj
 .text.TIM_TI2_ConfigInputStage
                0x080069f6       0x28 CMakeFiles/ctrl.elf.dir/Drivers/STM32F4xx_HAL_Driver/Src/stm32f4xx_hal_tim.c.obj
 .text.TIM_ITRx_SetConfig
                0x08006a1e       0x10 CMakeFiles/ctrl.elf.dir/Drivers/STM32F4xx_HAL_Driver/Src/stm32f4xx_hal_tim.c.obj
 *fill*         0x08006a2e        0x2 
 .text.HAL_TIM_Base_Start_IT
                0x08006a30       0x88 CMakeFiles/ctrl.elf.dir/Drivers/STM32F4xx_HAL_Driver/Src/stm32f4xx_hal_tim.c.obj
                0x08006a30                HAL_TIM_Base_Start_IT
 .text.HAL_TIM_PWM_MspInit
                0x08006ab8        0x2 CMakeFiles/ctrl.elf.dir/Drivers/STM32F4xx_HAL_Driver/Src/stm32f4xx_hal_tim.c.obj
                0x08006ab8                HAL_TIM_PWM_MspInit
 .text.HAL_TIM_OC_DelayElapsedCallback
                0x08006aba        0x2 CMakeFiles/ctrl.elf.dir/Drivers/STM32F4xx_HAL_Driver/Src/stm32f4xx_hal_tim.c.obj
                0x08006aba                HAL_TIM_OC_DelayElapsedCallback
 .text.HAL_TIM_IC_CaptureCallback
                0x08006abc        0x2 CMakeFiles/ctrl.elf.dir/Drivers/STM32F4xx_HAL_Driver/Src/stm32f4xx_hal_tim.c.obj
                0x08006abc                HAL_TIM_IC_CaptureCallback
 .text.HAL_TIM_PWM_PulseFinishedCallback
                0x08006abe        0x2 CMakeFiles/ctrl.elf.dir/Drivers/STM32F4xx_HAL_Driver/Src/stm32f4xx_hal_tim.c.obj
                0x08006abe                HAL_TIM_PWM_PulseFinishedCallback
 .text.HAL_TIM_TriggerCallback
                0x08006ac0        0x2 CMakeFiles/ctrl.elf.dir/Drivers/STM32F4xx_HAL_Driver/Src/stm32f4xx_hal_tim.c.obj
                0x08006ac0                HAL_TIM_TriggerCallback
 .text.HAL_TIM_IRQHandler
                0x08006ac2      0x15e CMakeFiles/ctrl.elf.dir/Drivers/STM32F4xx_HAL_Driver/Src/stm32f4xx_hal_tim.c.obj
                0x08006ac2                HAL_TIM_IRQHandler
 .text.TIM_Base_SetConfig
                0x08006c20       0xd8 CMakeFiles/ctrl.elf.dir/Drivers/STM32F4xx_HAL_Driver/Src/stm32f4xx_hal_tim.c.obj
                0x08006c20                TIM_Base_SetConfig
 .text.HAL_TIM_Base_Init
                0x08006cf8       0x58 CMakeFiles/ctrl.elf.dir/Drivers/STM32F4xx_HAL_Driver/Src/stm32f4xx_hal_tim.c.obj
                0x08006cf8                HAL_TIM_Base_Init
 .text.HAL_TIM_PWM_Init
                0x08006d50       0x58 CMakeFiles/ctrl.elf.dir/Drivers/STM32F4xx_HAL_Driver/Src/stm32f4xx_hal_tim.c.obj
                0x08006d50                HAL_TIM_PWM_Init
 .text.TIM_OC2_SetConfig
                0x08006da8       0x70 CMakeFiles/ctrl.elf.dir/Drivers/STM32F4xx_HAL_Driver/Src/stm32f4xx_hal_tim.c.obj
                0x08006da8                TIM_OC2_SetConfig
 .text.HAL_TIM_PWM_ConfigChannel
                0x08006e18       0xdc CMakeFiles/ctrl.elf.dir/Drivers/STM32F4xx_HAL_Driver/Src/stm32f4xx_hal_tim.c.obj
                0x08006e18                HAL_TIM_PWM_ConfigChannel
 .text.TIM_ETR_SetConfig
                0x08006ef4       0x1a CMakeFiles/ctrl.elf.dir/Drivers/STM32F4xx_HAL_Driver/Src/stm32f4xx_hal_tim.c.obj
                0x08006ef4                TIM_ETR_SetConfig
 .text.HAL_TIM_ConfigClockSource
                0x08006f0e       0xfe CMakeFiles/ctrl.elf.dir/Drivers/STM32F4xx_HAL_Driver/Src/stm32f4xx_hal_tim.c.obj
                0x08006f0e                HAL_TIM_ConfigClockSource
 .text.TIM_CCxChannelCmd
                0x0800700c       0x1e CMakeFiles/ctrl.elf.dir/Drivers/STM32F4xx_HAL_Driver/Src/stm32f4xx_hal_tim.c.obj
                0x0800700c                TIM_CCxChannelCmd
 *fill*         0x0800702a        0x2 
 .text.HAL_TIM_PWM_Start
                0x0800702c      0x104 CMakeFiles/ctrl.elf.dir/Drivers/STM32F4xx_HAL_Driver/Src/stm32f4xx_hal_tim.c.obj
                0x0800702c                HAL_TIM_PWM_Start
 .text.TIM_CCxNChannelCmd
                0x08007130       0x1e CMakeFiles/ctrl.elf.dir/Drivers/STM32F4xx_HAL_Driver/Src/stm32f4xx_hal_tim_ex.c.obj
 *fill*         0x0800714e        0x2 
 .text.HAL_TIMEx_PWMN_Start
                0x08007150       0xf8 CMakeFiles/ctrl.elf.dir/Drivers/STM32F4xx_HAL_Driver/Src/stm32f4xx_hal_tim_ex.c.obj
                0x08007150                HAL_TIMEx_PWMN_Start
 .text.HAL_TIMEx_MasterConfigSynchronization
                0x08007248       0x8c CMakeFiles/ctrl.elf.dir/Drivers/STM32F4xx_HAL_Driver/Src/stm32f4xx_hal_tim_ex.c.obj
                0x08007248                HAL_TIMEx_MasterConfigSynchronization
 .text.HAL_TIMEx_ConfigBreakDeadTime
                0x080072d4       0x52 CMakeFiles/ctrl.elf.dir/Drivers/STM32F4xx_HAL_Driver/Src/stm32f4xx_hal_tim_ex.c.obj
                0x080072d4                HAL_TIMEx_ConfigBreakDeadTime
 .text.HAL_TIMEx_CommutCallback
                0x08007326        0x2 CMakeFiles/ctrl.elf.dir/Drivers/STM32F4xx_HAL_Driver/Src/stm32f4xx_hal_tim_ex.c.obj
                0x08007326                HAL_TIMEx_CommutCallback
 .text.HAL_TIMEx_BreakCallback
                0x08007328        0x2 CMakeFiles/ctrl.elf.dir/Drivers/STM32F4xx_HAL_Driver/Src/stm32f4xx_hal_tim_ex.c.obj
                0x08007328                HAL_TIMEx_BreakCallback
 .text.USB_CoreReset
                0x0800732a       0x4a CMakeFiles/ctrl.elf.dir/Drivers/STM32F4xx_HAL_Driver/Src/stm32f4xx_ll_usb.c.obj
 .text.USB_CoreInit
                0x08007374       0x92 CMakeFiles/ctrl.elf.dir/Drivers/STM32F4xx_HAL_Driver/Src/stm32f4xx_ll_usb.c.obj
                0x08007374                USB_CoreInit
 *fill*         0x08007406        0x2 
 .text.USB_SetTurnaroundTime
                0x08007408       0xe4 CMakeFiles/ctrl.elf.dir/Drivers/STM32F4xx_HAL_Driver/Src/stm32f4xx_ll_usb.c.obj
                0x08007408                USB_SetTurnaroundTime
 .text.USB_EnableGlobalInt
                0x080074ec        0xc CMakeFiles/ctrl.elf.dir/Drivers/STM32F4xx_HAL_Driver/Src/stm32f4xx_ll_usb.c.obj
                0x080074ec                USB_EnableGlobalInt
 .text.USB_DisableGlobalInt
                0x080074f8        0xc CMakeFiles/ctrl.elf.dir/Drivers/STM32F4xx_HAL_Driver/Src/stm32f4xx_ll_usb.c.obj
                0x080074f8                USB_DisableGlobalInt
 .text.USB_FlushTxFifo
                0x08007504       0x4a CMakeFiles/ctrl.elf.dir/Drivers/STM32F4xx_HAL_Driver/Src/stm32f4xx_ll_usb.c.obj
                0x08007504                USB_FlushTxFifo
 .text.USB_FlushRxFifo
                0x0800754e       0x46 CMakeFiles/ctrl.elf.dir/Drivers/STM32F4xx_HAL_Driver/Src/stm32f4xx_ll_usb.c.obj
                0x0800754e                USB_FlushRxFifo
 .text.USB_SetDevSpeed
                0x08007594        0xe CMakeFiles/ctrl.elf.dir/Drivers/STM32F4xx_HAL_Driver/Src/stm32f4xx_ll_usb.c.obj
                0x08007594                USB_SetDevSpeed
 *fill*         0x080075a2        0x2 
 .text.USB_DevInit
                0x080075a4      0x194 CMakeFiles/ctrl.elf.dir/Drivers/STM32F4xx_HAL_Driver/Src/stm32f4xx_ll_usb.c.obj
                0x080075a4                USB_DevInit
 .text.USB_GetDevSpeed
                0x08007738       0x22 CMakeFiles/ctrl.elf.dir/Drivers/STM32F4xx_HAL_Driver/Src/stm32f4xx_ll_usb.c.obj
                0x08007738                USB_GetDevSpeed
 .text.USB_ActivateEndpoint
                0x0800775a       0x9a CMakeFiles/ctrl.elf.dir/Drivers/STM32F4xx_HAL_Driver/Src/stm32f4xx_ll_usb.c.obj
                0x0800775a                USB_ActivateEndpoint
 .text.USB_DeactivateEndpoint
                0x080077f4       0xe0 CMakeFiles/ctrl.elf.dir/Drivers/STM32F4xx_HAL_Driver/Src/stm32f4xx_ll_usb.c.obj
                0x080077f4                USB_DeactivateEndpoint
 .text.USB_EPStopXfer
                0x080078d4       0xbe CMakeFiles/ctrl.elf.dir/Drivers/STM32F4xx_HAL_Driver/Src/stm32f4xx_ll_usb.c.obj
                0x080078d4                USB_EPStopXfer
 .text.USB_WritePacket
                0x08007992       0x2e CMakeFiles/ctrl.elf.dir/Drivers/STM32F4xx_HAL_Driver/Src/stm32f4xx_ll_usb.c.obj
                0x08007992                USB_WritePacket
 .text.USB_EPStartXfer
                0x080079c0      0x244 CMakeFiles/ctrl.elf.dir/Drivers/STM32F4xx_HAL_Driver/Src/stm32f4xx_ll_usb.c.obj
                0x080079c0                USB_EPStartXfer
 .text.USB_ReadPacket
                0x08007c04       0x46 CMakeFiles/ctrl.elf.dir/Drivers/STM32F4xx_HAL_Driver/Src/stm32f4xx_ll_usb.c.obj
                0x08007c04                USB_ReadPacket
 .text.USB_EPSetStall
                0x08007c4a       0x5a CMakeFiles/ctrl.elf.dir/Drivers/STM32F4xx_HAL_Driver/Src/stm32f4xx_ll_usb.c.obj
                0x08007c4a                USB_EPSetStall
 .text.USB_EPClearStall
                0x08007ca4       0x5c CMakeFiles/ctrl.elf.dir/Drivers/STM32F4xx_HAL_Driver/Src/stm32f4xx_ll_usb.c.obj
                0x08007ca4                USB_EPClearStall
 .text.USB_SetDevAddress
                0x08007d00       0x20 CMakeFiles/ctrl.elf.dir/Drivers/STM32F4xx_HAL_Driver/Src/stm32f4xx_ll_usb.c.obj
                0x08007d00                USB_SetDevAddress
 .text.USB_DevConnect
                0x08007d20       0x1c CMakeFiles/ctrl.elf.dir/Drivers/STM32F4xx_HAL_Driver/Src/stm32f4xx_ll_usb.c.obj
                0x08007d20                USB_DevConnect
 .text.USB_DevDisconnect
                0x08007d3c       0x1c CMakeFiles/ctrl.elf.dir/Drivers/STM32F4xx_HAL_Driver/Src/stm32f4xx_ll_usb.c.obj
                0x08007d3c                USB_DevDisconnect
 .text.USB_ReadInterrupts
                0x08007d58        0x8 CMakeFiles/ctrl.elf.dir/Drivers/STM32F4xx_HAL_Driver/Src/stm32f4xx_ll_usb.c.obj
                0x08007d58                USB_ReadInterrupts
 .text.USB_ReadDevAllOutEpInterrupt
                0x08007d60       0x10 CMakeFiles/ctrl.elf.dir/Drivers/STM32F4xx_HAL_Driver/Src/stm32f4xx_ll_usb.c.obj
                0x08007d60                USB_ReadDevAllOutEpInterrupt
 .text.USB_ReadDevAllInEpInterrupt
                0x08007d70       0x10 CMakeFiles/ctrl.elf.dir/Drivers/STM32F4xx_HAL_Driver/Src/stm32f4xx_ll_usb.c.obj
                0x08007d70                USB_ReadDevAllInEpInterrupt
 .text.USB_ReadDevOutEPInterrupt
                0x08007d80       0x12 CMakeFiles/ctrl.elf.dir/Drivers/STM32F4xx_HAL_Driver/Src/stm32f4xx_ll_usb.c.obj
                0x08007d80                USB_ReadDevOutEPInterrupt
 .text.USB_ReadDevInEPInterrupt
                0x08007d92       0x24 CMakeFiles/ctrl.elf.dir/Drivers/STM32F4xx_HAL_Driver/Src/stm32f4xx_ll_usb.c.obj
                0x08007d92                USB_ReadDevInEPInterrupt
 .text.USB_GetMode
                0x08007db6        0x8 CMakeFiles/ctrl.elf.dir/Drivers/STM32F4xx_HAL_Driver/Src/stm32f4xx_ll_usb.c.obj
                0x08007db6                USB_GetMode
 .text.USB_SetCurrentMode
                0x08007dbe       0x62 CMakeFiles/ctrl.elf.dir/Drivers/STM32F4xx_HAL_Driver/Src/stm32f4xx_ll_usb.c.obj
                0x08007dbe                USB_SetCurrentMode
 .text.USB_ActivateSetup
                0x08007e20       0x1c CMakeFiles/ctrl.elf.dir/Drivers/STM32F4xx_HAL_Driver/Src/stm32f4xx_ll_usb.c.obj
                0x08007e20                USB_ActivateSetup
 .text.USB_EP0_OutStart
                0x08007e3c       0x60 CMakeFiles/ctrl.elf.dir/Drivers/STM32F4xx_HAL_Driver/Src/stm32f4xx_ll_usb.c.obj
                0x08007e3c                USB_EP0_OutStart
 .text.USBD_CDC_EP0_RxReady
                0x08007e9c       0x40 CMakeFiles/ctrl.elf.dir/Middlewares/ST/STM32_USB_Device_Library/Class/CDC/Src/usbd_cdc.c.obj
 .text.USBD_CDC_GetDeviceQualifierDescriptor
                0x08007edc        0xc CMakeFiles/ctrl.elf.dir/Middlewares/ST/STM32_USB_Device_Library/Class/CDC/Src/usbd_cdc.c.obj
                0x08007edc                USBD_CDC_GetDeviceQualifierDescriptor
 .text.USBD_CDC_GetOtherSpeedCfgDesc
                0x08007ee8       0x48 CMakeFiles/ctrl.elf.dir/Middlewares/ST/STM32_USB_Device_Library/Class/CDC/Src/usbd_cdc.c.obj
 .text.USBD_CDC_GetFSCfgDesc
                0x08007f30       0x48 CMakeFiles/ctrl.elf.dir/Middlewares/ST/STM32_USB_Device_Library/Class/CDC/Src/usbd_cdc.c.obj
 .text.USBD_CDC_GetHSCfgDesc
                0x08007f78       0x48 CMakeFiles/ctrl.elf.dir/Middlewares/ST/STM32_USB_Device_Library/Class/CDC/Src/usbd_cdc.c.obj
 .text.USBD_CDC_DataOut
                0x08007fc0       0x38 CMakeFiles/ctrl.elf.dir/Middlewares/ST/STM32_USB_Device_Library/Class/CDC/Src/usbd_cdc.c.obj
 .text.USBD_CDC_DataIn
                0x08007ff8       0x7c CMakeFiles/ctrl.elf.dir/Middlewares/ST/STM32_USB_Device_Library/Class/CDC/Src/usbd_cdc.c.obj
 .text.USBD_CDC_Setup
                0x08008074      0x11a CMakeFiles/ctrl.elf.dir/Middlewares/ST/STM32_USB_Device_Library/Class/CDC/Src/usbd_cdc.c.obj
 .text.USBD_CDC_DeInit
                0x0800818e       0x64 CMakeFiles/ctrl.elf.dir/Middlewares/ST/STM32_USB_Device_Library/Class/CDC/Src/usbd_cdc.c.obj
 .text.USBD_CDC_Init
                0x080081f2       0xee CMakeFiles/ctrl.elf.dir/Middlewares/ST/STM32_USB_Device_Library/Class/CDC/Src/usbd_cdc.c.obj
 .text.USBD_CDC_RegisterInterface
                0x080082e0       0x16 CMakeFiles/ctrl.elf.dir/Middlewares/ST/STM32_USB_Device_Library/Class/CDC/Src/usbd_cdc.c.obj
                0x080082e0                USBD_CDC_RegisterInterface
 .text.USBD_CDC_SetTxBuffer
                0x080082f6       0x1c CMakeFiles/ctrl.elf.dir/Middlewares/ST/STM32_USB_Device_Library/Class/CDC/Src/usbd_cdc.c.obj
                0x080082f6                USBD_CDC_SetTxBuffer
 .text.USBD_CDC_SetRxBuffer
                0x08008312       0x18 CMakeFiles/ctrl.elf.dir/Middlewares/ST/STM32_USB_Device_Library/Class/CDC/Src/usbd_cdc.c.obj
                0x08008312                USBD_CDC_SetRxBuffer
 .text.USBD_CDC_TransmitPacket
                0x0800832a       0x36 CMakeFiles/ctrl.elf.dir/Middlewares/ST/STM32_USB_Device_Library/Class/CDC/Src/usbd_cdc.c.obj
                0x0800832a                USBD_CDC_TransmitPacket
 .text.USBD_CDC_ReceivePacket
                0x08008360       0x38 CMakeFiles/ctrl.elf.dir/Middlewares/ST/STM32_USB_Device_Library/Class/CDC/Src/usbd_cdc.c.obj
                0x08008360                USBD_CDC_ReceivePacket
 .text.USBD_Init
                0x08008398       0x2e CMakeFiles/ctrl.elf.dir/Middlewares/ST/STM32_USB_Device_Library/Core/Src/usbd_core.c.obj
                0x08008398                USBD_Init
 .text.USBD_RegisterClass
                0x080083c6       0x40 CMakeFiles/ctrl.elf.dir/Middlewares/ST/STM32_USB_Device_Library/Core/Src/usbd_core.c.obj
                0x080083c6                USBD_RegisterClass
 .text.USBD_Start
                0x08008406        0x8 CMakeFiles/ctrl.elf.dir/Middlewares/ST/STM32_USB_Device_Library/Core/Src/usbd_core.c.obj
                0x08008406                USBD_Start
 .text.USBD_SetClassConfig
                0x0800840e       0x12 CMakeFiles/ctrl.elf.dir/Middlewares/ST/STM32_USB_Device_Library/Core/Src/usbd_core.c.obj
                0x0800840e                USBD_SetClassConfig
 .text.USBD_ClrClassConfig
                0x08008420       0x12 CMakeFiles/ctrl.elf.dir/Middlewares/ST/STM32_USB_Device_Library/Core/Src/usbd_core.c.obj
                0x08008420                USBD_ClrClassConfig
 .text.USBD_LL_SetupStage
                0x08008432       0x58 CMakeFiles/ctrl.elf.dir/Middlewares/ST/STM32_USB_Device_Library/Core/Src/usbd_core.c.obj
                0x08008432                USBD_LL_SetupStage
 .text.USBD_LL_Reset
                0x0800848a       0x64 CMakeFiles/ctrl.elf.dir/Middlewares/ST/STM32_USB_Device_Library/Core/Src/usbd_core.c.obj
                0x0800848a                USBD_LL_Reset
 .text.USBD_LL_SetSpeed
                0x080084ee        0x6 CMakeFiles/ctrl.elf.dir/Middlewares/ST/STM32_USB_Device_Library/Core/Src/usbd_core.c.obj
                0x080084ee                USBD_LL_SetSpeed
 .text.USBD_LL_Suspend
                0x080084f4       0x1e CMakeFiles/ctrl.elf.dir/Middlewares/ST/STM32_USB_Device_Library/Core/Src/usbd_core.c.obj
                0x080084f4                USBD_LL_Suspend
 .text.USBD_LL_Resume
                0x08008512       0x1a CMakeFiles/ctrl.elf.dir/Middlewares/ST/STM32_USB_Device_Library/Core/Src/usbd_core.c.obj
                0x08008512                USBD_LL_Resume
 .text.USBD_LL_SOF
                0x0800852c       0x22 CMakeFiles/ctrl.elf.dir/Middlewares/ST/STM32_USB_Device_Library/Core/Src/usbd_core.c.obj
                0x0800852c                USBD_LL_SOF
 .text.USBD_LL_IsoINIncomplete
                0x0800854e       0x2e CMakeFiles/ctrl.elf.dir/Middlewares/ST/STM32_USB_Device_Library/Core/Src/usbd_core.c.obj
                0x0800854e                USBD_LL_IsoINIncomplete
 .text.USBD_LL_IsoOUTIncomplete
                0x0800857c       0x2e CMakeFiles/ctrl.elf.dir/Middlewares/ST/STM32_USB_Device_Library/Core/Src/usbd_core.c.obj
                0x0800857c                USBD_LL_IsoOUTIncomplete
 .text.USBD_LL_DevConnected
                0x080085aa        0x4 CMakeFiles/ctrl.elf.dir/Middlewares/ST/STM32_USB_Device_Library/Core/Src/usbd_core.c.obj
                0x080085aa                USBD_LL_DevConnected
 .text.USBD_LL_DevDisconnected
                0x080085ae       0x20 CMakeFiles/ctrl.elf.dir/Middlewares/ST/STM32_USB_Device_Library/Core/Src/usbd_core.c.obj
                0x080085ae                USBD_LL_DevDisconnected
 .text.USBD_CoreFindIF
                0x080085ce        0x4 CMakeFiles/ctrl.elf.dir/Middlewares/ST/STM32_USB_Device_Library/Core/Src/usbd_core.c.obj
                0x080085ce                USBD_CoreFindIF
 .text.USBD_CoreFindEP
                0x080085d2        0x4 CMakeFiles/ctrl.elf.dir/Middlewares/ST/STM32_USB_Device_Library/Core/Src/usbd_core.c.obj
                0x080085d2                USBD_CoreFindEP
 .text.USBD_LL_DataOutStage
                0x080085d6       0xc4 CMakeFiles/ctrl.elf.dir/Middlewares/ST/STM32_USB_Device_Library/Core/Src/usbd_core.c.obj
                0x080085d6                USBD_LL_DataOutStage
 .text.USBD_LL_DataInStage
                0x0800869a       0xd6 CMakeFiles/ctrl.elf.dir/Middlewares/ST/STM32_USB_Device_Library/Core/Src/usbd_core.c.obj
                0x0800869a                USBD_LL_DataInStage
 .text.USBD_GetNextDesc
                0x08008770        0xe CMakeFiles/ctrl.elf.dir/Middlewares/ST/STM32_USB_Device_Library/Core/Src/usbd_core.c.obj
                0x08008770                USBD_GetNextDesc
 .text.USBD_GetEpDesc
                0x0800877e       0x3e CMakeFiles/ctrl.elf.dir/Middlewares/ST/STM32_USB_Device_Library/Core/Src/usbd_core.c.obj
                0x0800877e                USBD_GetEpDesc
 .text.USBD_GetLen
                0x080087bc       0x14 CMakeFiles/ctrl.elf.dir/Middlewares/ST/STM32_USB_Device_Library/Core/Src/usbd_ctlreq.c.obj
 .text.USBD_ParseSetupRequest
                0x080087d0       0x28 CMakeFiles/ctrl.elf.dir/Middlewares/ST/STM32_USB_Device_Library/Core/Src/usbd_ctlreq.c.obj
                0x080087d0                USBD_ParseSetupRequest
 .text.USBD_CtlError
                0x080087f8       0x14 CMakeFiles/ctrl.elf.dir/Middlewares/ST/STM32_USB_Device_Library/Core/Src/usbd_ctlreq.c.obj
                0x080087f8                USBD_CtlError
 .text.USBD_GetDescriptor
                0x0800880c      0x18a CMakeFiles/ctrl.elf.dir/Middlewares/ST/STM32_USB_Device_Library/Core/Src/usbd_ctlreq.c.obj
 .text.USBD_SetAddress
                0x08008996       0x50 CMakeFiles/ctrl.elf.dir/Middlewares/ST/STM32_USB_Device_Library/Core/Src/usbd_ctlreq.c.obj
 *fill*         0x080089e6        0x2 
 .text.USBD_SetConfig
                0x080089e8       0xcc CMakeFiles/ctrl.elf.dir/Middlewares/ST/STM32_USB_Device_Library/Core/Src/usbd_ctlreq.c.obj
 .text.USBD_GetConfig
                0x08008ab4       0x40 CMakeFiles/ctrl.elf.dir/Middlewares/ST/STM32_USB_Device_Library/Core/Src/usbd_ctlreq.c.obj
 .text.USBD_GetStatus
                0x08008af4       0x38 CMakeFiles/ctrl.elf.dir/Middlewares/ST/STM32_USB_Device_Library/Core/Src/usbd_ctlreq.c.obj
 .text.USBD_SetFeature
                0x08008b2c       0x2a CMakeFiles/ctrl.elf.dir/Middlewares/ST/STM32_USB_Device_Library/Core/Src/usbd_ctlreq.c.obj
 .text.USBD_ClrFeature
                0x08008b56       0x26 CMakeFiles/ctrl.elf.dir/Middlewares/ST/STM32_USB_Device_Library/Core/Src/usbd_ctlreq.c.obj
 .text.USBD_StdDevReq
                0x08008b7c       0x76 CMakeFiles/ctrl.elf.dir/Middlewares/ST/STM32_USB_Device_Library/Core/Src/usbd_ctlreq.c.obj
                0x08008b7c                USBD_StdDevReq
 .text.USBD_StdItfReq
                0x08008bf2       0x84 CMakeFiles/ctrl.elf.dir/Middlewares/ST/STM32_USB_Device_Library/Core/Src/usbd_ctlreq.c.obj
                0x08008bf2                USBD_StdItfReq
 .text.USBD_StdEPReq
                0x08008c76      0x230 CMakeFiles/ctrl.elf.dir/Middlewares/ST/STM32_USB_Device_Library/Core/Src/usbd_ctlreq.c.obj
                0x08008c76                USBD_StdEPReq
 .text.USBD_GetString
                0x08008ea6       0x46 CMakeFiles/ctrl.elf.dir/Middlewares/ST/STM32_USB_Device_Library/Core/Src/usbd_ctlreq.c.obj
                0x08008ea6                USBD_GetString
 .text.USBD_CtlSendData
                0x08008eec       0x1a CMakeFiles/ctrl.elf.dir/Middlewares/ST/STM32_USB_Device_Library/Core/Src/usbd_ioreq.c.obj
                0x08008eec                USBD_CtlSendData
 .text.USBD_CtlContinueSendData
                0x08008f06       0x10 CMakeFiles/ctrl.elf.dir/Middlewares/ST/STM32_USB_Device_Library/Core/Src/usbd_ioreq.c.obj
                0x08008f06                USBD_CtlContinueSendData
 .text.USBD_CtlPrepareRx
                0x08008f16       0x1e CMakeFiles/ctrl.elf.dir/Middlewares/ST/STM32_USB_Device_Library/Core/Src/usbd_ioreq.c.obj
                0x08008f16                USBD_CtlPrepareRx
 .text.USBD_CtlContinueRx
                0x08008f34       0x10 CMakeFiles/ctrl.elf.dir/Middlewares/ST/STM32_USB_Device_Library/Core/Src/usbd_ioreq.c.obj
                0x08008f34                USBD_CtlContinueRx
 .text.USBD_CtlSendStatus
                0x08008f44       0x16 CMakeFiles/ctrl.elf.dir/Middlewares/ST/STM32_USB_Device_Library/Core/Src/usbd_ioreq.c.obj
                0x08008f44                USBD_CtlSendStatus
 .text.USBD_CtlReceiveStatus
                0x08008f5a       0x16 CMakeFiles/ctrl.elf.dir/Middlewares/ST/STM32_USB_Device_Library/Core/Src/usbd_ioreq.c.obj
                0x08008f5a                USBD_CtlReceiveStatus
 .text.SysTick_Handler
                0x08008f70       0x18 CMakeFiles/ctrl.elf.dir/Middlewares/Third_Party/FreeRTOS/Source/CMSIS_RTOS_V2/cmsis_os2.c.obj
                0x08008f70                SysTick_Handler
 .text.osKernelInitialize
                0x08008f88       0x24 CMakeFiles/ctrl.elf.dir/Middlewares/Third_Party/FreeRTOS/Source/CMSIS_RTOS_V2/cmsis_os2.c.obj
                0x08008f88                osKernelInitialize
 .text.osKernelStart
                0x08008fac       0x38 CMakeFiles/ctrl.elf.dir/Middlewares/Third_Party/FreeRTOS/Source/CMSIS_RTOS_V2/cmsis_os2.c.obj
                0x08008fac                osKernelStart
 .text.osThreadNew
                0x08008fe4       0xbe CMakeFiles/ctrl.elf.dir/Middlewares/Third_Party/FreeRTOS/Source/CMSIS_RTOS_V2/cmsis_os2.c.obj
                0x08008fe4                osThreadNew
 .text.osThreadTerminate
                0x080090a2       0x30 CMakeFiles/ctrl.elf.dir/Middlewares/Third_Party/FreeRTOS/Source/CMSIS_RTOS_V2/cmsis_os2.c.obj
                0x080090a2                osThreadTerminate
 .text.osDelay  0x080090d2       0x1c CMakeFiles/ctrl.elf.dir/Middlewares/Third_Party/FreeRTOS/Source/CMSIS_RTOS_V2/cmsis_os2.c.obj
                0x080090d2                osDelay
 *fill*         0x080090ee        0x2 
 .text.vApplicationGetIdleTaskMemory
                0x080090f0       0x18 CMakeFiles/ctrl.elf.dir/Middlewares/Third_Party/FreeRTOS/Source/CMSIS_RTOS_V2/cmsis_os2.c.obj
                0x080090f0                vApplicationGetIdleTaskMemory
 .text.vApplicationGetTimerTaskMemory
                0x08009108       0x18 CMakeFiles/ctrl.elf.dir/Middlewares/Third_Party/FreeRTOS/Source/CMSIS_RTOS_V2/cmsis_os2.c.obj
                0x08009108                vApplicationGetTimerTaskMemory
 .text.vListInitialise
                0x08009120       0x16 CMakeFiles/ctrl.elf.dir/Middlewares/Third_Party/FreeRTOS/Source/list.c.obj
                0x08009120                vListInitialise
 .text.vListInitialiseItem
                0x08009136        0x6 CMakeFiles/ctrl.elf.dir/Middlewares/Third_Party/FreeRTOS/Source/list.c.obj
                0x08009136                vListInitialiseItem
 .text.vListInsertEnd
                0x0800913c       0x16 CMakeFiles/ctrl.elf.dir/Middlewares/Third_Party/FreeRTOS/Source/list.c.obj
                0x0800913c                vListInsertEnd
 .text.vListInsert
                0x08009152       0x32 CMakeFiles/ctrl.elf.dir/Middlewares/Third_Party/FreeRTOS/Source/list.c.obj
                0x08009152                vListInsert
 .text.uxListRemove
                0x08009184       0x26 CMakeFiles/ctrl.elf.dir/Middlewares/Third_Party/FreeRTOS/Source/list.c.obj
                0x08009184                uxListRemove
 *fill*         0x080091aa        0x2 
 .text.prvTaskExitError
                0x080091ac       0x40 CMakeFiles/ctrl.elf.dir/Middlewares/Third_Party/FreeRTOS/Source/portable/GCC/ARM_CM4F/port.c.obj
 .text.prvPortStartFirstTask
                0x080091ec       0x28 CMakeFiles/ctrl.elf.dir/Middlewares/Third_Party/FreeRTOS/Source/portable/GCC/ARM_CM4F/port.c.obj
 .text.vPortEnableVFP
                0x08009214       0x14 CMakeFiles/ctrl.elf.dir/Middlewares/Third_Party/FreeRTOS/Source/portable/GCC/ARM_CM4F/port.c.obj
 .text.pxPortInitialiseStack
                0x08009228       0x2c CMakeFiles/ctrl.elf.dir/Middlewares/Third_Party/FreeRTOS/Source/portable/GCC/ARM_CM4F/port.c.obj
                0x08009228                pxPortInitialiseStack
 *fill*         0x08009254        0xc 
 .text.SVC_Handler
                0x08009260       0x24 CMakeFiles/ctrl.elf.dir/Middlewares/Third_Party/FreeRTOS/Source/portable/GCC/ARM_CM4F/port.c.obj
                0x08009260                SVC_Handler
 .text.vPortEnterCritical
                0x08009284       0x44 CMakeFiles/ctrl.elf.dir/Middlewares/Third_Party/FreeRTOS/Source/portable/GCC/ARM_CM4F/port.c.obj
                0x08009284                vPortEnterCritical
 .text.vPortExitCritical
                0x080092c8       0x2c CMakeFiles/ctrl.elf.dir/Middlewares/Third_Party/FreeRTOS/Source/portable/GCC/ARM_CM4F/port.c.obj
                0x080092c8                vPortExitCritical
 *fill*         0x080092f4        0xc 
 .text.PendSV_Handler
                0x08009300       0x64 CMakeFiles/ctrl.elf.dir/Middlewares/Third_Party/FreeRTOS/Source/portable/GCC/ARM_CM4F/port.c.obj
                0x08009300                PendSV_Handler
 .text.xPortSysTickHandler
                0x08009364       0x2c CMakeFiles/ctrl.elf.dir/Middlewares/Third_Party/FreeRTOS/Source/portable/GCC/ARM_CM4F/port.c.obj
                0x08009364                xPortSysTickHandler
 .text.vPortSetupTimerInterrupt
                0x08009390       0x28 CMakeFiles/ctrl.elf.dir/Middlewares/Third_Party/FreeRTOS/Source/portable/GCC/ARM_CM4F/port.c.obj
                0x08009390                vPortSetupTimerInterrupt
 .text.xPortStartScheduler
                0x080093b8      0x118 CMakeFiles/ctrl.elf.dir/Middlewares/Third_Party/FreeRTOS/Source/portable/GCC/ARM_CM4F/port.c.obj
                0x080093b8                xPortStartScheduler
 .text.vPortValidateInterruptPriority
                0x080094d0       0x5c CMakeFiles/ctrl.elf.dir/Middlewares/Third_Party/FreeRTOS/Source/portable/GCC/ARM_CM4F/port.c.obj
                0x080094d0                vPortValidateInterruptPriority
 .text.prvHeapInit
                0x0800952c       0x64 CMakeFiles/ctrl.elf.dir/Middlewares/Third_Party/FreeRTOS/Source/portable/MemMang/heap_4.c.obj
 .text.prvInsertBlockIntoFreeList
                0x08009590       0x64 CMakeFiles/ctrl.elf.dir/Middlewares/Third_Party/FreeRTOS/Source/portable/MemMang/heap_4.c.obj
 .text.pvPortMalloc
                0x080095f4      0x104 CMakeFiles/ctrl.elf.dir/Middlewares/Third_Party/FreeRTOS/Source/portable/MemMang/heap_4.c.obj
                0x080095f4                pvPortMalloc
 .text.vPortFree
                0x080096f8       0x7c CMakeFiles/ctrl.elf.dir/Middlewares/Third_Party/FreeRTOS/Source/portable/MemMang/heap_4.c.obj
                0x080096f8                vPortFree
 .text.prvIsQueueFull
                0x08009774       0x1e CMakeFiles/ctrl.elf.dir/Middlewares/Third_Party/FreeRTOS/Source/queue.c.obj
 .text.prvIsQueueEmpty
                0x08009792       0x1a CMakeFiles/ctrl.elf.dir/Middlewares/Third_Party/FreeRTOS/Source/queue.c.obj
 .text.prvCopyDataToQueue
                0x080097ac       0x76 CMakeFiles/ctrl.elf.dir/Middlewares/Third_Party/FreeRTOS/Source/queue.c.obj
 .text.prvCopyDataFromQueue
                0x08009822       0x24 CMakeFiles/ctrl.elf.dir/Middlewares/Third_Party/FreeRTOS/Source/queue.c.obj
 .text.prvUnlockQueue
                0x08009846       0x6e CMakeFiles/ctrl.elf.dir/Middlewares/Third_Party/FreeRTOS/Source/queue.c.obj
 .text.xQueueGenericReset
                0x080098b4       0x84 CMakeFiles/ctrl.elf.dir/Middlewares/Third_Party/FreeRTOS/Source/queue.c.obj
                0x080098b4                xQueueGenericReset
 .text.prvInitialiseNewQueue
                0x08009938       0x22 CMakeFiles/ctrl.elf.dir/Middlewares/Third_Party/FreeRTOS/Source/queue.c.obj
 .text.xQueueGenericCreateStatic
                0x0800995a       0x94 CMakeFiles/ctrl.elf.dir/Middlewares/Third_Party/FreeRTOS/Source/queue.c.obj
                0x0800995a                xQueueGenericCreateStatic
 .text.xQueueGenericSend
                0x080099ee      0x188 CMakeFiles/ctrl.elf.dir/Middlewares/Third_Party/FreeRTOS/Source/queue.c.obj
                0x080099ee                xQueueGenericSend
 .text.xQueueGenericSendFromISR
                0x08009b76       0xce CMakeFiles/ctrl.elf.dir/Middlewares/Third_Party/FreeRTOS/Source/queue.c.obj
                0x08009b76                xQueueGenericSendFromISR
 .text.xQueueReceive
                0x08009c44      0x15e CMakeFiles/ctrl.elf.dir/Middlewares/Third_Party/FreeRTOS/Source/queue.c.obj
                0x08009c44                xQueueReceive
 *fill*         0x08009da2        0x2 
 .text.vQueueAddToRegistry
                0x08009da4       0x28 CMakeFiles/ctrl.elf.dir/Middlewares/Third_Party/FreeRTOS/Source/queue.c.obj
                0x08009da4                vQueueAddToRegistry
 .text.vQueueWaitForMessageRestricted
                0x08009dcc       0x52 CMakeFiles/ctrl.elf.dir/Middlewares/Third_Party/FreeRTOS/Source/queue.c.obj
                0x08009dcc                vQueueWaitForMessageRestricted
 *fill*         0x08009e1e        0x2 
 .text.prvResetNextTaskUnblockTime
                0x08009e20       0x2c CMakeFiles/ctrl.elf.dir/Middlewares/Third_Party/FreeRTOS/Source/tasks.c.obj
 .text.prvInitialiseNewTask
                0x08009e4c      0x104 CMakeFiles/ctrl.elf.dir/Middlewares/Third_Party/FreeRTOS/Source/tasks.c.obj
 .text.prvInitialiseTaskLists
                0x08009f50       0x68 CMakeFiles/ctrl.elf.dir/Middlewares/Third_Party/FreeRTOS/Source/tasks.c.obj
 .text.prvAddNewTaskToReadyList
                0x08009fb8       0xac CMakeFiles/ctrl.elf.dir/Middlewares/Third_Party/FreeRTOS/Source/tasks.c.obj
 .text.prvDeleteTCB
                0x0800a064       0x40 CMakeFiles/ctrl.elf.dir/Middlewares/Third_Party/FreeRTOS/Source/tasks.c.obj
 .text.prvCheckTasksWaitingTermination
                0x0800a0a4       0x4c CMakeFiles/ctrl.elf.dir/Middlewares/Third_Party/FreeRTOS/Source/tasks.c.obj
 .text.prvIdleTask
                0x0800a0f0       0x28 CMakeFiles/ctrl.elf.dir/Middlewares/Third_Party/FreeRTOS/Source/tasks.c.obj
 .text.prvAddCurrentTaskToDelayedList
                0x0800a118       0x7c CMakeFiles/ctrl.elf.dir/Middlewares/Third_Party/FreeRTOS/Source/tasks.c.obj
 .text.xTaskCreateStatic
                0x0800a194       0x7a CMakeFiles/ctrl.elf.dir/Middlewares/Third_Party/FreeRTOS/Source/tasks.c.obj
                0x0800a194                xTaskCreateStatic
 .text.xTaskCreate
                0x0800a20e       0x66 CMakeFiles/ctrl.elf.dir/Middlewares/Third_Party/FreeRTOS/Source/tasks.c.obj
                0x0800a20e                xTaskCreate
 .text.vTaskDelete
                0x0800a274       0xb8 CMakeFiles/ctrl.elf.dir/Middlewares/Third_Party/FreeRTOS/Source/tasks.c.obj
                0x0800a274                vTaskDelete
 .text.eTaskGetState
                0x0800a32c       0x90 CMakeFiles/ctrl.elf.dir/Middlewares/Third_Party/FreeRTOS/Source/tasks.c.obj
                0x0800a32c                eTaskGetState
 .text.vTaskStartScheduler
                0x0800a3bc       0xac CMakeFiles/ctrl.elf.dir/Middlewares/Third_Party/FreeRTOS/Source/tasks.c.obj
                0x0800a3bc                vTaskStartScheduler
 .text.vTaskSuspendAll
                0x0800a468       0x10 CMakeFiles/ctrl.elf.dir/Middlewares/Third_Party/FreeRTOS/Source/tasks.c.obj
                0x0800a468                vTaskSuspendAll
 .text.xTaskGetTickCount
                0x0800a478        0xc CMakeFiles/ctrl.elf.dir/Middlewares/Third_Party/FreeRTOS/Source/tasks.c.obj
                0x0800a478                xTaskGetTickCount
 .text.xTaskIncrementTick
                0x0800a484      0x118 CMakeFiles/ctrl.elf.dir/Middlewares/Third_Party/FreeRTOS/Source/tasks.c.obj
                0x0800a484                xTaskIncrementTick
 .text.xTaskResumeAll
                0x0800a59c       0xf8 CMakeFiles/ctrl.elf.dir/Middlewares/Third_Party/FreeRTOS/Source/tasks.c.obj
                0x0800a59c                xTaskResumeAll
 .text.vTaskDelay
                0x0800a694       0x4c CMakeFiles/ctrl.elf.dir/Middlewares/Third_Party/FreeRTOS/Source/tasks.c.obj
                0x0800a694                vTaskDelay
 .text.vTaskSwitchContext
                0x0800a6e0       0xa4 CMakeFiles/ctrl.elf.dir/Middlewares/Third_Party/FreeRTOS/Source/tasks.c.obj
                0x0800a6e0                vTaskSwitchContext
 .text.vTaskPlaceOnEventList
                0x0800a784       0x30 CMakeFiles/ctrl.elf.dir/Middlewares/Third_Party/FreeRTOS/Source/tasks.c.obj
                0x0800a784                vTaskPlaceOnEventList
 .text.vTaskPlaceOnEventListRestricted
                0x0800a7b4       0x38 CMakeFiles/ctrl.elf.dir/Middlewares/Third_Party/FreeRTOS/Source/tasks.c.obj
                0x0800a7b4                vTaskPlaceOnEventListRestricted
 .text.xTaskRemoveFromEventList
                0x0800a7ec       0x8c CMakeFiles/ctrl.elf.dir/Middlewares/Third_Party/FreeRTOS/Source/tasks.c.obj
                0x0800a7ec                xTaskRemoveFromEventList
 .text.vTaskInternalSetTimeOutState
                0x0800a878       0x18 CMakeFiles/ctrl.elf.dir/Middlewares/Third_Party/FreeRTOS/Source/tasks.c.obj
                0x0800a878                vTaskInternalSetTimeOutState
 .text.xTaskCheckForTimeOut
                0x0800a890       0x84 CMakeFiles/ctrl.elf.dir/Middlewares/Third_Party/FreeRTOS/Source/tasks.c.obj
                0x0800a890                xTaskCheckForTimeOut
 .text.vTaskMissedYield
                0x0800a914        0xc CMakeFiles/ctrl.elf.dir/Middlewares/Third_Party/FreeRTOS/Source/tasks.c.obj
                0x0800a914                vTaskMissedYield
 .text.xTaskGetSchedulerState
                0x0800a920       0x20 CMakeFiles/ctrl.elf.dir/Middlewares/Third_Party/FreeRTOS/Source/tasks.c.obj
                0x0800a920                xTaskGetSchedulerState
 .text.xTaskPriorityDisinherit
                0x0800a940       0x90 CMakeFiles/ctrl.elf.dir/Middlewares/Third_Party/FreeRTOS/Source/tasks.c.obj
                0x0800a940                xTaskPriorityDisinherit
 .text.prvGetNextExpireTime
                0x0800a9d0       0x20 CMakeFiles/ctrl.elf.dir/Middlewares/Third_Party/FreeRTOS/Source/timers.c.obj
 .text.prvInsertTimerInActiveList
                0x0800a9f0       0x48 CMakeFiles/ctrl.elf.dir/Middlewares/Third_Party/FreeRTOS/Source/timers.c.obj
 .text.prvCheckForValidListAndQueue
                0x0800aa38       0x70 CMakeFiles/ctrl.elf.dir/Middlewares/Third_Party/FreeRTOS/Source/timers.c.obj
 .text.xTimerCreateTimerTask
                0x0800aaa8       0x64 CMakeFiles/ctrl.elf.dir/Middlewares/Third_Party/FreeRTOS/Source/timers.c.obj
                0x0800aaa8                xTimerCreateTimerTask
 .text.xTimerGenericCommand
                0x0800ab0c       0x6c CMakeFiles/ctrl.elf.dir/Middlewares/Third_Party/FreeRTOS/Source/timers.c.obj
                0x0800ab0c                xTimerGenericCommand
 .text.prvSwitchTimerLists
                0x0800ab78       0x7c CMakeFiles/ctrl.elf.dir/Middlewares/Third_Party/FreeRTOS/Source/timers.c.obj
 .text.prvSampleTimeNow
                0x0800abf4       0x2c CMakeFiles/ctrl.elf.dir/Middlewares/Third_Party/FreeRTOS/Source/timers.c.obj
 .text.prvProcessExpiredTimer
                0x0800ac20       0x6c CMakeFiles/ctrl.elf.dir/Middlewares/Third_Party/FreeRTOS/Source/timers.c.obj
 .text.prvProcessTimerOrBlockTask
                0x0800ac8c       0x74 CMakeFiles/ctrl.elf.dir/Middlewares/Third_Party/FreeRTOS/Source/timers.c.obj
 .text.prvProcessReceivedCommands
                0x0800ad00      0x10c CMakeFiles/ctrl.elf.dir/Middlewares/Third_Party/FreeRTOS/Source/timers.c.obj
 .text.prvTimerTask
                0x0800ae0c       0x16 CMakeFiles/ctrl.elf.dir/Middlewares/Third_Party/FreeRTOS/Source/timers.c.obj
 .text._ZN10STM32_GPIO14get_pin_numberEv
                0x0800ae22       0x14 CMakeFiles/ctrl.elf.dir/Stm32_Interface/stm32_gpio.cpp.obj
                0x0800ae22                STM32_GPIO::get_pin_number()
 *fill*         0x0800ae36        0x2 
 .text._ZN10STM32_GPIO6configEmmm
                0x0800ae38      0x1b0 CMakeFiles/ctrl.elf.dir/Stm32_Interface/stm32_gpio.cpp.obj
                0x0800ae38                STM32_GPIO::config(unsigned long, unsigned long, unsigned long)
 .text._ZN10STM32_GPIO5writeEb
                0x0800afe8       0x1a CMakeFiles/ctrl.elf.dir/Stm32_Interface/stm32_gpio.cpp.obj
                0x0800afe8                STM32_GPIO::write(bool)
 .text._ZN9STM32_SPI5startEv
                0x0800b002       0x62 CMakeFiles/ctrl.elf.dir/Stm32_Interface/stm32_spi.cpp.obj
                0x0800b002                STM32_SPI::start()
 .text._ZN9STM32_SPI14transfer_asyncEPNS_8spi_taskE
                0x0800b064        0xa CMakeFiles/ctrl.elf.dir/Stm32_Interface/stm32_spi.cpp.obj
                0x0800b064                STM32_SPI::transfer_async(STM32_SPI::spi_task*)
 *fill*         0x0800b06e        0x2 
 .text._ZNKSt19bad_optional_access4whatEv
                0x0800b070        0x8 CMakeFiles/ctrl.elf.dir/Tools/vofa.cpp.obj
                0x0800b070                std::bad_optional_access::what() const
 .text._ZNSt19bad_optional_accessD2Ev
                0x0800b078       0x14 CMakeFiles/ctrl.elf.dir/Tools/vofa.cpp.obj
                0x0800b078                std::bad_optional_access::~bad_optional_access()
                0x0800b078                std::bad_optional_access::~bad_optional_access()
 .text._ZNSt19bad_optional_accessD0Ev
                0x0800b08c       0x1c CMakeFiles/ctrl.elf.dir/Tools/vofa.cpp.obj
                0x0800b08c                std::bad_optional_access::~bad_optional_access()
 .text._ZSt27__throw_bad_optional_accessv
                0x0800b0a8       0x2c CMakeFiles/ctrl.elf.dir/Tools/vofa.cpp.obj
                0x0800b0a8                std::__throw_bad_optional_access()
 .text._Z13vofa_transmitPht
                0x0800b0d4        0x8 CMakeFiles/ctrl.elf.dir/Tools/vofa.cpp.obj
                0x0800b0d4                vofa_transmit(unsigned char*, unsigned short)
 .text._Z14vofa_send_datahf
                0x0800b0dc       0x50 CMakeFiles/ctrl.elf.dir/Tools/vofa.cpp.obj
                0x0800b0dc                vofa_send_data(unsigned char, float)
 .text._Z18vofa_sendframetailv
                0x0800b12c       0x44 CMakeFiles/ctrl.elf.dir/Tools/vofa.cpp.obj
                0x0800b12c                vofa_sendframetail()
 .text._Z10vofa_startv
                0x0800b170       0x5c CMakeFiles/ctrl.elf.dir/Tools/vofa.cpp.obj
                0x0800b170                vofa_start()
 .text.MX_USB_DEVICE_Init
                0x0800b1cc       0x54 CMakeFiles/ctrl.elf.dir/USB_DEVICE/App/usb_device.c.obj
                0x0800b1cc                MX_USB_DEVICE_Init
 .text.CDC_DeInit_FS
                0x0800b220        0x4 CMakeFiles/ctrl.elf.dir/USB_DEVICE/App/usbd_cdc_if.c.obj
 .text.CDC_Control_FS
                0x0800b224        0x4 CMakeFiles/ctrl.elf.dir/USB_DEVICE/App/usbd_cdc_if.c.obj
 .text.CDC_TransmitCplt_FS
                0x0800b228        0x4 CMakeFiles/ctrl.elf.dir/USB_DEVICE/App/usbd_cdc_if.c.obj
 .text.CDC_Receive_FS
                0x0800b22c       0x1c CMakeFiles/ctrl.elf.dir/USB_DEVICE/App/usbd_cdc_if.c.obj
 .text.CDC_Init_FS
                0x0800b248       0x28 CMakeFiles/ctrl.elf.dir/USB_DEVICE/App/usbd_cdc_if.c.obj
 .text.CDC_Transmit_FS
                0x0800b270       0x2c CMakeFiles/ctrl.elf.dir/USB_DEVICE/App/usbd_cdc_if.c.obj
                0x0800b270                CDC_Transmit_FS
 .text.USBD_FS_DeviceDescriptor
                0x0800b29c        0xc CMakeFiles/ctrl.elf.dir/USB_DEVICE/App/usbd_desc.c.obj
                0x0800b29c                USBD_FS_DeviceDescriptor
 .text.USBD_FS_LangIDStrDescriptor
                0x0800b2a8        0xc CMakeFiles/ctrl.elf.dir/USB_DEVICE/App/usbd_desc.c.obj
                0x0800b2a8                USBD_FS_LangIDStrDescriptor
 .text.IntToUnicode
                0x0800b2b4       0x46 CMakeFiles/ctrl.elf.dir/USB_DEVICE/App/usbd_desc.c.obj
 *fill*         0x0800b2fa        0x2 
 .text.Get_SerialNum