Archive member included to satisfy reference by file (symbol)

D:\my_project\graduation_project\firmware\ctrl\Middlewares\ST\ARM\DSP\Lib\libarm_cortexM4lf_math.a(arm_sin_f32.o)
                              CMakeFiles/ctrl.elf.dir/Ctrl/controller.cpp.obj (arm_sin_f32)
D:\my_project\graduation_project\firmware\ctrl\Middlewares\ST\ARM\DSP\Lib\libarm_cortexM4lf_math.a(arm_cos_f32.o)
                              CMakeFiles/ctrl.elf.dir/Ctrl/controller.cpp.obj (arm_cos_f32)
D:\my_project\graduation_project\firmware\ctrl\Middlewares\ST\ARM\DSP\Lib\libarm_cortexM4lf_math.a(arm_common_tables.o)
                              D:\my_project\graduation_project\firmware\ctrl\Middlewares\ST\ARM\DSP\Lib\libarm_cortexM4lf_math.a(arm_sin_f32.o) (sinTable_f32)
d:/tools/gcc/installfile/11.3 rel1/bin/../lib/gcc/arm-none-eabi/11.3.1/thumb/v7e-m+fp/hard\libstdc++.a(class_type_info.o)
                              CMakeFiles/ctrl.elf.dir/Core/Src/board.cpp.obj (vtable for __cxxabiv1::__class_type_info)
d:/tools/gcc/installfile/11.3 rel1/bin/../lib/gcc/arm-none-eabi/11.3.1/thumb/v7e-m+fp/hard\libstdc++.a(del_ops.o)
                              CMakeFiles/ctrl.elf.dir/Ctrl/controller.cpp.obj (operator delete(void*, unsigned int))
d:/tools/gcc/installfile/11.3 rel1/bin/../lib/gcc/arm-none-eabi/11.3.1/thumb/v7e-m+fp/hard\libstdc++.a(eh_alloc.o)
                              CMakeFiles/ctrl.elf.dir/Ctrl/controller.cpp.obj (__cxa_allocate_exception)
d:/tools/gcc/installfile/11.3 rel1/bin/../lib/gcc/arm-none-eabi/11.3.1/thumb/v7e-m+fp/hard\libstdc++.a(eh_exception.o)
                              CMakeFiles/ctrl.elf.dir/Ctrl/controller.cpp.obj (std::exception::~exception())
d:/tools/gcc/installfile/11.3 rel1/bin/../lib/gcc/arm-none-eabi/11.3.1/thumb/v7e-m+fp/hard\libstdc++.a(eh_personality.o)
                              CMakeFiles/ctrl.elf.dir/Ctrl/encoder.cpp.obj (__gxx_personality_v0)
d:/tools/gcc/installfile/11.3 rel1/bin/../lib/gcc/arm-none-eabi/11.3.1/thumb/v7e-m+fp/hard\libstdc++.a(eh_terminate.o)
                              d:/tools/gcc/installfile/11.3 rel1/bin/../lib/gcc/arm-none-eabi/11.3.1/thumb/v7e-m+fp/hard\libstdc++.a(eh_alloc.o) (std::terminate())
d:/tools/gcc/installfile/11.3 rel1/bin/../lib/gcc/arm-none-eabi/11.3.1/thumb/v7e-m+fp/hard\libstdc++.a(eh_throw.o)
                              CMakeFiles/ctrl.elf.dir/Ctrl/controller.cpp.obj (__cxa_throw)
d:/tools/gcc/installfile/11.3 rel1/bin/../lib/gcc/arm-none-eabi/11.3.1/thumb/v7e-m+fp/hard\libstdc++.a(eh_unex_handler.o)
                              d:/tools/gcc/installfile/11.3 rel1/bin/../lib/gcc/arm-none-eabi/11.3.1/thumb/v7e-m+fp/hard\libstdc++.a(eh_terminate.o) (__cxxabiv1::__unexpected_handler)
d:/tools/gcc/installfile/11.3 rel1/bin/../lib/gcc/arm-none-eabi/11.3.1/thumb/v7e-m+fp/hard\libstdc++.a(si_class_type_info.o)
                              CMakeFiles/ctrl.elf.dir/Ctrl/controller.cpp.obj (vtable for __cxxabiv1::__si_class_type_info)
d:/tools/gcc/installfile/11.3 rel1/bin/../lib/gcc/arm-none-eabi/11.3.1/thumb/v7e-m+fp/hard\libstdc++.a(tinfo.o)
                              d:/tools/gcc/installfile/11.3 rel1/bin/../lib/gcc/arm-none-eabi/11.3.1/thumb/v7e-m+fp/hard\libstdc++.a(class_type_info.o) (std::type_info::~type_info())
d:/tools/gcc/installfile/11.3 rel1/bin/../lib/gcc/arm-none-eabi/11.3.1/thumb/v7e-m+fp/hard\libstdc++.a(vmi_class_type_info.o)
                              CMakeFiles/ctrl.elf.dir/Ctrl/drv8301.cpp.obj (vtable for __cxxabiv1::__vmi_class_type_info)
d:/tools/gcc/installfile/11.3 rel1/bin/../lib/gcc/arm-none-eabi/11.3.1/thumb/v7e-m+fp/hard\libstdc++.a(vterminate.o)
                              d:/tools/gcc/installfile/11.3 rel1/bin/../lib/gcc/arm-none-eabi/11.3.1/thumb/v7e-m+fp/hard\libstdc++.a(eh_terminate.o) (__gnu_cxx::__verbose_terminate_handler())
d:/tools/gcc/installfile/11.3 rel1/bin/../lib/gcc/arm-none-eabi/11.3.1/thumb/v7e-m+fp/hard\libstdc++.a(cp-demangle.o)
                              d:/tools/gcc/installfile/11.3 rel1/bin/../lib/gcc/arm-none-eabi/11.3.1/thumb/v7e-m+fp/hard\libstdc++.a(vterminate.o) (__cxa_demangle)
d:/tools/gcc/installfile/11.3 rel1/bin/../lib/gcc/arm-none-eabi/11.3.1/thumb/v7e-m+fp/hard\libstdc++.a(del_op.o)
                              d:/tools/gcc/installfile/11.3 rel1/bin/../lib/gcc/arm-none-eabi/11.3.1/thumb/v7e-m+fp/hard\libstdc++.a(del_ops.o) (operator delete(void*))
d:/tools/gcc/installfile/11.3 rel1/bin/../lib/gcc/arm-none-eabi/11.3.1/thumb/v7e-m+fp/hard\libstdc++.a(eh_arm.o)
                              d:/tools/gcc/installfile/11.3 rel1/bin/../lib/gcc/arm-none-eabi/11.3.1/thumb/v7e-m+fp/hard\libstdc++.a(vterminate.o) (__cxa_end_cleanup)
d:/tools/gcc/installfile/11.3 rel1/bin/../lib/gcc/arm-none-eabi/11.3.1/thumb/v7e-m+fp/hard\libstdc++.a(eh_call.o)
                              d:/tools/gcc/installfile/11.3 rel1/bin/../lib/gcc/arm-none-eabi/11.3.1/thumb/v7e-m+fp/hard\libstdc++.a(eh_personality.o) (__cxa_call_terminate)
[...]
Memory Configuration

Name             Origin             Length             Attributes
CCMRAM           0x10000000         0x00010000         xrw
RAM              0x20000000         0x00020000         xrw
FLASH            0x08000000         0x00100000         xr
*default*        0x00000000         0xffffffff

Linker script and memory map

LOAD d:/tools/gcc/installfile/11.3 rel1/bin/../lib/gcc/arm-none-eabi/11.3.1/thumb/v7e-m+fp/hard/crti.o
LOAD d:/tools/gcc/installfile/11.3 rel1/bin/../lib/gcc/arm-none-eabi/11.3.1/thumb/v7e-m+fp/hard/crtbegin.o
LOAD d:/tools/gcc/installfile/11.3 rel1/bin/../lib/gcc/arm-none-eabi/11.3.1/thumb/v7e-m+fp/hard/crt0.o
LOAD CMakeFiles/ctrl.elf.dir/application/main.cpp.obj
LOAD CMakeFiles/ctrl.elf.dir/Core/Src/adc.c.obj
LOAD CMakeFiles/ctrl.elf.dir/Core/Src/board.cpp.obj
LOAD CMakeFiles/ctrl.elf.dir/Core/Src/dma.c.obj
LOAD CMakeFiles/ctrl.elf.dir/Core/Src/freertos.c.obj
LOAD CMakeFiles/ctrl.elf.dir/Core/Src/gpio.c.obj
LOAD CMakeFiles/ctrl.elf.dir/Core/Src/main.c.obj
LOAD CMakeFiles/ctrl.elf.dir/Core/Src/spi.c.obj
LOAD CMakeFiles/ctrl.elf.dir/Core/Src/stm32f4xx_hal_msp.c.obj
LOAD CMakeFiles/ctrl.elf.dir/Core/Src/stm32f4xx_hal_timebase_tim.c.obj
LOAD CMakeFiles/ctrl.elf.dir/Core/Src/stm32f4xx_it.c.obj
LOAD CMakeFiles/ctrl.elf.dir/Core/Src/syscalls.c.obj
LOAD CMakeFiles/ctrl.elf.dir/Core/Src/sysmem.c.obj
LOAD CMakeFiles/ctrl.elf.dir/Core/Src/system_stm32f4xx.c.obj
LOAD CMakeFiles/ctrl.elf.dir/Core/Src/tim.c.obj
LOAD CMakeFiles/ctrl.elf.dir/Core/Startup/startup_stm32f405rgtx.s.obj
LOAD CMakeFiles/ctrl.elf.dir/Ctrl/axis.cpp.obj
LOAD CMakeFiles/ctrl.elf.dir/Ctrl/controller.cpp.obj
LOAD CMakeFiles/ctrl.elf.dir/Ctrl/drv8301.cpp.obj
LOAD CMakeFiles/ctrl.elf.dir/Ctrl/encoder.cpp.obj
LOAD CMakeFiles/ctrl.elf.dir/Ctrl/foc.cpp.obj
LOAD CMakeFiles/ctrl.elf.dir/Ctrl/low_level.cpp.obj
LOAD CMakeFiles/ctrl.elf.dir/Ctrl/motor.cpp.obj
LOAD CMakeFiles/ctrl.elf.dir/Ctrl/open_loop_controller.cpp.obj
LOAD CMakeFiles/ctrl.elf.dir/Ctrl/test_foc.cpp.obj
LOAD CMakeFiles/ctrl.elf.dir/Ctrl/utils.cpp.obj
LOAD CMakeFiles/ctrl.elf.dir/Drivers/STM32F4xx_HAL_Driver/Src/stm32f4xx_hal.c.obj
LOAD CMakeFiles/ctrl.elf.dir/Drivers/STM32F4xx_HAL_Driver/Src/stm32f4xx_hal_adc.c.obj
LOAD CMakeFiles/ctrl.elf.dir/Drivers/STM32F4xx_HAL_Driver/Src/stm32f4xx_hal_adc_ex.c.obj
LOAD CMakeFiles/ctrl.elf.dir/Drivers/STM32F4xx_HAL_Driver/Src/stm32f4xx_hal_cortex.c.obj
LOAD CMakeFiles/ctrl.elf.dir/Drivers/STM32F4xx_HAL_Driver/Src/stm32f4xx_hal_dma.c.obj
LOAD CMakeFiles/ctrl.elf.dir/Drivers/STM32F4xx_HAL_Driver/Src/stm32f4xx_hal_dma_ex.c.obj
LOAD CMakeFiles/ctrl.elf.dir/Drivers/STM32F4xx_HAL_Driver/Src/stm32f4xx_hal_exti.c.obj
LOAD CMakeFiles/ctrl.elf.dir/Drivers/STM32F4xx_HAL_Driver/Src/stm32f4xx_hal_flash.c.obj
LOAD CMakeFiles/ctrl.elf.dir/Drivers/STM32F4xx_HAL_Driver/Src/stm32f4xx_hal_flash_ex.c.obj
LOAD CMakeFiles/ctrl.elf.dir/Drivers/STM32F4xx_HAL_Driver/Src/stm32f4xx_hal_flash_ramfunc.c.obj
LOAD CMakeFiles/ctrl.elf.dir/Drivers/STM32F4xx_HAL_Driver/Src/stm32f4xx_hal_gpio.c.obj
LOAD CMakeFiles/ctrl.elf.dir/Drivers/STM32F4xx_HAL_Driver/Src/stm32f4xx_hal_pcd.c.obj
LOAD CMakeFiles/ctrl.elf.dir/Drivers/STM32F4xx_HAL_Driver/Src/stm32f4xx_hal_pcd_ex.c.obj
LOAD CMakeFiles/ctrl.elf.dir/Drivers/STM32F4xx_HAL_Driver/Src/stm32f4xx_hal_pwr.c.obj
LOAD CMakeFiles/ctrl.elf.dir/Drivers/STM32F4xx_HAL_Driver/Src/stm32f4xx_hal_pwr_ex.c.obj
LOAD CMakeFiles/ctrl.elf.dir/Drivers/STM32F4xx_HAL_Driver/Src/stm32f4xx_hal_rcc.c.obj
LOAD CMakeFiles/ctrl.elf.dir/Drivers/STM32F4xx_HAL_Driver/Src/stm32f4xx_hal_rcc_ex.c.obj
LOAD CMakeFiles/ctrl.elf.dir/Drivers/STM32F4xx_HAL_Driver/Src/stm32f4xx_hal_spi.c.obj
LOAD CMakeFiles/ctrl.elf.dir/Drivers/STM32F4xx_HAL_Driver/Src/stm32f4xx_hal_tim.c.obj
LOAD CMakeFiles/ctrl.elf.dir/Drivers/STM32F4xx_HAL_Driver/Src/stm32f4xx_hal_tim_ex.c.obj
LOAD CMakeFiles/ctrl.elf.dir/Drivers/STM32F4xx_HAL_Driver/Src/stm32f4xx_ll_adc.c.obj
LOAD CMakeFiles/ctrl.elf.dir/Drivers/STM32F4xx_HAL_Driver/Src/stm32f4xx_ll_usb.c.obj
LOAD CMakeFiles/ctrl.elf.dir/Middlewares/ST/STM32_USB_Device_Library/Class/CDC/Src/usbd_cdc.c.obj
LOAD CMakeFiles/ctrl.elf.dir/Middlewares/ST/STM32_USB_Device_Library/Core/Src/usbd_core.c.obj
LOAD CMakeFiles/ctrl.elf.dir/Middlewares/ST/STM32_USB_Device_Library/Core/Src/usbd_ctlreq.c.obj
LOAD CMakeFiles/ctrl.elf.dir/Middlewares/ST/STM32_USB_Device_Library/Core/Src/usbd_ioreq.c.obj
LOAD CMakeFiles/ctrl.elf.dir/Middlewares/Third_Party/FreeRTOS/Source/CMSIS_RTOS_V2/cmsis_os2.c.obj
LOAD CMakeFiles/ctrl.elf.dir/Middlewares/Third_Party/FreeRTOS/Source/croutine.c.obj
LOAD CMakeFiles/ctrl.elf.dir/Middlewares/Third_Party/FreeRTOS/Source/event_groups.c.obj
LOAD CMakeFiles/ctrl.elf.dir/Middlewares/Third_Party/FreeRTOS/Source/list.c.obj
LOAD CMakeFiles/ctrl.elf.dir/Middlewares/Third_Party/FreeRTOS/Source/portable/GCC/ARM_CM4F/port.c.obj
LOAD CMakeFiles/ctrl.elf.dir/Middlewares/Third_Party/FreeRTOS/Source/portable/MemMang/heap_4.c.obj
LOAD CMakeFiles/ctrl.elf.dir/Middlewares/Third_Party/FreeRTOS/Source/queue.c.obj
LOAD CMakeFiles/ctrl.elf.dir/Middlewares/Third_Party/FreeRTOS/Source/stream_buffer.c.obj
LOAD CMakeFiles/ctrl.elf.dir/Middlewares/Third_Party/FreeRTOS/Source/tasks.c.obj
LOAD CMakeFiles/ctrl.elf.dir/Middlewares/Third_Party/FreeRTOS/Source/timers.c.obj
LOAD CMakeFiles/ctrl.elf.dir/Stm32_Interface/stm32_gpio.cpp.obj
LOAD CMakeFiles/ctrl.elf.dir/Stm32_Interface/stm32_spi.cpp.obj
LOAD CMakeFiles/ctrl.elf.dir/Tools/vofa.cpp.obj
LOAD CMakeFiles/ctrl.elf.dir/USB_DEVICE/App/usb_device.c.obj
LOAD CMakeFiles/ctrl.elf.dir/USB_DEVICE/App/usbd_cdc_if.c.obj
LOAD CMakeFiles/ctrl.elf.dir/USB_DEVICE/App/usbd_desc.c.obj
LOAD CMakeFiles/ctrl.elf.dir/USB_DEVICE/Target/usbd_conf.c.obj
LOAD D:\my_project\graduation_project\firmware\ctrl\Middlewares\ST\ARM\DSP\Lib\libarm_cortexM4lf_math.a
LOAD d:/tools/gcc/installfile/11.3 rel1/bin/../lib/gcc/arm-none-eabi/11.3.1/thumb/v7e-m+fp/hard\libstdc++.a
LOAD d:/tools/gcc/installfile/11.3 rel1/bin/../lib/gcc/arm-none-eabi/11.3.1/thumb/v7e-m+fp/hard\libm.a
START GROUP
LOAD d:/tools/gcc/installfile/11.3 rel1/bin/../lib/gcc/arm-none-eabi/11.3.1/thumb/v7e-m+fp/hard\libgcc.a
LOAD d:/tools/gcc/installfile/11.3 rel1/bin/../lib/gcc/arm-none-eabi/11.3.1/thumb/v7e-m+fp/hard\libg.a
LOAD d:/tools/gcc/installfile/11.3 rel1/bin/../lib/gcc/arm-none-eabi/11.3.1/thumb/v7e-m+fp/hard\libc.a
END GROUP
LOAD d:/tools/gcc/installfile/11.3 rel1/bin/../lib/gcc/arm-none-eabi/11.3.1/thumb/v7e-m+fp/hard/crtend.o
LOAD d:/tools/gcc/installfile/11.3 rel1/bin/../lib/gcc/arm-none-eabi/11.3.1/thumb/v7e-m+fp/hard/crtn.o
                0x20020000                _estack = (ORIGIN (RAM) + LENGTH (RAM))
                0x00000200                _Min_Heap_Size = 0x200
                0x00000400                _Min_Stack_Size = 0x400

.isr_vector     0x08000000      0x188
                0x08000000                . = ALIGN (0x4)
 *(.isr_vector)
 .isr_vector    0x08000000      0x188 CMakeFiles/ctrl.elf.dir/Core/Startup/startup_stm32f405rgtx.s.obj
                0x08000000                g_pfnVectors
                0x08000188                . = ALIGN (0x4)

.text           0x080001c0    0x1a37c
                0x080001c0                . = ALIGN (0x4)
 *(.text)
 .text          0x080001c0      0x378 d:/tools/gcc/installfile/11.3 rel1/bin/../lib/gcc/arm-none-eabi/11.3.1/thumb/v7e-m+fp/hard\libgcc.a(_arm_addsubdf3.o)
                0x080001c0                __aeabi_drsub
                0x080001c8                __aeabi_dsub
                0x080001c8                __subdf3
                0x080001cc                __aeabi_dadd
                0x080001cc                __adddf3
                0x08000444                __floatunsidf
                0x08000444                __aeabi_ui2d
                0x08000464                __floatsidf
                0x08000464                __aeabi_i2d
                0x08000488                __aeabi_f2d
                0x08000488                __extendsfdf2
                0x080004cc                __floatundidf
                0x080004cc                __aeabi_ul2d
                0x080004dc                __floatdidf
                0x080004dc                __aeabi_l2d
 .text          0x08000538      0x424 d:/tools/gcc/installfile/11.3 rel1/bin/../lib/gcc/arm-none-eabi/11.3.1/thumb/v7e-m+fp/hard\libgcc.a(_arm_muldivdf3.o)
                0x08000538                __aeabi_dmul
                0x08000538                __muldf3
                0x0800078c                __divdf3
                0x0800078c                __aeabi_ddiv
 .text          0x0800095c      0x110 d:/tools/gcc/installfile/11.3 rel1/bin/../lib/gcc/arm-none-eabi/11.3.1/thumb/v7e-m+fp/hard\libgcc.a(_arm_cmpdf2.o)
                0x0800095c                __gtdf2
                0x0800095c                __gedf2
                0x08000964                __ltdf2
                0x08000964                __ledf2
                0x0800096c                __nedf2
                0x0800096c                __eqdf2
                0x0800096c                __cmpdf2
                0x080009e8                __aeabi_cdrcmple
                0x080009f8                __aeabi_cdcmpeq
                0x080009f8                __aeabi_cdcmple
                0x08000a08                __aeabi_dcmpeq
                0x08000a1c                __aeabi_dcmplt
                0x08000a30                __aeabi_dcmple
                0x08000a44                __aeabi_dcmpge
                0x08000a58                __aeabi_dcmpgt
 .text          0x08000a6c       0x50 d:/tools/gcc/installfile/11.3 rel1/bin/../lib/gcc/arm-none-eabi/11.3.1/thumb/v7e-m+fp/hard\libgcc.a(_arm_fixdfsi.o)
                0x08000a6c                __aeabi_d2iz
                0x08000a6c                __fixdfsi
 .text          0x08000abc       0x30 d:/tools/gcc/installfile/11.3 rel1/bin/../lib/gcc/arm-none-eabi/11.3.1/thumb/v7e-m+fp/hard\libgcc.a(_aeabi_uldivmod.o)
                0x08000abc                __aeabi_uldivmod
 .text          0x08000aec      0x1ac d:/tools/gcc/installfile/11.3 rel1/bin/../lib/gcc/arm-none-eabi/11.3.1/thumb/v7e-m+fp/hard\libgcc.a(libunwind.o)
                0x08000aec                __restore_core_regs
                0x08000aec                restore_core_regs
                0x08000b04                __gnu_Unwind_Restore_VFP
                0x08000b0c                __gnu_Unwind_Save_VFP
                0x08000b14                __gnu_Unwind_Restore_VFP_D
                0x08000b1c                __gnu_Unwind_Save_VFP_D
                0x08000b24                __gnu_Unwind_Restore_VFP_D_16_to_31
                0x08000b2c                __gnu_Unwind_Save_VFP_D_16_to_31
                0x08000b34                __gnu_Unwind_Restore_WMMXD
                0x08000b78                __gnu_Unwind_Save_WMMXD
                0x08000bbc                __gnu_Unwind_Restore_WMMXC
                0x08000bd0                __gnu_Unwind_Save_WMMXC
                0x08000be4                ___Unwind_RaiseException
                0x08000be4                _Unwind_RaiseException
                0x08000c08                _Unwind_Resume
                0x08000c08                ___Unwind_Resume
                0x08000c2c                _Unwind_Resume_or_Rethrow
                0x08000c2c                ___Unwind_Resume_or_Rethrow
                0x08000c50                _Unwind_ForcedUnwind
                0x08000c50                ___Unwind_ForcedUnwind
                0x08000c74                ___Unwind_Backtrace
                0x08000c74                _Unwind_Backtrace
 .text          0x08000c98        0x4 d:/tools/gcc/installfile/11.3 rel1/bin/../lib/gcc/arm-none-eabi/11.3.1/thumb/v7e-m+fp/hard\libgcc.a(_dvmd_tls.o)
                0x08000c98                __aeabi_idiv0
                0x08000c98                __aeabi_ldiv0
 *fill*         0x08000c9c        0x4 
 .text          0x08000ca0      0x2dc d:/tools/gcc/installfile/11.3 rel1/bin/../lib/gcc/arm-none-eabi/11.3.1/thumb/v7e-m+fp/hard\libg.a(libc_a-strcmp.o)
                0x08000ca8                strcmp
 *fill*         0x08000f7c        0x4 
 .text          0x08000f80       0xa0 d:/tools/gcc/installfile/11.3 rel1/bin/../lib/gcc/arm-none-eabi/11.3.1/thumb/v7e-m+fp/hard\libg.a(libc_a-memchr.o)
                0x08000f80                memchr
 .text          0x08001020      0x134 d:/tools/gcc/installfile/11.3 rel1/bin/../lib/gcc/arm-none-eabi/11.3.1/thumb/v7e-m+fp/hard\libg.a(libc_a-memcpy.o)
                0x08001020                memcpy
 *fill*         0x08001154       0x2c 
 .text          0x08001180       0xdc d:/tools/gcc/installfile/11.3 rel1/bin/../lib/gcc/arm-none-eabi/11.3.1/thumb/v7e-m+fp/hard\libg.a(libc_a-strlen.o)
                0x08001180                strlen
 .text          0x0800125c       0x2c d:/tools/gcc/installfile/11.3 rel1/bin/../lib/gcc/arm-none-eabi/11.3.1/thumb/v7e-m+fp/hard\libgcc.a(_arm_unorddf2.o)
                0x0800125c                __unorddf2
                0x0800125c                __aeabi_dcmpun
 *(.text*)
 .text.deregister_tm_clones
                0x08001288       0x1c d:/tools/gcc/installfile/11.3 rel1/bin/../lib/gcc/arm-none-eabi/11.3.1/thumb/v7e-m+fp/hard/crtbegin.o
 .text.register_tm_clones
                0x080012a4       0x24 d:/tools/gcc/installfile/11.3 rel1/bin/../lib/gcc/arm-none-eabi/11.3.1/thumb/v7e-m+fp/hard/crtbegin.o
 .text.__do_global_dtors_aux
                0x080012c8       0x28 d:/tools/gcc/installfile/11.3 rel1/bin/../lib/gcc/arm-none-eabi/11.3.1/thumb/v7e-m+fp/hard/crtbegin.o
 .text.frame_dummy
                0x080012f0       0x24 d:/tools/gcc/installfile/11.3 rel1/bin/../lib/gcc/arm-none-eabi/11.3.1/thumb/v7e-m+fp/hard/crtbegin.o
 .text._ZL9rtos_mainPv
                0x08001314       0x40 CMakeFiles/ctrl.elf.dir/application/main.cpp.obj
 .text._ZN4Ctrl11sampling_cbEv
                0x08001354       0x10 CMakeFiles/ctrl.elf.dir/application/main.cpp.obj
                0x08001354                Ctrl::sampling_cb()
 .text.main     0x08001364       0x50 CMakeFiles/ctrl.elf.dir/application/main.cpp.obj
                0x08001364                main
 .text._ZN4Ctrl15control_loop_cbEv
                0x080013b4       0x5c CMakeFiles/ctrl.elf.dir/application/main.cpp.obj
                0x080013b4                Ctrl::control_loop_cb()
 .text.MX_ADC1_Init
                0x08001410       0xdc CMakeFiles/ctrl.elf.dir/Core/Src/adc.c.obj
                0x08001410                MX_ADC1_Init
 .text.HAL_ADC_MspInit
                0x080014ec       0xac CMakeFiles/ctrl.elf.dir/Core/Src/adc.c.obj
                0x080014ec                HAL_ADC_MspInit
 .text._Z41__static_initialization_and_destruction_0ii
                0x08001598      0x2f4 CMakeFiles/ctrl.elf.dir/Core/Src/board.cpp.obj
 .text._Z11system_initv
                0x0800188c        0xc CMakeFiles/ctrl.elf.dir/Core/Src/board.cpp.obj
                0x0800188c                system_init()
 .text._Z10board_initv
                0x08001898       0x22 CMakeFiles/ctrl.elf.dir/Core/Src/board.cpp.obj
                0x08001898                board_init()
 *fill*         0x080018ba        0x2 
 .text._Z12start_timersv
                0x080018bc       0x44 CMakeFiles/ctrl.elf.dir/Core/Src/board.cpp.obj
                0x080018bc                start_timers()
 .text._Z10start_adcsv
                0x08001900       0x18 CMakeFiles/ctrl.elf.dir/Core/Src/board.cpp.obj
                0x08001900                start_adcs()
 .text._Z20fetch_and_reset_adcsPSt8optionalI9Iph_ABC_tE
                0x08001918       0x98 CMakeFiles/ctrl.elf.dir/Core/Src/board.cpp.obj
                0x08001918                fetch_and_reset_adcs(std::optional<Iph_ABC_t>*)
 .text.control_loop_irq_handler
                0x080019b0       0x70 CMakeFiles/ctrl.elf.dir/Core/Src/board.cpp.obj
                0x080019b0                control_loop_irq_handler
 .text._GLOBAL__sub_I_led_green
                0x08001a20        0xe CMakeFiles/ctrl.elf.dir/Core/Src/board.cpp.obj
 *fill*         0x08001a2e        0x2 
 .text.MX_DMA_Init
                0x08001a30       0x34 CMakeFiles/ctrl.elf.dir/Core/Src/dma.c.obj
                0x08001a30                MX_DMA_Init
 .text.MX_GPIO_Init
                0x08001a64       0xec CMakeFiles/ctrl.elf.dir/Core/Src/gpio.c.obj
                0x08001a64                MX_GPIO_Init
 .text.HAL_TIM_PeriodElapsedCallback
                0x08001b50       0x18 CMakeFiles/ctrl.elf.dir/Core/Src/main.c.obj
                0x08001b50                HAL_TIM_PeriodElapsedCallback
 .text.Error_Handler
                0x08001b68        0x4 CMakeFiles/ctrl.elf.dir/Core/Src/main.c.obj
                0x08001b68                Error_Handler
 .text.SystemClock_Config
                0x08001b6c       0xa8 CMakeFiles/ctrl.elf.dir/Core/Src/main.c.obj
                0x08001b6c                SystemClock_Config
 .text.MX_SPI1_Init
                0x08001c14       0x4c CMakeFiles/ctrl.elf.dir/Core/Src/spi.c.obj
                0x08001c14                MX_SPI1_Init
 .text.MX_SPI3_Init
                0x08001c60       0x48 CMakeFiles/ctrl.elf.dir/Core/Src/spi.c.obj
                0x08001c60                MX_SPI3_Init
 .text.HAL_SPI_MspInit
                0x08001ca8       0xf0 CMakeFiles/ctrl.elf.dir/Core/Src/spi.c.obj
                0x08001ca8                HAL_SPI_MspInit
 .text.HAL_MspInit
                0x08001d98       0x44 CMakeFiles/ctrl.elf.dir/Core/Src/stm32f4xx_hal_msp.c.obj
                0x08001d98                HAL_MspInit
 .text.HAL_InitTick
                0x08001ddc       0xa4 CMakeFiles/ctrl.elf.dir/Core/Src/stm32f4xx_hal_timebase_tim.c.obj
                0x08001ddc                HAL_InitTick
 .text.NMI_Handler
                0x08001e80        0x2 CMakeFiles/ctrl.elf.dir/Core/Src/stm32f4xx_it.c.obj
                0x08001e80                NMI_Handler
 .text.HardFault_Handler
                0x08001e82        0x2 CMakeFiles/ctrl.elf.dir/Core/Src/stm32f4xx_it.c.obj
                0x08001e82                HardFault_Handler
 .text.MemManage_Handler
                0x08001e84        0x2 CMakeFiles/ctrl.elf.dir/Core/Src/stm32f4xx_it.c.obj
                0x08001e84                MemManage_Handler
 .text.BusFault_Handler
                0x08001e86        0x2 CMakeFiles/ctrl.elf.dir/Core/Src/stm32f4xx_it.c.obj
                0x08001e86                BusFault_Handler
 .text.UsageFault_Handler
                0x08001e88        0x2 CMakeFiles/ctrl.elf.dir/Core/Src/stm32f4xx_it.c.obj
                0x08001e88                UsageFault_Handler
 .text.DebugMon_Handler
                0x08001e8a        0x2 CMakeFiles/ctrl.elf.dir/Core/Src/stm32f4xx_it.c.obj
                0x08001e8a                DebugMon_Handler
 .text.TIM1_UP_TIM10_IRQHandler
                0x08001e8c       0x14 CMakeFiles/ctrl.elf.dir/Core/Src/stm32f4xx_it.c.obj
                0x08001e8c                TIM1_UP_TIM10_IRQHandler
 .text.TIM6_DAC_IRQHandler
                0x08001ea0       0x10 CMakeFiles/ctrl.elf.dir/Core/Src/stm32f4xx_it.c.obj
                0x08001ea0                TIM6_DAC_IRQHandler
 .text.DMA2_Stream0_IRQHandler
                0x08001eb0       0x10 CMakeFiles/ctrl.elf.dir/Core/Src/stm32f4xx_it.c.obj
                0x08001eb0                DMA2_Stream0_IRQHandler
 .text.OTG_FS_IRQHandler
                0x08001ec0       0x10 CMakeFiles/ctrl.elf.dir/Core/Src/stm32f4xx_it.c.obj
                0x08001ec0                OTG_FS_IRQHandler
 .text._getpid  0x08001ed0        0x4 CMakeFiles/ctrl.elf.dir/Core/Src/syscalls.c.obj
                0x08001ed0                _getpid
 .text._kill    0x08001ed4       0x10 CMakeFiles/ctrl.elf.dir/Core/Src/syscalls.c.obj
                0x08001ed4                _kill
 .text._exit    0x08001ee4        0xc CMakeFiles/ctrl.elf.dir/Core/Src/syscalls.c.obj
                0x08001ee4                _exit
 .text._read    0x08001ef0       0x20 CMakeFiles/ctrl.elf.dir/Core/Src/syscalls.c.obj
                0x08001ef0                _read
 .text._write   0x08001f10       0x1c CMakeFiles/ctrl.elf.dir/Core/Src/syscalls.c.obj
                0x08001f10                _write
 .text._close   0x08001f2c        0x6 CMakeFiles/ctrl.elf.dir/Core/Src/syscalls.c.obj
                0x08001f2c                _close
 .text._fstat   0x08001f32        0xa CMakeFiles/ctrl.elf.dir/Core/Src/syscalls.c.obj
                0x08001f32                _fstat
 .text._isatty  0x08001f3c        0x4 CMakeFiles/ctrl.elf.dir/Core/Src/syscalls.c.obj
                0x08001f3c                _isatty
 .text._lseek   0x08001f40        0x4 CMakeFiles/ctrl.elf.dir/Core/Src/syscalls.c.obj
                0x08001f40                _lseek
 .text._sbrk    0x08001f44       0x48 CMakeFiles/ctrl.elf.dir/Core/Src/sysmem.c.obj
                0x08001f44                _sbrk
 .text.SystemInit
                0x08001f8c       0x14 CMakeFiles/ctrl.elf.dir/Core/Src/system_stm32f4xx.c.obj
                0x08001f8c                SystemInit
 .text.HAL_TIM_Base_MspInit
                0x08001fa0       0x40 CMakeFiles/ctrl.elf.dir/Core/Src/tim.c.obj
                0x08001fa0                HAL_TIM_Base_MspInit
 .text.HAL_TIM_MspPostInit
                0x08001fe0       0x84 CMakeFiles/ctrl.elf.dir/Core/Src/tim.c.obj
                0x08001fe0                HAL_TIM_MspPostInit
 .text.MX_TIM1_Init
                0x08002064      0x134 CMakeFiles/ctrl.elf.dir/Core/Src/tim.c.obj
                0x08002064                MX_TIM1_Init
 .text.Reset_Handler
                0x08002198       0x50 CMakeFiles/ctrl.elf.dir/Core/Startup/startup_stm32f405rgtx.s.obj
                0x08002198                Reset_Handler
 .text.Default_Handler
                0x080021e8        0x2 CMakeFiles/ctrl.elf.dir/Core/Startup/startup_stm32f405rgtx.s.obj
                0x080021e8                RTC_Alarm_IRQHandler
                0x080021e8                HASH_RNG_IRQHandler
                0x080021e8                EXTI2_IRQHandler
                0x080021e8                TIM8_CC_IRQHandler
                0x080021e8                TIM1_CC_IRQHandler
                0x080021e8                DMA2_Stream5_IRQHandler
                0x080021e8                DMA1_Stream5_IRQHandler
                0x080021e8                PVD_IRQHandler
                0x080021e8                SDIO_IRQHandler
                0x080021e8                TAMP_STAMP_IRQHandler
                0x080021e8                CAN2_RX1_IRQHandler
                0x080021e8                EXTI3_IRQHandler
                0x080021e8                TIM8_TRG_COM_TIM14_IRQHandler
                0x080021e8                TIM8_UP_TIM13_IRQHandler
                0x080021e8                I2C3_ER_IRQHandler
                0x080021e8                EXTI0_IRQHandler
                0x080021e8                I2C2_EV_IRQHandler
                0x080021e8                DMA1_Stream2_IRQHandler
                0x080021e8                CAN1_RX0_IRQHandler
                0x080021e8                FPU_IRQHandler
                0x080021e8                OTG_HS_WKUP_IRQHandler
                0x080021e8                CAN2_SCE_IRQHandler
                0x080021e8                DMA2_Stream2_IRQHandler
                0x080021e8                SPI1_IRQHandler
                0x080021e8                TIM1_BRK_TIM9_IRQHandler
                0x080021e8                CAN2_RX0_IRQHandler
                0x080021e8                DMA2_Stream3_IRQHandler
                0x080021e8                USART6_IRQHandler
                0x080021e8                USART3_IRQHandler
                0x080021e8                CAN1_RX1_IRQHandler
                0x080021e8                UART5_IRQHandler
                0x080021e8                TIM4_IRQHandler
                0x080021e8                I2C1_EV_IRQHandler
                0x080021e8                DMA1_Stream6_IRQHandler
                0x080021e8                DMA1_Stream1_IRQHandler
                0x080021e8                UART4_IRQHandler
                0x080021e8                TIM3_IRQHandler
                0x080021e8                RCC_IRQHandler
                0x080021e8                TIM8_BRK_TIM12_IRQHandler
                0x080021e8                Default_Handler
                0x080021e8                EXTI15_10_IRQHandler
                0x080021e8                ADC_IRQHandler
                0x080021e8                DMA1_Stream7_IRQHandler
                0x080021e8                TIM7_IRQHandler
                0x080021e8                CAN2_TX_IRQHandler
                0x080021e8                TIM5_IRQHandler
                0x080021e8                DMA2_Stream7_IRQHandler
                0x080021e8                I2C3_EV_IRQHandler
                0x080021e8                EXTI9_5_IRQHandler
                0x080021e8                RTC_WKUP_IRQHandler
                0x080021e8                SPI2_IRQHandler
                0x080021e8                OTG_HS_EP1_IN_IRQHandler
                0x080021e8                DMA1_Stream0_IRQHandler
                0x080021e8                CAN1_TX_IRQHandler
                0x080021e8                EXTI4_IRQHandler
                0x080021e8                FSMC_IRQHandler
                0x080021e8                OTG_HS_EP1_OUT_IRQHandler
                0x080021e8                WWDG_IRQHandler
                0x080021e8                TIM2_IRQHandler
                0x080021e8                OTG_FS_WKUP_IRQHandler
                0x080021e8                TIM1_TRG_COM_TIM11_IRQHandler
                0x080021e8                OTG_HS_IRQHandler
                0x080021e8                EXTI1_IRQHandler
                0x080021e8                USART2_IRQHandler
                0x080021e8                I2C2_ER_IRQHandler
                0x080021e8                DMA2_Stream1_IRQHandler
                0x080021e8                CAN1_SCE_IRQHandler
                0x080021e8                FLASH_IRQHandler
                0x080021e8                DMA2_Stream4_IRQHandler
                0x080021e8                USART1_IRQHandler
                0x080021e8                SPI3_IRQHandler
                0x080021e8                DMA1_Stream4_IRQHandler
                0x080021e8                I2C1_ER_IRQHandler
                0x080021e8                DMA2_Stream6_IRQHandler
                0x080021e8                DMA1_Stream3_IRQHandler
 *fill*         0x080021ea        0x2 
 .text._ZN4AxisC2ER7EncoderR10ControllerR5Motor
                0x080021ec       0xb4 CMakeFiles/ctrl.elf.dir/Ctrl/axis.cpp.obj
                0x080021ec                Axis::Axis(Encoder&, Controller&, Motor&)
                0x080021ec                Axis::Axis(Encoder&, Controller&, Motor&)
 .text._ZN4Axis12start_threadEv
                0x080022a0       0x3c CMakeFiles/ctrl.elf.dir/Ctrl/axis.cpp.obj
                0x080022a0                Axis::start_thread()
 .text._ZN4Axis22run_state_machine_loopEv
                0x080022dc        0x8 CMakeFiles/ctrl.elf.dir/Ctrl/axis.cpp.obj
                0x080022dc                Axis::run_state_machine_loop()
 .text._ZL30run_state_machine_loop_wrapperPv
                0x080022e4        0x6 CMakeFiles/ctrl.elf.dir/Ctrl/axis.cpp.obj
 .text._ZNKSt18bad_variant_access4whatEv
                0x080022ea        0x4 CMakeFiles/ctrl.elf.dir/Ctrl/controller.cpp.obj
                0x080022ea                std::bad_variant_access::what() const
 *fill*         0x080022ee        0x2 
 .text._ZNSt18bad_variant_accessD2Ev
                0x080022f0       0x14 CMakeFiles/ctrl.elf.dir/Ctrl/controller.cpp.obj
                0x080022f0                std::bad_variant_access::~bad_variant_access()
                0x080022f0                std::bad_variant_access::~bad_variant_access()
 .text._ZNSt18bad_variant_accessD0Ev
                0x08002304       0x1c CMakeFiles/ctrl.elf.dir/Ctrl/controller.cpp.obj
                0x08002304                std::bad_variant_access::~bad_variant_access()
 .text._ZSt26__throw_bad_variant_accessPKc
                0x08002320       0x2c CMakeFiles/ctrl.elf.dir/Ctrl/controller.cpp.obj
                0x08002320                std::__throw_bad_variant_access(char const*)
 .text._ZN9InputPortIfE7presentEv
                0x0800234c       0x6c CMakeFiles/ctrl.elf.dir/Ctrl/controller.cpp.obj
                0x0800234c                InputPort<float>::present()
 .text._ZN7DRV830111set_enabledEb
                0x080023b8        0x4 CMakeFiles/ctrl.elf.dir/Ctrl/drv8301.cpp.obj
                0x080023b8                DRV8301::set_enabled(bool)
 .text._ZN7DRV830112get_midpointEv
                0x080023bc        0xc CMakeFiles/ctrl.elf.dir/Ctrl/drv8301.cpp.obj
                0x080023bc                DRV8301::get_midpoint()
                0x080023c2                non-virtual thunk to DRV8301::get_midpoint()
 .text._ZN7DRV830120get_max_output_swingEv
                0x080023c8       0x18 CMakeFiles/ctrl.elf.dir/Ctrl/drv8301.cpp.obj
                0x080023c8                DRV8301::get_max_output_swing()
                0x080023d4                non-virtual thunk to DRV8301::get_max_output_swing()
 .text._ZN7DRV83018is_readyEv
                0x080023e0        0xe CMakeFiles/ctrl.elf.dir/Ctrl/drv8301.cpp.obj
                0x080023e0                DRV8301::is_ready()
 .text._ZThn4_N7DRV83018is_readyEv
                0x080023ee        0x8 CMakeFiles/ctrl.elf.dir/Ctrl/drv8301.cpp.obj
                0x080023ee                non-virtual thunk to DRV8301::is_ready()
 *fill*         0x080023f6        0x2 
 .text._ZN7DRV83016configEfPf
                0x080023f8       0x80 CMakeFiles/ctrl.elf.dir/Ctrl/drv8301.cpp.obj
                0x080023f8                DRV8301::config(float, float*)
 .text._ZN7DRV83018read_regENS_9RegName_eEPt
                0x08002478       0x7c CMakeFiles/ctrl.elf.dir/Ctrl/drv8301.cpp.obj
                0x08002478                DRV8301::read_reg(DRV8301::RegName_e, unsigned short*)
 .text._ZN7DRV83019get_errorEv
                0x080024f4       0x3a CMakeFiles/ctrl.elf.dir/Ctrl/drv8301.cpp.obj
                0x080024f4                DRV8301::get_error()
 *fill*         0x0800252e        0x2 
 .text._ZN7DRV83019write_regENS_9RegName_eEt
                0x08002530       0x38 CMakeFiles/ctrl.elf.dir/Ctrl/drv8301.cpp.obj
                0x08002530                DRV8301::write_reg(DRV8301::RegName_e, unsigned short)
 .text._ZN7DRV83014initEv
                0x08002568      0x10c CMakeFiles/ctrl.elf.dir/Ctrl/drv8301.cpp.obj
                0x08002568                DRV8301::init()
 .text._ZSt26__throw_bad_variant_accessb
                0x08002674       0x18 CMakeFiles/ctrl.elf.dir/Ctrl/encoder.cpp.obj
                0x08002674                std::__throw_bad_variant_access(bool)
 .text._ZN7EncoderC2EP9STM32_SPI
                0x0800268c       0xa4 CMakeFiles/ctrl.elf.dir/Ctrl/encoder.cpp.obj
                0x0800268c                Encoder::Encoder(STM32_SPI*)
                0x0800268c                Encoder::Encoder(STM32_SPI*)
 .text._ZN7Encoder16update_pll_gainsEv
                0x08002730       0x1e CMakeFiles/ctrl.elf.dir/Ctrl/encoder.cpp.obj
                0x08002730                Encoder::update_pll_gains()
 .text._ZN7Encoder10abs_spi_cbEv
                0x0800274e       0x32 CMakeFiles/ctrl.elf.dir/Ctrl/encoder.cpp.obj
                0x0800274e                Encoder::abs_spi_cb()
 .text._ZN7Encoder25abs_spi_start_transactionEv
                0x08002780       0x4a CMakeFiles/ctrl.elf.dir/Ctrl/encoder.cpp.obj
                0x08002780                Encoder::abs_spi_start_transaction()
 .text._ZN7Encoder10sample_nowEv
                0x080027ca       0x26 CMakeFiles/ctrl.elf.dir/Ctrl/encoder.cpp.obj
                0x080027ca                Encoder::sample_now()
 .text._ZN7Encoder6updateEv
                0x080027f0      0x2cc CMakeFiles/ctrl.elf.dir/Ctrl/encoder.cpp.obj
                0x080027f0                Encoder::update()
 .text._ZN7Encoder19abs_spi_cs_pin_initEv
                0x08002abc       0x1c CMakeFiles/ctrl.elf.dir/Ctrl/encoder.cpp.obj
                0x08002abc                Encoder::abs_spi_cs_pin_init()
 .text._ZN7Encoder4initEv
                0x08002ad8       0x76 CMakeFiles/ctrl.elf.dir/Ctrl/encoder.cpp.obj
                0x08002ad8                Encoder::init()
 *fill*         0x08002b4e        0x2 
 .text._ZNKSt19bad_optional_access4whatEv
                0x08002b50        0x8 CMakeFiles/ctrl.elf.dir/Ctrl/foc.cpp.obj
                0x08002b50                std::bad_optional_access::what() const
 .text._ZN24AlphaBetaFrameController14on_measurementESt8optionalIfES0_ISt5arrayIfLj3EEE
                0x08002b58       0x74 CMakeFiles/ctrl.elf.dir/Ctrl/foc.cpp.obj
                0x08002b58                AlphaBetaFrameController::on_measurement(std::optional<float>, std::optional<std::array<float, 3u> >)
 .text._ZN3FOC5resetEv
                0x08002bcc       0x2a CMakeFiles/ctrl.elf.dir/Ctrl/foc.cpp.obj
                0x08002bcc                FOC::reset()
 .text._ZN3FOC14on_measurementESt8optionalIfES0_ISt4pairIffEE
                0x08002bf6       0x5a CMakeFiles/ctrl.elf.dir/Ctrl/foc.cpp.obj
                0x08002bf6                FOC::on_measurement(std::optional<float>, std::optional<std::pair<float, float> >)
 .text._ZN24AlphaBetaFrameController10get_outputERA3_fPSt8optionalIfE
                0x08002c50       0x36 CMakeFiles/ctrl.elf.dir/Ctrl/foc.cpp.obj
                0x08002c50                AlphaBetaFrameController::get_output(float (&) [3], std::optional<float>*)
 *fill*         0x08002c86        0x2 
 .text._ZN3FOC21get_alpha_beta_outputEPSt8optionalISt4pairIffEEPS0_IfE
                0x08002c88      0x2fc CMakeFiles/ctrl.elf.dir/Ctrl/foc.cpp.obj
                0x08002c88                FOC::get_alpha_beta_output(std::optional<std::pair<float, float> >*, std::optional<float>*)
 .text._ZNSt19bad_optional_accessD2Ev
                0x08002f84       0x14 CMakeFiles/ctrl.elf.dir/Ctrl/foc.cpp.obj
                0x08002f84                std::bad_optional_access::~bad_optional_access()
                0x08002f84                std::bad_optional_access::~bad_optional_access()
 .text._ZNSt19bad_optional_accessD0Ev
                0x08002f98       0x1c CMakeFiles/ctrl.elf.dir/Ctrl/foc.cpp.obj
                0x08002f98                std::bad_optional_access::~bad_optional_access()
 .text._ZN9InputPortISt4pairIffEE7presentEv
                0x08002fb4       0x8e CMakeFiles/ctrl.elf.dir/Ctrl/foc.cpp.obj
                0x08002fb4                InputPort<std::pair<float, float> >::present()
 .text._ZN3FOC6updateEv
                0x08003042       0xc0 CMakeFiles/ctrl.elf.dir/Ctrl/foc.cpp.obj
                0x08003042                FOC::update()
 .text._ZThn4_N3FOC6updateEv
                0x08003102        0x8 CMakeFiles/ctrl.elf.dir/Ctrl/foc.cpp.obj
                0x08003102                non-virtual thunk to FOC::update()
 *fill*         0x0800310a        0x2 
 .text.start_adc_pwm
                0x0800310c       0x88 CMakeFiles/ctrl.elf.dir/Ctrl/low_level.cpp.obj
                0x0800310c                start_adc_pwm
 .text.vbus_sense_adc_cb
                0x08003194       0x20 CMakeFiles/ctrl.elf.dir/Ctrl/low_level.cpp.obj
                0x08003194                vbus_sense_adc_cb
 .text._ZN5Motor31update_current_controller_gainsEv
                0x080031b4       0x4c CMakeFiles/ctrl.elf.dir/Ctrl/motor.cpp.obj
                0x080031b4                Motor::update_current_controller_gains()
 .text._ZN5Motor12apply_configEv
                0x08003200       0x12 CMakeFiles/ctrl.elf.dir/Ctrl/motor.cpp.obj
                0x08003200                Motor::apply_config()
 *fill*         0x08003212        0x2 
 .text._ZN5MotorC2EP17TIM_HandleTypeDefhf7DRV8301
                0x08003214      0x1a0 CMakeFiles/ctrl.elf.dir/Ctrl/motor.cpp.obj
                0x08003214                Motor::Motor(TIM_HandleTypeDef*, unsigned char, float, DRV8301)
                0x08003214                Motor::Motor(TIM_HandleTypeDef*, unsigned char, float, DRV8301)
 .text._ZN5Motor4initEv
                0x080033b4       0x64 CMakeFiles/ctrl.elf.dir/Ctrl/motor.cpp.obj
                0x080033b4                Motor::init()
 .text._ZN5Motor25phase_current_from_adcvalEm
                0x08003418       0x44 CMakeFiles/ctrl.elf.dir/Ctrl/motor.cpp.obj
                0x08003418                Motor::phase_current_from_adcval(unsigned long)
 .text._ZN5Motor15current_meas_cbESt8optionalI9Iph_ABC_tE
                0x0800345c      0x190 CMakeFiles/ctrl.elf.dir/Ctrl/motor.cpp.obj
                0x0800345c                Motor::current_meas_cb(std::optional<Iph_ABC_t>)
 .text._ZN5Motor11dc_calib_cbESt8optionalI9Iph_ABC_tE
                0x080035ec       0xb0 CMakeFiles/ctrl.elf.dir/Ctrl/motor.cpp.obj
                0x080035ec                Motor::dc_calib_cb(std::optional<Iph_ABC_t>)
 .text._ZN5Motor13pwm_update_cbEv
                0x0800369c       0xb8 CMakeFiles/ctrl.elf.dir/Ctrl/motor.cpp.obj
                0x0800369c                Motor::pwm_update_cb()
 .text._ZN5Motor6updateEv
                0x08003754      0x1a8 CMakeFiles/ctrl.elf.dir/Ctrl/motor.cpp.obj
                0x08003754                Motor::update()
 .text._ZN18OpenLoopController6updateEv
                0x080038fc      0x2cc CMakeFiles/ctrl.elf.dir/Ctrl/open_loop_controller.cpp.obj
                0x080038fc                OpenLoopController::update()
 .text._Z3modii
                0x08003bc8       0x12 CMakeFiles/ctrl.elf.dir/Ctrl/utils.cpp.obj
                0x08003bc8                mod(int, int)
 *fill*         0x08003bda        0x2 
 .text._Z6microsv
                0x08003bdc       0x24 CMakeFiles/ctrl.elf.dir/Ctrl/utils.cpp.obj
                0x08003bdc                micros()
 .text._Z8delay_usm
                0x08003c00       0x1a CMakeFiles/ctrl.elf.dir/Ctrl/utils.cpp.obj
                0x08003c00                delay_us(unsigned long)
 *fill*         0x08003c1a        0x2 
 .text._Z3SVMff
                0x08003c1c      0x1fc CMakeFiles/ctrl.elf.dir/Ctrl/utils.cpp.obj
                0x08003c1c                SVM(float, float)
 .text.HAL_Init
                0x08003e18       0x34 CMakeFiles/ctrl.elf.dir/Drivers/STM32F4xx_HAL_Driver/Src/stm32f4xx_hal.c.obj
                0x08003e18                HAL_Init
 .text.HAL_IncTick
                0x08003e4c       0x18 CMakeFiles/ctrl.elf.dir/Drivers/STM32F4xx_HAL_Driver/Src/stm32f4xx_hal.c.obj
                0x08003e4c                HAL_IncTick
 .text.HAL_GetTick
                0x08003e64        0xc CMakeFiles/ctrl.elf.dir/Drivers/STM32F4xx_HAL_Driver/Src/stm32f4xx_hal.c.obj
                0x08003e64                HAL_GetTick
 .text.HAL_Delay
                0x08003e70       0x28 CMakeFiles/ctrl.elf.dir/Drivers/STM32F4xx_HAL_Driver/Src/stm32f4xx_hal.c.obj
                0x08003e70                HAL_Delay
 .text.ADC_Init
                0x08003e98      0x134 CMakeFiles/ctrl.elf.dir/Drivers/STM32F4xx_HAL_Driver/Src/stm32f4xx_hal_adc.c.obj
 .text.HAL_ADC_Init
                0x08003fcc       0x56 CMakeFiles/ctrl.elf.dir/Drivers/STM32F4xx_HAL_Driver/Src/stm32f4xx_hal_adc.c.obj
                0x08003fcc                HAL_ADC_Init
 *fill*         0x08004022        0x2 
 .text.HAL_ADC_Start_DMA
                0x08004024      0x19c CMakeFiles/ctrl.elf.dir/Drivers/STM32F4xx_HAL_Driver/Src/stm32f4xx_hal_adc.c.obj
                0x08004024                HAL_ADC_Start_DMA
 .text.HAL_ADC_ConvCpltCallback
                0x080041c0        0x2 CMakeFiles/ctrl.elf.dir/Drivers/STM32F4xx_HAL_Driver/Src/stm32f4xx_hal_adc.c.obj
                0x080041c0                HAL_ADC_ConvCpltCallback
 .text.HAL_ADC_ConvHalfCpltCallback
                0x080041c2        0x2 CMakeFiles/ctrl.elf.dir/Drivers/STM32F4xx_HAL_Driver/Src/stm32f4xx_hal_adc.c.obj
                0x080041c2                HAL_ADC_ConvHalfCpltCallback
 .text.ADC_DMAHalfConvCplt
                0x080041c4        0xa CMakeFiles/ctrl.elf.dir/Drivers/STM32F4xx_HAL_Driver/Src/stm32f4xx_hal_adc.c.obj
 .text.HAL_ADC_ErrorCallback
                0x080041ce        0x2 CMakeFiles/ctrl.elf.dir/Drivers/STM32F4xx_HAL_Driver/Src/stm32f4xx_hal_adc.c.obj
                0x080041ce                HAL_ADC_ErrorCallback
 .text.ADC_DMAError
                0x080041d0       0x16 CMakeFiles/ctrl.elf.dir/Drivers/STM32F4xx_HAL_Driver/Src/stm32f4xx_hal_adc.c.obj
 .text.ADC_DMAConvCplt
                0x080041e6       0x72 CMakeFiles/ctrl.elf.dir/Drivers/STM32F4xx_HAL_Driver/Src/stm32f4xx_hal_adc.c.obj
 .text.HAL_ADC_ConfigChannel
                0x08004258      0x194 CMakeFiles/ctrl.elf.dir/Drivers/STM32F4xx_HAL_Driver/Src/stm32f4xx_hal_adc.c.obj
                0x08004258                HAL_ADC_ConfigChannel
 .text.HAL_ADCEx_InjectedStart
                0x080043ec      0x104 CMakeFiles/ctrl.elf.dir/Drivers/STM32F4xx_HAL_Driver/Src/stm32f4xx_hal_adc_ex.c.obj
                0x080043ec                HAL_ADCEx_InjectedStart
 .text.HAL_ADCEx_InjectedConfigChannel
                0x080044f0      0x20c CMakeFiles/ctrl.elf.dir/Drivers/STM32F4xx_HAL_Driver/Src/stm32f4xx_hal_adc_ex.c.obj
                0x080044f0                HAL_ADCEx_InjectedConfigChannel
 .text.HAL_NVIC_SetPriorityGrouping
                0x080046fc       0x24 CMakeFiles/ctrl.elf.dir/Drivers/STM32F4xx_HAL_Driver/Src/stm32f4xx_hal_cortex.c.obj
                0x080046fc                HAL_NVIC_SetPriorityGrouping
 .text.HAL_NVIC_SetPriority
                0x08004720       0x70 CMakeFiles/ctrl.elf.dir/Drivers/STM32F4xx_HAL_Driver/Src/stm32f4xx_hal_cortex.c.obj
                0x08004720                HAL_NVIC_SetPriority
 .text.HAL_NVIC_EnableIRQ
                0x08004790       0x1c CMakeFiles/ctrl.elf.dir/Drivers/STM32F4xx_HAL_Driver/Src/stm32f4xx_hal_cortex.c.obj
                0x08004790                HAL_NVIC_EnableIRQ
 .text.DMA_SetConfig
                0x080047ac       0x2c CMakeFiles/ctrl.elf.dir/Drivers/STM32F4xx_HAL_Driver/Src/stm32f4xx_hal_dma.c.obj
 .text.DMA_CalcBaseAndBitshift
                0x080047d8       0x44 CMakeFiles/ctrl.elf.dir/Drivers/STM32F4xx_HAL_Driver/Src/stm32f4xx_hal_dma.c.obj
 .text.DMA_CheckFifoParam
                0x0800481c       0x8e CMakeFiles/ctrl.elf.dir/Drivers/STM32F4xx_HAL_Driver/Src/stm32f4xx_hal_dma.c.obj
 *fill*         0x080048aa        0x2 
 .text.HAL_DMA_Init
                0x080048ac       0xcc CMakeFiles/ctrl.elf.dir/Drivers/STM32F4xx_HAL_Driver/Src/stm32f4xx_hal_dma.c.obj
                0x080048ac                HAL_DMA_Init
 .text.HAL_DMA_Start_IT
                0x08004978       0x6a CMakeFiles/ctrl.elf.dir/Drivers/STM32F4xx_HAL_Driver/Src/stm32f4xx_hal_dma.c.obj
                0x08004978                HAL_DMA_Start_IT
 *fill*         0x080049e2        0x2 
 .text.HAL_DMA_IRQHandler
                0x080049e4      0x1dc CMakeFiles/ctrl.elf.dir/Drivers/STM32F4xx_HAL_Driver/Src/stm32f4xx_hal_dma.c.obj
                0x080049e4                HAL_DMA_IRQHandler
 .text.HAL_GPIO_Init
                0x08004bc0      0x1ec CMakeFiles/ctrl.elf.dir/Drivers/STM32F4xx_HAL_Driver/Src/stm32f4xx_hal_gpio.c.obj
                0x08004bc0                HAL_GPIO_Init
 .text.HAL_GPIO_WritePin
                0x08004dac        0xc CMakeFiles/ctrl.elf.dir/Drivers/STM32F4xx_HAL_Driver/Src/stm32f4xx_hal_gpio.c.obj
                0x08004dac                HAL_GPIO_WritePin
 .text.HAL_GPIO_TogglePin
                0x08004db8       0x12 CMakeFiles/ctrl.elf.dir/Drivers/STM32F4xx_HAL_Driver/Src/stm32f4xx_hal_gpio.c.obj
                0x08004db8                HAL_GPIO_TogglePin
 .text.PCD_WriteEmptyTxFifo
                0x08004dca       0xd0 CMakeFiles/ctrl.elf.dir/Drivers/STM32F4xx_HAL_Driver/Src/stm32f4xx_hal_pcd.c.obj
 .text.HAL_PCD_Init
                0x08004e9a      0x102 CMakeFiles/ctrl.elf.dir/Drivers/STM32F4xx_HAL_Driver/Src/stm32f4xx_hal_pcd.c.obj
                0x08004e9a                HAL_PCD_Init
 .text.HAL_PCD_Start
                0x08004f9c       0x44 CMakeFiles/ctrl.elf.dir/Drivers/STM32F4xx_HAL_Driver/Src/stm32f4xx_hal_pcd.c.obj
                0x08004f9c                HAL_PCD_Start
 .text.PCD_EP_OutXfrComplete_int
                0x08004fe0      0x104 CMakeFiles/ctrl.elf.dir/Drivers/STM32F4xx_HAL_Driver/Src/stm32f4xx_hal_pcd.c.obj
 .text.PCD_EP_OutSetupPacket_int
                0x080050e4       0x50 CMakeFiles/ctrl.elf.dir/Drivers/STM32F4xx_HAL_Driver/Src/stm32f4xx_hal_pcd.c.obj
 .text.HAL_PCD_SetAddress
                0x08005134       0x26 CMakeFiles/ctrl.elf.dir/Drivers/STM32F4xx_HAL_Driver/Src/stm32f4xx_hal_pcd.c.obj
                0x08005134                HAL_PCD_SetAddress
 .text.HAL_PCD_EP_Open
                0x0800515a       0x8c CMakeFiles/ctrl.elf.dir/Drivers/STM32F4xx_HAL_Driver/Src/stm32f4xx_hal_pcd.c.obj
                0x0800515a                HAL_PCD_EP_Open
 .text.HAL_PCD_EP_Close
                0x080051e6       0x70 CMakeFiles/ctrl.elf.dir/Drivers/STM32F4xx_HAL_Driver/Src/stm32f4xx_hal_pcd.c.obj
                0x080051e6                HAL_PCD_EP_Close
 .text.HAL_PCD_EP_Receive
                0x08005256       0x4a CMakeFiles/ctrl.elf.dir/Drivers/STM32F4xx_HAL_Driver/Src/stm32f4xx_hal_pcd.c.obj
                0x08005256                HAL_PCD_EP_Receive
 .text.HAL_PCD_EP_GetRxCount
                0x080052a0       0x12 CMakeFiles/ctrl.elf.dir/Drivers/STM32F4xx_HAL_Driver/Src/stm32f4xx_hal_pcd.c.obj
                0x080052a0                HAL_PCD_EP_GetRxCount
 .text.HAL_PCD_EP_Transmit
                0x080052b2       0x4a CMakeFiles/ctrl.elf.dir/Drivers/STM32F4xx_HAL_Driver/Src/stm32f4xx_hal_pcd.c.obj
                0x080052b2                HAL_PCD_EP_Transmit
 .text.HAL_PCD_EP_SetStall
                0x080052fc       0x86 CMakeFiles/ctrl.elf.dir/Drivers/STM32F4xx_HAL_Driver/Src/stm32f4xx_hal_pcd.c.obj
                0x080052fc                HAL_PCD_EP_SetStall
 .text.HAL_PCD_EP_ClrStall
                0x08005382       0x74 CMakeFiles/ctrl.elf.dir/Drivers/STM32F4xx_HAL_Driver/Src/stm32f4xx_hal_pcd.c.obj
                0x08005382                HAL_PCD_EP_ClrStall
 .text.HAL_PCD_EP_Abort
                0x080053f6       0x34 CMakeFiles/ctrl.elf.dir/Drivers/STM32F4xx_HAL_Driver/Src/stm32f4xx_hal_pcd.c.obj
                0x080053f6                HAL_PCD_EP_Abort
 .text.HAL_PCD_IRQHandler
                0x0800542a      0x5bc CMakeFiles/ctrl.elf.dir/Drivers/STM32F4xx_HAL_Driver/Src/stm32f4xx_hal_pcd.c.obj
                0x0800542a                HAL_PCD_IRQHandler
 .text.HAL_PCDEx_SetTxFiFo
                0x080059e6       0x4c CMakeFiles/ctrl.elf.dir/Drivers/STM32F4xx_HAL_Driver/Src/stm32f4xx_hal_pcd_ex.c.obj
                0x080059e6                HAL_PCDEx_SetTxFiFo
 .text.HAL_PCDEx_SetRxFiFo
                0x08005a32        0x8 CMakeFiles/ctrl.elf.dir/Drivers/STM32F4xx_HAL_Driver/Src/stm32f4xx_hal_pcd_ex.c.obj
                0x08005a32                HAL_PCDEx_SetRxFiFo
 .text.HAL_PCDEx_LPM_Callback
                0x08005a3a        0x2 CMakeFiles/ctrl.elf.dir/Drivers/STM32F4xx_HAL_Driver/Src/stm32f4xx_hal_pcd_ex.c.obj
                0x08005a3a                HAL_PCDEx_LPM_Callback
 .text.HAL_RCC_OscConfig
                0x08005a3c      0x3f8 CMakeFiles/ctrl.elf.dir/Drivers/STM32F4xx_HAL_Driver/Src/stm32f4xx_hal_rcc.c.obj
                0x08005a3c                HAL_RCC_OscConfig
 .text.HAL_RCC_GetSysClockFreq
                0x08005e34       0xdc CMakeFiles/ctrl.elf.dir/Drivers/STM32F4xx_HAL_Driver/Src/stm32f4xx_hal_rcc.c.obj
                0x08005e34                HAL_RCC_GetSysClockFreq
 .text.HAL_RCC_ClockConfig
                0x08005f10      0x160 CMakeFiles/ctrl.elf.dir/Drivers/STM32F4xx_HAL_Driver/Src/stm32f4xx_hal_rcc.c.obj
                0x08005f10                HAL_RCC_ClockConfig
 .text.HAL_RCC_GetHCLKFreq
                0x08006070        0xc CMakeFiles/ctrl.elf.dir/Drivers/STM32F4xx_HAL_Driver/Src/stm32f4xx_hal_rcc.c.obj
                0x08006070                HAL_RCC_GetHCLKFreq
 .text.HAL_RCC_GetPCLK1Freq
                0x0800607c       0x20 CMakeFiles/ctrl.elf.dir/Drivers/STM32F4xx_HAL_Driver/Src/stm32f4xx_hal_rcc.c.obj
                0x0800607c                HAL_RCC_GetPCLK1Freq
 .text.HAL_RCC_GetClockConfig
                0x0800609c       0x3c CMakeFiles/ctrl.elf.dir/Drivers/STM32F4xx_HAL_Driver/Src/stm32f4xx_hal_rcc.c.obj
                0x0800609c                HAL_RCC_GetClockConfig
 .text.SPI_WaitFlagStateUntilTimeout
                0x080060d8       0xd0 CMakeFiles/ctrl.elf.dir/Drivers/STM32F4xx_HAL_Driver/Src/stm32f4xx_hal_spi.c.obj
 .text.SPI_EndRxTxTransaction
                0x080061a8       0x80 CMakeFiles/ctrl.elf.dir/Drivers/STM32F4xx_HAL_Driver/Src/stm32f4xx_hal_spi.c.obj
 .text.SPI_EndRxTransaction
                0x08006228       0x8c CMakeFiles/ctrl.elf.dir/Drivers/STM32F4xx_HAL_Driver/Src/stm32f4xx_hal_spi.c.obj
 .text.HAL_SPI_Init
                0x080062b4       0xbe CMakeFiles/ctrl.elf.dir/Drivers/STM32F4xx_HAL_Driver/Src/stm32f4xx_hal_spi.c.obj
                0x080062b4                HAL_SPI_Init
 .text.HAL_SPI_Transmit
                0x08006372      0x1c4 CMakeFiles/ctrl.elf.dir/Drivers/STM32F4xx_HAL_Driver/Src/stm32f4xx_hal_spi.c.obj
                0x08006372                HAL_SPI_Transmit
 .text.HAL_SPI_TransmitReceive
                0x08006536      0x254 CMakeFiles/ctrl.elf.dir/Drivers/STM32F4xx_HAL_Driver/Src/stm32f4xx_hal_spi.c.obj
                0x08006536                HAL_SPI_TransmitReceive
 .text.HAL_SPI_Receive
                0x0800678a      0x188 CMakeFiles/ctrl.elf.dir/Drivers/STM32F4xx_HAL_Driver/Src/stm32f4xx_hal_spi.c.obj
                0x0800678a                HAL_SPI_Receive
 *fill*         0x08006912        0x2 
 .text.TIM_OC1_SetConfig
                0x08006914       0x70 CMakeFiles/ctrl.elf.dir/Drivers/STM32F4xx_HAL_Driver/Src/stm32f4xx_hal_tim.c.obj
 .text.TIM_OC3_SetConfig
                0x08006984       0x70 CMakeFiles/ctrl.elf.dir/Drivers/STM32F4xx_HAL_Driver/Src/stm32f4xx_hal_tim.c.obj
 .text.TIM_OC4_SetConfig
                0x080069f4       0x50 CMakeFiles/ctrl.elf.dir/Drivers/STM32F4xx_HAL_Driver/Src/stm32f4xx_hal_tim.c.obj
 .text.TIM_TI1_ConfigInputStage
                0x08006a44       0x26 CMakeFiles/ctrl.elf.dir/Drivers/STM32F4xx_HAL_Driver/Src/stm32f4xx_hal_tim.c.obj
 .text.TIM_TI2_ConfigInputStage
                0x08006a6a       0x28 CMakeFiles/ctrl.elf.dir/Drivers/STM32F4xx_HAL_Driver/Src/stm32f4xx_hal_tim.c.obj
 .text.TIM_ITRx_SetConfig
                0x08006a92       0x10 CMakeFiles/ctrl.elf.dir/Drivers/STM32F4xx_HAL_Driver/Src/stm32f4xx_hal_tim.c.obj
 *fill*         0x08006aa2        0x2 
 .text.HAL_TIM_Base_Start_IT
                0x08006aa4       0x88 CMakeFiles/ctrl.elf.dir/Drivers/STM32F4xx_HAL_Driver/Src/stm32f4xx_hal_tim.c.obj
                0x08006aa4                HAL_TIM_Base_Start_IT
 .text.HAL_TIM_PWM_MspInit
                0x08006b2c        0x2 CMakeFiles/ctrl.elf.dir/Drivers/STM32F4xx_HAL_Driver/Src/stm32f4xx_hal_tim.c.obj
                0x08006b2c                HAL_TIM_PWM_MspInit
 .text.HAL_TIM_OC_DelayElapsedCallback
                0x08006b2e        0x2 CMakeFiles/ctrl.elf.dir/Drivers/STM32F4xx_HAL_Driver/Src/stm32f4xx_hal_tim.c.obj
                0x08006b2e                HAL_TIM_OC_DelayElapsedCallback
 .text.HAL_TIM_IC_CaptureCallback
                0x08006b30        0x2 CMakeFiles/ctrl.elf.dir/Drivers/STM32F4xx_HAL_Driver/Src/stm32f4xx_hal_tim.c.obj
                0x08006b30                HAL_TIM_IC_CaptureCallback
 .text.HAL_TIM_PWM_PulseFinishedCallback
                0x08006b32        0x2 CMakeFiles/ctrl.elf.dir/Drivers/STM32F4xx_HAL_Driver/Src/stm32f4xx_hal_tim.c.obj
                0x08006b32                HAL_TIM_PWM_PulseFinishedCallback
 .text.HAL_TIM_TriggerCallback
                0x08006b34        0x2 CMakeFiles/ctrl.elf.dir/Drivers/STM32F4xx_HAL_Driver/Src/stm32f4xx_hal_tim.c.obj
                0x08006b34                HAL_TIM_TriggerCallback
 .text.HAL_TIM_IRQHandler
                0x08006b36      0x15e CMakeFiles/ctrl.elf.dir/Drivers/STM32F4xx_HAL_Driver/Src/stm32f4xx_hal_tim.c.obj
                0x08006b36                HAL_TIM_IRQHandler
 .text.TIM_Base_SetConfig
                0x08006c94       0xd8 CMakeFiles/ctrl.elf.dir/Drivers/STM32F4xx_HAL_Driver/Src/stm32f4xx_hal_tim.c.obj
                0x08006c94                TIM_Base_SetConfig
 .text.HAL_TIM_Base_Init
                0x08006d6c       0x58 CMakeFiles/ctrl.elf.dir/Drivers/STM32F4xx_HAL_Driver/Src/stm32f4xx_hal_tim.c.obj
                0x08006d6c                HAL_TIM_Base_Init
 .text.HAL_TIM_PWM_Init
                0x08006dc4       0x58 CMakeFiles/ctrl.elf.dir/Drivers/STM32F4xx_HAL_Driver/Src/stm32f4xx_hal_tim.c.obj
                0x08006dc4                HAL_TIM_PWM_Init
 .text.TIM_OC2_SetConfig
                0x08006e1c       0x70 CMakeFiles/ctrl.elf.dir/Drivers/STM32F4xx_HAL_Driver/Src/stm32f4xx_hal_tim.c.obj
                0x08006e1c                TIM_OC2_SetConfig
 .text.HAL_TIM_PWM_ConfigChannel
                0x08006e8c       0xdc CMakeFiles/ctrl.elf.dir/Drivers/STM32F4xx_HAL_Driver/Src/stm32f4xx_hal_tim.c.obj
                0x08006e8c                HAL_TIM_PWM_ConfigChannel
 .text.TIM_ETR_SetConfig
                0x08006f68       0x1a CMakeFiles/ctrl.elf.dir/Drivers/STM32F4xx_HAL_Driver/Src/stm32f4xx_hal_tim.c.obj
                0x08006f68                TIM_ETR_SetConfig
 .text.HAL_TIM_ConfigClockSource
                0x08006f82       0xfe CMakeFiles/ctrl.elf.dir/Drivers/STM32F4xx_HAL_Driver/Src/stm32f4xx_hal_tim.c.obj
                0x08006f82                HAL_TIM_ConfigClockSource
 .text.HAL_TIMEx_MasterConfigSynchronization
                0x08007080       0x8c CMakeFiles/ctrl.elf.dir/Drivers/STM32F4xx_HAL_Driver/Src/stm32f4xx_hal_tim_ex.c.obj
                0x08007080                HAL_TIMEx_MasterConfigSynchronization
 .text.HAL_TIMEx_ConfigBreakDeadTime
                0x0800710c       0x52 CMakeFiles/ctrl.elf.dir/Drivers/STM32F4xx_HAL_Driver/Src/stm32f4xx_hal_tim_ex.c.obj
                0x0800710c                HAL_TIMEx_ConfigBreakDeadTime
 .text.HAL_TIMEx_CommutCallback
                0x0800715e        0x2 CMakeFiles/ctrl.elf.dir/Drivers/STM32F4xx_HAL_Driver/Src/stm32f4xx_hal_tim_ex.c.obj
                0x0800715e                HAL_TIMEx_CommutCallback
 .text.HAL_TIMEx_BreakCallback
                0x08007160        0x2 CMakeFiles/ctrl.elf.dir/Drivers/STM32F4xx_HAL_Driver/Src/stm32f4xx_hal_tim_ex.c.obj
                0x08007160                HAL_TIMEx_BreakCallback
 .text.USB_CoreReset
                0x08007162       0x4a CMakeFiles/ctrl.elf.dir/Drivers/STM32F4xx_HAL_Driver/Src/stm32f4xx_ll_usb.c.obj
 .text.USB_CoreInit
                0x080071ac       0x92 CMakeFiles/ctrl.elf.dir/Drivers/STM32F4xx_HAL_Driver/Src/stm32f4xx_ll_usb.c.obj
                0x080071ac                USB_CoreInit
 *fill*         0x0800723e        0x2 
 .text.USB_SetTurnaroundTime
                0x08007240       0xe4 CMakeFiles/ctrl.elf.dir/Drivers/STM32F4xx_HAL_Driver/Src/stm32f4xx_ll_usb.c.obj
                0x08007240                USB_SetTurnaroundTime
 .text.USB_EnableGlobalInt
                0x08007324        0xc CMakeFiles/ctrl.elf.dir/Drivers/STM32F4xx_HAL_Driver/Src/stm32f4xx_ll_usb.c.obj
                0x08007324                USB_EnableGlobalInt
 .text.USB_DisableGlobalInt
                0x08007330        0xc CMakeFiles/ctrl.elf.dir/Drivers/STM32F4xx_HAL_Driver/Src/stm32f4xx_ll_usb.c.obj
                0x08007330                USB_DisableGlobalInt
 .text.USB_FlushTxFifo
                0x0800733c       0x4a CMakeFiles/ctrl.elf.dir/Drivers/STM32F4xx_HAL_Driver/Src/stm32f4xx_ll_usb.c.obj
                0x0800733c                USB_FlushTxFifo
 .text.USB_FlushRxFifo
                0x08007386       0x46 CMakeFiles/ctrl.elf.dir/Drivers/STM32F4xx_HAL_Driver/Src/stm32f4xx_ll_usb.c.obj
                0x08007386                USB_FlushRxFifo
 .text.USB_SetDevSpeed
                0x080073cc        0xe CMakeFiles/ctrl.elf.dir/Drivers/STM32F4xx_HAL_Driver/Src/stm32f4xx_ll_usb.c.obj
                0x080073cc                USB_SetDevSpeed
 *fill*         0x080073da        0x2 
 .text.USB_DevInit
                0x080073dc      0x194 CMakeFiles/ctrl.elf.dir/Drivers/STM32F4xx_HAL_Driver/Src/stm32f4xx_ll_usb.c.obj
                0x080073dc                USB_DevInit
 .text.USB_GetDevSpeed
                0x08007570       0x22 CMakeFiles/ctrl.elf.dir/Drivers/STM32F4xx_HAL_Driver/Src/stm32f4xx_ll_usb.c.obj
                0x08007570                USB_GetDevSpeed
 .text.USB_ActivateEndpoint
                0x08007592       0x9a CMakeFiles/ctrl.elf.dir/Drivers/STM32F4xx_HAL_Driver/Src/stm32f4xx_ll_usb.c.obj
                0x08007592                USB_ActivateEndpoint
 .text.USB_DeactivateEndpoint
                0x0800762c       0xe0 CMakeFiles/ctrl.elf.dir/Drivers/STM32F4xx_HAL_Driver/Src/stm32f4xx_ll_usb.c.obj
                0x0800762c                USB_DeactivateEndpoint
 .text.USB_EPStopXfer
                0x0800770c       0xbe CMakeFiles/ctrl.elf.dir/Drivers/STM32F4xx_HAL_Driver/Src/stm32f4xx_ll_usb.c.obj
                0x0800770c                USB_EPStopXfer
 .text.USB_WritePacket
                0x080077ca       0x2e CMakeFiles/ctrl.elf.dir/Drivers/STM32F4xx_HAL_Driver/Src/stm32f4xx_ll_usb.c.obj
                0x080077ca                USB_WritePacket
 .text.USB_EPStartXfer
                0x080077f8      0x248 CMakeFiles/ctrl.elf.dir/Drivers/STM32F4xx_HAL_Driver/Src/stm32f4xx_ll_usb.c.obj
                0x080077f8                USB_EPStartXfer
 .text.USB_ReadPacket
                0x08007a40       0x46 CMakeFiles/ctrl.elf.dir/Drivers/STM32F4xx_HAL_Driver/Src/stm32f4xx_ll_usb.c.obj
                0x08007a40                USB_ReadPacket
 .text.USB_EPSetStall
                0x08007a86       0x5a CMakeFiles/ctrl.elf.dir/Drivers/STM32F4xx_HAL_Driver/Src/stm32f4xx_ll_usb.c.obj
                0x08007a86                USB_EPSetStall
 .text.USB_EPClearStall
                0x08007ae0       0x5c CMakeFiles/ctrl.elf.dir/Drivers/STM32F4xx_HAL_Driver/Src/stm32f4xx_ll_usb.c.obj
                0x08007ae0                USB_EPClearStall
 .text.USB_SetDevAddress
                0x08007b3c       0x20 CMakeFiles/ctrl.elf.dir/Drivers/STM32F4xx_HAL_Driver/Src/stm32f4xx_ll_usb.c.obj
                0x08007b3c                USB_SetDevAddress
 .text.USB_DevConnect
                0x08007b5c       0x1c CMakeFiles/ctrl.elf.dir/Drivers/STM32F4xx_HAL_Driver/Src/stm32f4xx_ll_usb.c.obj
                0x08007b5c                USB_DevConnect
 .text.USB_DevDisconnect
                0x08007b78       0x1c CMakeFiles/ctrl.elf.dir/Drivers/STM32F4xx_HAL_Driver/Src/stm32f4xx_ll_usb.c.obj
                0x08007b78                USB_DevDisconnect
 .text.USB_ReadInterrupts
                0x08007b94        0x8 CMakeFiles/ctrl.elf.dir/Drivers/STM32F4xx_HAL_Driver/Src/stm32f4xx_ll_usb.c.obj
                0x08007b94                USB_ReadInterrupts
 .text.USB_ReadDevAllOutEpInterrupt
                0x08007b9c       0x10 CMakeFiles/ctrl.elf.dir/Drivers/STM32F4xx_HAL_Driver/Src/stm32f4xx_ll_usb.c.obj
                0x08007b9c                USB_ReadDevAllOutEpInterrupt
 .text.USB_ReadDevAllInEpInterrupt
                0x08007bac       0x10 CMakeFiles/ctrl.elf.dir/Drivers/STM32F4xx_HAL_Driver/Src/stm32f4xx_ll_usb.c.obj
                0x08007bac                USB_ReadDevAllInEpInterrupt
 .text.USB_ReadDevOutEPInterrupt
                0x08007bbc       0x12 CMakeFiles/ctrl.elf.dir/Drivers/STM32F4xx_HAL_Driver/Src/stm32f4xx_ll_usb.c.obj
                0x08007bbc                USB_ReadDevOutEPInterrupt
 .text.USB_ReadDevInEPInterrupt
                0x08007bce       0x24 CMakeFiles/ctrl.elf.dir/Drivers/STM32F4xx_HAL_Driver/Src/stm32f4xx_ll_usb.c.obj
                0x08007bce                USB_ReadDevInEPInterrupt
 .text.USB_GetMode
                0x08007bf2        0x8 CMakeFiles/ctrl.elf.dir/Drivers/STM32F4xx_HAL_Driver/Src/stm32f4xx_ll_usb.c.obj
                0x08007bf2                USB_GetMode
 .text.USB_SetCurrentMode
                0x08007bfa       0x62 CMakeFiles/ctrl.elf.dir/Drivers/STM32F4xx_HAL_Driver/Src/stm32f4xx_ll_usb.c.obj
                0x08007bfa                USB_SetCurrentMode
 .text.USB_ActivateSetup
                0x08007c5c       0x20 CMakeFiles/ctrl.elf.dir/Drivers/STM32F4xx_HAL_Driver/Src/stm32f4xx_ll_usb.c.obj
                0x08007c5c                USB_ActivateSetup
 .text.USB_EP0_OutStart
                0x08007c7c       0x60 CMakeFiles/ctrl.elf.dir/Drivers/STM32F4xx_HAL_Driver/Src/stm32f4xx_ll_usb.c.obj
                0x08007c7c                USB_EP0_OutStart
 .text.USBD_CDC_EP0_RxReady
                0x08007cdc       0x40 CMakeFiles/ctrl.elf.dir/Middlewares/ST/STM32_USB_Device_Library/Class/CDC/Src/usbd_cdc.c.obj
 .text.USBD_CDC_GetDeviceQualifierDescriptor
                0x08007d1c        0xc CMakeFiles/ctrl.elf.dir/Middlewares/ST/STM32_USB_Device_Library/Class/CDC/Src/usbd_cdc.c.obj
                0x08007d1c                USBD_CDC_GetDeviceQualifierDescriptor
 .text.USBD_CDC_GetOtherSpeedCfgDesc
                0x08007d28       0x48 CMakeFiles/ctrl.elf.dir/Middlewares/ST/STM32_USB_Device_Library/Class/CDC/Src/usbd_cdc.c.obj
 .text.USBD_CDC_GetFSCfgDesc
                0x08007d70       0x48 CMakeFiles/ctrl.elf.dir/Middlewares/ST/STM32_USB_Device_Library/Class/CDC/Src/usbd_cdc.c.obj
 .text.USBD_CDC_GetHSCfgDesc
                0x08007db8       0x48 CMakeFiles/ctrl.elf.dir/Middlewares/ST/STM32_USB_Device_Library/Class/CDC/Src/usbd_cdc.c.obj
 .text.USBD_CDC_DataOut
                0x08007e00       0x38 CMakeFiles/ctrl.elf.dir/Middlewares/ST/STM32_USB_Device_Library/Class/CDC/Src/usbd_cdc.c.obj
 .text.USBD_CDC_DataIn
                0x08007e38       0x7c CMakeFiles/ctrl.elf.dir/Middlewares/ST/STM32_USB_Device_Library/Class/CDC/Src/usbd_cdc.c.obj
 .text.USBD_CDC_Setup
                0x08007eb4      0x11a CMakeFiles/ctrl.elf.dir/Middlewares/ST/STM32_USB_Device_Library/Class/CDC/Src/usbd_cdc.c.obj
 .text.USBD_CDC_DeInit
                0x08007fce       0x64 CMakeFiles/ctrl.elf.dir/Middlewares/ST/STM32_USB_Device_Library/Class/CDC/Src/usbd_cdc.c.obj
 .text.USBD_CDC_Init
                0x08008032       0xee CMakeFiles/ctrl.elf.dir/Middlewares/ST/STM32_USB_Device_Library/Class/CDC/Src/usbd_cdc.c.obj
 .text.USBD_CDC_RegisterInterface
                0x08008120       0x16 CMakeFiles/ctrl.elf.dir/Middlewares/ST/STM32_USB_Device_Library/Class/CDC/Src/usbd_cdc.c.obj
                0x08008120                USBD_CDC_RegisterInterface
 .text.USBD_CDC_SetTxBuffer
                0x08008136       0x1c CMakeFiles/ctrl.elf.dir/Middlewares/ST/STM32_USB_Device_Library/Class/CDC/Src/usbd_cdc.c.obj
                0x08008136                USBD_CDC_SetTxBuffer
 .text.USBD_CDC_SetRxBuffer
                0x08008152       0x18 CMakeFiles/ctrl.elf.dir/Middlewares/ST/STM32_USB_Device_Library/Class/CDC/Src/usbd_cdc.c.obj
                0x08008152                USBD_CDC_SetRxBuffer
 .text.USBD_CDC_TransmitPacket
                0x0800816a       0x3a CMakeFiles/ctrl.elf.dir/Middlewares/ST/STM32_USB_Device_Library/Class/CDC/Src/usbd_cdc.c.obj
                0x0800816a                USBD_CDC_TransmitPacket
 .text.USBD_CDC_ReceivePacket
                0x080081a4       0x38 CMakeFiles/ctrl.elf.dir/Middlewares/ST/STM32_USB_Device_Library/Class/CDC/Src/usbd_cdc.c.obj
                0x080081a4                USBD_CDC_ReceivePacket
 .text.USBD_Init
                0x080081dc       0x2e CMakeFiles/ctrl.elf.dir/Middlewares/ST/STM32_USB_Device_Library/Core/Src/usbd_core.c.obj
                0x080081dc                USBD_Init
 .text.USBD_RegisterClass
                0x0800820a       0x34 CMakeFiles/ctrl.elf.dir/Middlewares/ST/STM32_USB_Device_Library/Core/Src/usbd_core.c.obj
                0x0800820a                USBD_RegisterClass
 .text.USBD_Start
                0x0800823e        0x8 CMakeFiles/ctrl.elf.dir/Middlewares/ST/STM32_USB_Device_Library/Core/Src/usbd_core.c.obj
                0x0800823e                USBD_Start
 .text.USBD_SetClassConfig
                0x08008246       0x12 CMakeFiles/ctrl.elf.dir/Middlewares/ST/STM32_USB_Device_Library/Core/Src/usbd_core.c.obj
                0x08008246                USBD_SetClassConfig
 .text.USBD_ClrClassConfig
                0x08008258       0x12 CMakeFiles/ctrl.elf.dir/Middlewares/ST/STM32_USB_Device_Library/Core/Src/usbd_core.c.obj
                0x08008258                USBD_ClrClassConfig
 .text.USBD_LL_SetupStage
                0x0800826a       0x58 CMakeFiles/ctrl.elf.dir/Middlewares/ST/STM32_USB_Device_Library/Core/Src/usbd_core.c.obj
                0x0800826a                USBD_LL_SetupStage
 .text.USBD_LL_Reset
                0x080082c2       0x64 CMakeFiles/ctrl.elf.dir/Middlewares/ST/STM32_USB_Device_Library/Core/Src/usbd_core.c.obj
                0x080082c2                USBD_LL_Reset
 .text.USBD_LL_SetSpeed
                0x08008326        0x6 CMakeFiles/ctrl.elf.dir/Middlewares/ST/STM32_USB_Device_Library/Core/Src/usbd_core.c.obj
                0x08008326                USBD_LL_SetSpeed
 .text.USBD_LL_Suspend
                0x0800832c       0x1e CMakeFiles/ctrl.elf.dir/Middlewares/ST/STM32_USB_Device_Library/Core/Src/usbd_core.c.obj
                0x0800832c                USBD_LL_Suspend
 .text.USBD_LL_Resume
                0x0800834a       0x1a CMakeFiles/ctrl.elf.dir/Middlewares/ST/STM32_USB_Device_Library/Core/Src/usbd_core.c.obj
                0x0800834a                USBD_LL_Resume
 .text.USBD_LL_SOF
                0x08008364       0x22 CMakeFiles/ctrl.elf.dir/Middlewares/ST/STM32_USB_Device_Library/Core/Src/usbd_core.c.obj
                0x08008364                USBD_LL_SOF
 .text.USBD_LL_IsoINIncomplete
                0x08008386       0x2e CMakeFiles/ctrl.elf.dir/Middlewares/ST/STM32_USB_Device_Library/Core/Src/usbd_core.c.obj
                0x08008386                USBD_LL_IsoINIncomplete
 .text.USBD_LL_IsoOUTIncomplete
                0x080083b4       0x2e CMakeFiles/ctrl.elf.dir/Middlewares/ST/STM32_USB_Device_Library/Core/Src/usbd_core.c.obj
                0x080083b4                USBD_LL_IsoOUTIncomplete
 .text.USBD_LL_DevConnected
                0x080083e2        0x4 CMakeFiles/ctrl.elf.dir/Middlewares/ST/STM32_USB_Device_Library/Core/Src/usbd_core.c.obj
                0x080083e2                USBD_LL_DevConnected
 .text.USBD_LL_DevDisconnected
                0x080083e6       0x20 CMakeFiles/ctrl.elf.dir/Middlewares/ST/STM32_USB_Device_Library/Core/Src/usbd_core.c.obj
                0x080083e6                USBD_LL_DevDisconnected
 .text.USBD_CoreFindIF
                0x08008406        0x4 CMakeFiles/ctrl.elf.dir/Middlewares/ST/STM32_USB_Device_Library/Core/Src/usbd_core.c.obj
                0x08008406                USBD_CoreFindIF
 .text.USBD_CoreFindEP
                0x0800840a        0x4 CMakeFiles/ctrl.elf.dir/Middlewares/ST/STM32_USB_Device_Library/Core/Src/usbd_core.c.obj
                0x0800840a                USBD_CoreFindEP
 .text.USBD_LL_DataOutStage
                0x0800840e       0xc6 CMakeFiles/ctrl.elf.dir/Middlewares/ST/STM32_USB_Device_Library/Core/Src/usbd_core.c.obj
                0x0800840e                USBD_LL_DataOutStage
 .text.USBD_LL_DataInStage
                0x080084d4       0xd6 CMakeFiles/ctrl.elf.dir/Middlewares/ST/STM32_USB_Device_Library/Core/Src/usbd_core.c.obj
                0x080084d4                USBD_LL_DataInStage
 .text.USBD_GetNextDesc
                0x080085aa        0xe CMakeFiles/ctrl.elf.dir/Middlewares/ST/STM32_USB_Device_Library/Core/Src/usbd_core.c.obj
                0x080085aa                USBD_GetNextDesc
 .text.USBD_GetEpDesc
                0x080085b8       0x3e CMakeFiles/ctrl.elf.dir/Middlewares/ST/STM32_USB_Device_Library/Core/Src/usbd_core.c.obj
                0x080085b8                USBD_GetEpDesc
 .text.USBD_GetLen
                0x080085f6       0x14 CMakeFiles/ctrl.elf.dir/Middlewares/ST/STM32_USB_Device_Library/Core/Src/usbd_ctlreq.c.obj
 .text.USBD_ParseSetupRequest
                0x0800860a       0x28 CMakeFiles/ctrl.elf.dir/Middlewares/ST/STM32_USB_Device_Library/Core/Src/usbd_ctlreq.c.obj
                0x0800860a                USBD_ParseSetupRequest
 .text.USBD_CtlError
                0x08008632       0x14 CMakeFiles/ctrl.elf.dir/Middlewares/ST/STM32_USB_Device_Library/Core/Src/usbd_ctlreq.c.obj
                0x08008632                USBD_CtlError
 .text.USBD_GetDescriptor
                0x08008646      0x18a CMakeFiles/ctrl.elf.dir/Middlewares/ST/STM32_USB_Device_Library/Core/Src/usbd_ctlreq.c.obj
 .text.USBD_SetAddress
                0x080087d0       0x50 CMakeFiles/ctrl.elf.dir/Middlewares/ST/STM32_USB_Device_Library/Core/Src/usbd_ctlreq.c.obj
 .text.USBD_SetConfig
                0x08008820       0xcc CMakeFiles/ctrl.elf.dir/Middlewares/ST/STM32_USB_Device_Library/Core/Src/usbd_ctlreq.c.obj
 .text.USBD_GetConfig
                0x080088ec       0x40 CMakeFiles/ctrl.elf.dir/Middlewares/ST/STM32_USB_Device_Library/Core/Src/usbd_ctlreq.c.obj
 .text.USBD_GetStatus
                0x0800892c       0x38 CMakeFiles/ctrl.elf.dir/Middlewares/ST/STM32_USB_Device_Library/Core/Src/usbd_ctlreq.c.obj
 .text.USBD_SetFeature
                0x08008964       0x2a CMakeFiles/ctrl.elf.dir/Middlewares/ST/STM32_USB_Device_Library/Core/Src/usbd_ctlreq.c.obj
 .text.USBD_ClrFeature
                0x0800898e       0x26 CMakeFiles/ctrl.elf.dir/Middlewares/ST/STM32_USB_Device_Library/Core/Src/usbd_ctlreq.c.obj
 .text.USBD_StdDevReq
                0x080089b4       0x76 CMakeFiles/ctrl.elf.dir/Middlewares/ST/STM32_USB_Device_Library/Core/Src/usbd_ctlreq.c.obj
                0x080089b4                USBD_StdDevReq
 .text.USBD_StdItfReq
                0x08008a2a       0x84 CMakeFiles/ctrl.elf.dir/Middlewares/ST/STM32_USB_Device_Library/Core/Src/usbd_ctlreq.c.obj
                0x08008a2a                USBD_StdItfReq
 .text.USBD_StdEPReq
                0x08008aae      0x230 CMakeFiles/ctrl.elf.dir/Middlewares/ST/STM32_USB_Device_Library/Core/Src/usbd_ctlreq.c.obj
                0x08008aae                USBD_StdEPReq
 .text.USBD_GetString
                0x08008cde       0x46 CMakeFiles/ctrl.elf.dir/Middlewares/ST/STM32_USB_Device_Library/Core/Src/usbd_ctlreq.c.obj
                0x08008cde                USBD_GetString
 .text.USBD_CtlSendData
                0x08008d24       0x1a CMakeFiles/ctrl.elf.dir/Middlewares/ST/STM32_USB_Device_Library/Core/Src/usbd_ioreq.c.obj
                0x08008d24                USBD_CtlSendData
 .text.USBD_CtlContinueSendData
                0x08008d3e       0x10 CMakeFiles/ctrl.elf.dir/Middlewares/ST/STM32_USB_Device_Library/Core/Src/usbd_ioreq.c.obj
                0x08008d3e                USBD_CtlContinueSendData
 .text.USBD_CtlPrepareRx
                0x08008d4e       0x1e CMakeFiles/ctrl.elf.dir/Middlewares/ST/STM32_USB_Device_Library/Core/Src/usbd_ioreq.c.obj
                0x08008d4e                USBD_CtlPrepareRx
 .text.USBD_CtlContinueRx
                0x08008d6c       0x10 CMakeFiles/ctrl.elf.dir/Middlewares/ST/STM32_USB_Device_Library/Core/Src/usbd_ioreq.c.obj
                0x08008d6c                USBD_CtlContinueRx
 .text.USBD_CtlSendStatus
                0x08008d7c       0x16 CMakeFiles/ctrl.elf.dir/Middlewares/ST/STM32_USB_Device_Library/Core/Src/usbd_ioreq.c.obj
                0x08008d7c                USBD_CtlSendStatus
 .text.USBD_CtlReceiveStatus
                0x08008d92       0x16 CMakeFiles/ctrl.elf.dir/Middlewares/ST/STM32_USB_Device_Library/Core/Src/usbd_ioreq.c.obj
                0x08008d92                USBD_CtlReceiveStatus
 .text.SysTick_Handler
                0x08008da8       0x18 CMakeFiles/ctrl.elf.dir/Middlewares/Third_Party/FreeRTOS/Source/CMSIS_RTOS_V2/cmsis_os2.c.obj
                0x08008da8                SysTick_Handler
 .text.osKernelInitialize
                0x08008dc0       0x24 CMakeFiles/ctrl.elf.dir/Middlewares/Third_Party/FreeRTOS/Source/CMSIS_RTOS_V2/cmsis_os2.c.obj
                0x08008dc0                osKernelInitialize
 .text.osKernelStart
                0x08008de4       0x38 CMakeFiles/ctrl.elf.dir/Middlewares/Third_Party/FreeRTOS/Source/CMSIS_RTOS_V2/cmsis_os2.c.obj
                0x08008de4                osKernelStart
 .text.osThreadNew
                0x08008e1c       0xbe CMakeFiles/ctrl.elf.dir/Middlewares/Third_Party/FreeRTOS/Source/CMSIS_RTOS_V2/cmsis_os2.c.obj
                0x08008e1c                osThreadNew
 .text.osThreadTerminate
                0x08008eda       0x30 CMakeFiles/ctrl.elf.dir/Middlewares/Third_Party/FreeRTOS/Source/CMSIS_RTOS_V2/cmsis_os2.c.obj
                0x08008eda                osThreadTerminate
 .text.osDelay  0x08008f0a       0x1c CMakeFiles/ctrl.elf.dir/Middlewares/Third_Party/FreeRTOS/Source/CMSIS_RTOS_V2/cmsis_os2.c.obj
                0x08008f0a                osDelay
 *fill*         0x08008f26        0x2 
 .text.vApplicationGetIdleTaskMemory
                0x08008f28       0x18 CMakeFiles/ctrl.elf.dir/Middlewares/Third_Party/FreeRTOS/Source/CMSIS_RTOS_V2/cmsis_os2.c.obj
                0x08008f28                vApplicationGetIdleTaskMemory
 .text.vApplicationGetTimerTaskMemory
                0x08008f40       0x18 CMakeFiles/ctrl.elf.dir/Middlewares/Third_Party/FreeRTOS/Source/CMSIS_RTOS_V2/cmsis_os2.c.obj
                0x08008f40                vApplicationGetTimerTaskMemory
 .text.vListInitialise
                0x08008f58       0x16 CMakeFiles/ctrl.elf.dir/Middlewares/Third_Party/FreeRTOS/Source/list.c.obj
                0x08008f58                vListInitialise
 .text.vListInitialiseItem
                0x08008f6e        0x6 CMakeFiles/ctrl.elf.dir/Middlewares/Third_Party/FreeRTOS/Source/list.c.obj
                0x08008f6e                vListInitialiseItem
 .text.vListInsertEnd
                0x08008f74       0x16 CMakeFiles/ctrl.elf.dir/Middlewares/Third_Party/FreeRTOS/Source/list.c.obj
                0x08008f74                vListInsertEnd
 .text.vListInsert
                0x08008f8a       0x32 CMakeFiles/ctrl.elf.dir/Middlewares/Third_Party/FreeRTOS/Source/list.c.obj
                0x08008f8a                vListInsert
 .text.uxListRemove
                0x08008fbc       0x26 CMakeFiles/ctrl.elf.dir/Middlewares/Third_Party/FreeRTOS/Source/list.c.obj
                0x08008fbc                uxListRemove
 *fill*         0x08008fe2        0x2 
 .text.prvTaskExitError
                0x08008fe4       0x40 CMakeFiles/ctrl.elf.dir/Middlewares/Third_Party/FreeRTOS/Source/portable/GCC/ARM_CM4F/port.c.obj
 .text.prvPortStartFirstTask
                0x08009024       0x28 CMakeFiles/ctrl.elf.dir/Middlewares/Third_Party/FreeRTOS/Source/portable/GCC/ARM_CM4F/port.c.obj
 .text.vPortEnableVFP
                0x0800904c       0x14 CMakeFiles/ctrl.elf.dir/Middlewares/Third_Party/FreeRTOS/Source/portable/GCC/ARM_CM4F/port.c.obj
 .text.pxPortInitialiseStack
                0x08009060       0x2c CMakeFiles/ctrl.elf.dir/Middlewares/Third_Party/FreeRTOS/Source/portable/GCC/ARM_CM4F/port.c.obj
                0x08009060                pxPortInitialiseStack
 *fill*         0x0800908c        0x4 
 .text.SVC_Handler
                0x08009090       0x24 CMakeFiles/ctrl.elf.dir/Middlewares/Third_Party/FreeRTOS/Source/portable/GCC/ARM_CM4F/port.c.obj
                0x08009090                SVC_Handler
 .text.vPortEnterCritical
                0x080090b4       0x44 CMakeFiles/ctrl.elf.dir/Middlewares/Third_Party/FreeRTOS/Source/portable/GCC/ARM_CM4F/port.c.obj
                0x080090b4                vPortEnterCritical
 .text.vPortExitCritical
                0x080090f8       0x2c CMakeFiles/ctrl.elf.dir/Middlewares/Third_Party/FreeRTOS/Source/portable/GCC/ARM_CM4F/port.c.obj
                0x080090f8                vPortExitCritical
 *fill*         0x08009124        0xc 
 .text.PendSV_Handler
                0x08009130       0x64 CMakeFiles/ctrl.elf.dir/Middlewares/Third_Party/FreeRTOS/Source/portable/GCC/ARM_CM4F/port.c.obj
                0x08009130                PendSV_Handler
 .text.xPortSysTickHandler
                0x08009194       0x2c CMakeFiles/ctrl.elf.dir/Middlewares/Third_Party/FreeRTOS/Source/portable/GCC/ARM_CM4F/port.c.obj
                0x08009194                xPortSysTickHandler
 .text.vPortSetupTimerInterrupt
                0x080091c0       0x28 CMakeFiles/ctrl.elf.dir/Middlewares/Third_Party/FreeRTOS/Source/portable/GCC/ARM_CM4F/port.c.obj
                0x080091c0                vPortSetupTimerInterrupt
 .text.xPortStartScheduler
                0x080091e8      0x118 CMakeFiles/ctrl.elf.dir/Middlewares/Third_Party/FreeRTOS/Source/portable/GCC/ARM_CM4F/port.c.obj
                0x080091e8                xPortStartScheduler
 .text.vPortValidateInterruptPriority
                0x08009300       0x5c CMakeFiles/ctrl.elf.dir/Middlewares/Third_Party/FreeRTOS/Source/portable/GCC/ARM_CM4F/port.c.obj
                0x08009300                vPortValidateInterruptPriority
 .text.prvHeapInit
                0x0800935c       0x64 CMakeFiles/ctrl.elf.dir/Middlewares/Third_Party/FreeRTOS/Source/portable/MemMang/heap_4.c.obj
 .text.prvInsertBlockIntoFreeList
                0x080093c0       0x64 CMakeFiles/ctrl.elf.dir/Middlewares/Third_Party/FreeRTOS/Source/portable/MemMang/heap_4.c.obj
 .text.pvPortMalloc
                0x08009424       0xfc CMakeFiles/ctrl.elf.dir/Middlewares/Third_Party/FreeRTOS/Source/portable/MemMang/heap_4.c.obj
                0x08009424                pvPortMalloc
 .text.vPortFree
                0x08009520       0x7c CMakeFiles/ctrl.elf.dir/Middlewares/Third_Party/FreeRTOS/Source/portable/MemMang/heap_4.c.obj
                0x08009520                vPortFree
 .text.prvIsQueueFull
                0x0800959c       0x1e CMakeFiles/ctrl.elf.dir/Middlewares/Third_Party/FreeRTOS/Source/queue.c.obj
 .text.prvIsQueueEmpty
                0x080095ba       0x1a CMakeFiles/ctrl.elf.dir/Middlewares/Third_Party/FreeRTOS/Source/queue.c.obj
 .text.prvCopyDataToQueue
                0x080095d4       0x76 CMakeFiles/ctrl.elf.dir/Middlewares/Third_Party/FreeRTOS/Source/queue.c.obj
 .text.prvCopyDataFromQueue
                0x0800964a       0x24 CMakeFiles/ctrl.elf.dir/Middlewares/Third_Party/FreeRTOS/Source/queue.c.obj
 .text.prvUnlockQueue
                0x0800966e       0x6e CMakeFiles/ctrl.elf.dir/Middlewares/Third_Party/FreeRTOS/Source/queue.c.obj
 .text.xQueueGenericReset
                0x080096dc       0x84 CMakeFiles/ctrl.elf.dir/Middlewares/Third_Party/FreeRTOS/Source/queue.c.obj
                0x080096dc                xQueueGenericReset
 .text.prvInitialiseNewQueue
                0x08009760       0x22 CMakeFiles/ctrl.elf.dir/Middlewares/Third_Party/FreeRTOS/Source/queue.c.obj
 .text.xQueueGenericCreateStatic
                0x08009782       0x94 CMakeFiles/ctrl.elf.dir/Middlewares/Third_Party/FreeRTOS/Source/queue.c.obj
                0x08009782                xQueueGenericCreateStatic
 .text.xQueueGenericSend
                0x08009816      0x188 CMakeFiles/ctrl.elf.dir/Middlewares/Third_Party/FreeRTOS/Source/queue.c.obj
                0x08009816                xQueueGenericSend
 .text.xQueueGenericSendFromISR
                0x0800999e       0xce CMakeFiles/ctrl.elf.dir/Middlewares/Third_Party/FreeRTOS/Source/queue.c.obj
                0x0800999e                xQueueGenericSendFromISR
 .text.xQueueReceive
                0x08009a6c      0x15e CMakeFiles/ctrl.elf.dir/Middlewares/Third_Party/FreeRTOS/Source/queue.c.obj
                0x08009a6c                xQueueReceive
 *fill*         0x08009bca        0x2 
 .text.vQueueAddToRegistry
                0x08009bcc       0x28 CMakeFiles/ctrl.elf.dir/Middlewares/Third_Party/FreeRTOS/Source/queue.c.obj
                0x08009bcc                vQueueAddToRegistry
 .text.vQueueWaitForMessageRestricted
                0x08009bf4       0x52 CMakeFiles/ctrl.elf.dir/Middlewares/Third_Party/FreeRTOS/Source/queue.c.obj
                0x08009bf4                vQueueWaitForMessageRestricted
 *fill*         0x08009c46        0x2 
 .text.prvResetNextTaskUnblockTime
                0x08009c48       0x2c CMakeFiles/ctrl.elf.dir/Middlewares/Third_Party/FreeRTOS/Source/tasks.c.obj
 .text.prvInitialiseNewTask
                0x08009c74      0x104 CMakeFiles/ctrl.elf.dir/Middlewares/Third_Party/FreeRTOS/Source/tasks.c.obj
 .text.prvInitialiseTaskLists
                0x08009d78       0x68 CMakeFiles/ctrl.elf.dir/Middlewares/Third_Party/FreeRTOS/Source/tasks.c.obj
 .text.prvAddNewTaskToReadyList
                0x08009de0       0xac CMakeFiles/ctrl.elf.dir/Middlewares/Third_Party/FreeRTOS/Source/tasks.c.obj
 .text.prvDeleteTCB
                0x08009e8c       0x40 CMakeFiles/ctrl.elf.dir/Middlewares/Third_Party/FreeRTOS/Source/tasks.c.obj
 .text.prvCheckTasksWaitingTermination
                0x08009ecc       0x4c CMakeFiles/ctrl.elf.dir/Middlewares/Third_Party/FreeRTOS/Source/tasks.c.obj
 .text.prvIdleTask
                0x08009f18       0x28 CMakeFiles/ctrl.elf.dir/Middlewares/Third_Party/FreeRTOS/Source/tasks.c.obj
 .text.prvAddCurrentTaskToDelayedList
                0x08009f40       0x7c CMakeFiles/ctrl.elf.dir/Middlewares/Third_Party/FreeRTOS/Source/tasks.c.obj
 .text.xTaskCreateStatic
                0x08009fbc       0x7a CMakeFiles/ctrl.elf.dir/Middlewares/Third_Party/FreeRTOS/Source/tasks.c.obj
                0x08009fbc                xTaskCreateStatic
 .text.xTaskCreate
                0x0800a036       0x6a CMakeFiles/ctrl.elf.dir/Middlewares/Third_Party/FreeRTOS/Source/tasks.c.obj
                0x0800a036                xTaskCreate
 .text.vTaskDelete
                0x0800a0a0       0xb8 CMakeFiles/ctrl.elf.dir/Middlewares/Third_Party/FreeRTOS/Source/tasks.c.obj
                0x0800a0a0                vTaskDelete
 .text.eTaskGetState
                0x0800a158       0x90 CMakeFiles/ctrl.elf.dir/Middlewares/Third_Party/FreeRTOS/Source/tasks.c.obj
                0x0800a158                eTaskGetState
 .text.vTaskStartScheduler
                0x0800a1e8       0xac CMakeFiles/ctrl.elf.dir/Middlewares/Third_Party/FreeRTOS/Source/tasks.c.obj
                0x0800a1e8                vTaskStartScheduler
 .text.vTaskSuspendAll
                0x0800a294       0x10 CMakeFiles/ctrl.elf.dir/Middlewares/Third_Party/FreeRTOS/Source/tasks.c.obj
                0x0800a294                vTaskSuspendAll
 .text.xTaskGetTickCount
                0x0800a2a4        0xc CMakeFiles/ctrl.elf.dir/Middlewares/Third_Party/FreeRTOS/Source/tasks.c.obj
                0x0800a2a4                xTaskGetTickCount
 .text.xTaskIncrementTick
                0x0800a2b0      0x118 CMakeFiles/ctrl.elf.dir/Middlewares/Third_Party/FreeRTOS/Source/tasks.c.obj
                0x0800a2b0                xTaskIncrementTick
 .text.xTaskResumeAll
                0x0800a3c8       0xf8 CMakeFiles/ctrl.elf.dir/Middlewares/Third_Party/FreeRTOS/Source/tasks.c.obj
                0x0800a3c8                xTaskResumeAll
 .text.vTaskDelay
                0x0800a4c0       0x4c CMakeFiles/ctrl.elf.dir/Middlewares/Third_Party/FreeRTOS/Source/tasks.c.obj
                0x0800a4c0                vTaskDelay
 .text.vTaskSwitchContext
                0x0800a50c       0xa0 CMakeFiles/ctrl.elf.dir/Middlewares/Third_Party/FreeRTOS/Source/tasks.c.obj
                0x0800a50c                vTaskSwitchContext
 .text.vTaskPlaceOnEventList
                0x0800a5ac       0x30 CMakeFiles/ctrl.elf.dir/Middlewares/Third_Party/FreeRTOS/Source/tasks.c.obj
                0x0800a5ac                vTaskPlaceOnEventList
 .text.vTaskPlaceOnEventListRestricted
                0x0800a5dc       0x38 CMakeFiles/ctrl.elf.dir/Middlewares/Third_Party/FreeRTOS/Source/tasks.c.obj
                0x0800a5dc                vTaskPlaceOnEventListRestricted
 .text.xTaskRemoveFromEventList
                0x0800a614       0x8c CMakeFiles/ctrl.elf.dir/Middlewares/Third_Party/FreeRTOS/Source/tasks.c.obj
                0x0800a614                xTaskRemoveFromEventList
 .text.vTaskInternalSetTimeOutState
                0x0800a6a0       0x18 CMakeFiles/ctrl.elf.dir/Middlewares/Third_Party/FreeRTOS/Source/tasks.c.obj
                0x0800a6a0                vTaskInternalSetTimeOutState
 .text.xTaskCheckForTimeOut
                0x0800a6b8       0x84 CMakeFiles/ctrl.elf.dir/Middlewares/Third_Party/FreeRTOS/Source/tasks.c.obj
                0x0800a6b8                xTaskCheckForTimeOut
 .text.vTaskMissedYield
                0x0800a73c        0xc CMakeFiles/ctrl.elf.dir/Middlewares/Third_Party/FreeRTOS/Source/tasks.c.obj
                0x0800a73c                vTaskMissedYield
 .text.xTaskGetSchedulerState
                0x0800a748       0x20 CMakeFiles/ctrl.elf.dir/Middlewares/Third_Party/FreeRTOS/Source/tasks.c.obj
                0x0800a748                xTaskGetSchedulerState
 .text.xTaskPriorityDisinherit
                0x0800a768       0x90 CMakeFiles/ctrl.elf.dir/Middlewares/Third_Party/FreeRTOS/Source/tasks.c.obj
                0x0800a768                xTaskPriorityDisinherit
 .text.prvGetNextExpireTime
                0x0800a7f8       0x20 CMakeFiles/ctrl.elf.dir/Middlewares/Third_Party/FreeRTOS/Source/timers.c.obj
 .text.prvInsertTimerInActiveList
                0x0800a818       0x48 CMakeFiles/ctrl.elf.dir/Middlewares/Third_Party/FreeRTOS/Source/timers.c.obj
 .text.prvCheckForValidListAndQueue
                0x0800a860       0x70 CMakeFiles/ctrl.elf.dir/Middlewares/Third_Party/FreeRTOS/Source/timers.c.obj
 .text.xTimerCreateTimerTask
                0x0800a8d0       0x64 CMakeFiles/ctrl.elf.dir/Middlewares/Third_Party/FreeRTOS/Source/timers.c.obj
                0x0800a8d0                xTimerCreateTimerTask
 .text.xTimerGenericCommand
                0x0800a934       0x6c CMakeFiles/ctrl.elf.dir/Middlewares/Third_Party/FreeRTOS/Source/timers.c.obj
                0x0800a934                xTimerGenericCommand
 .text.prvSwitchTimerLists
                0x0800a9a0       0x7c CMakeFiles/ctrl.elf.dir/Middlewares/Third_Party/FreeRTOS/Source/timers.c.obj
 .text.prvSampleTimeNow
                0x0800aa1c       0x2c CMakeFiles/ctrl.elf.dir/Middlewares/Third_Party/FreeRTOS/Source/timers.c.obj
 .text.prvProcessExpiredTimer
                0x0800aa48       0x6c CMakeFiles/ctrl.elf.dir/Middlewares/Third_Party/FreeRTOS/Source/timers.c.obj
 .text.prvProcessTimerOrBlockTask
                0x0800aab4       0x74 CMakeFiles/ctrl.elf.dir/Middlewares/Third_Party/FreeRTOS/Source/timers.c.obj
 .text.prvProcessReceivedCommands
                0x0800ab28      0x10c CMakeFiles/ctrl.elf.dir/Middlewares/Third_Party/FreeRTOS/Source/timers.c.obj
 .text.prvTimerTask
                0x0800ac34       0x16 CMakeFiles/ctrl.elf.dir/Middlewares/Third_Party/FreeRTOS/Source/timers.c.obj
 .text._ZN10STM32_GPIO14get_pin_numberEv
                0x0800ac4a       0x14 CMakeFiles/ctrl.elf.dir/Stm32_Interface/stm32_gpio.cpp.obj
                0x0800ac4a                STM32_GPIO::get_pin_number()
 *fill*         0x0800ac5e        0x2 
 .text._ZN10STM32_GPIO6configEmmm
                0x0800ac60      0x1b0 CMakeFiles/ctrl.elf.dir/Stm32_Interface/stm32_gpio.cpp.obj
                0x0800ac60                STM32_GPIO::config(unsigned long, unsigned long, unsigned long)
 .text._ZN10STM32_GPIO5writeEb
                0x0800ae10       0x1a CMakeFiles/ctrl.elf.dir/Stm32_Interface/stm32_gpio.cpp.obj
                0x0800ae10                STM32_GPIO::write(bool)
 *fill*         0x0800ae2a        0x2 
 .text._ZN9STM32_SPI5startEv
                0x0800ae2c       0x64 CMakeFiles/ctrl.elf.dir/Stm32_Interface/stm32_spi.cpp.obj
                0x0800ae2c                STM32_SPI::start()
 .text._ZN9STM32_SPI14transfer_asyncEPNS_8spi_taskE
                0x0800ae90        0xa CMakeFiles/ctrl.elf.dir/Stm32_Interface/stm32_spi.cpp.obj
                0x0800ae90                STM32_SPI::transfer_async(STM32_SPI::spi_task*)
 .text._Z13vofa_transmitPht
                0x0800ae9a        0x8 CMakeFiles/ctrl.elf.dir/Tools/vofa.cpp.obj
                0x0800ae9a                vofa_transmit(unsigned char*, unsigned short)
 *fill*         0x0800aea2        0x2 
 .text._Z14vofa_send_datahf
                0x0800aea4       0x50 CMakeFiles/ctrl.elf.dir/Tools/vofa.cpp.obj
                0x0800aea4                vofa_send_data(unsigned char, float)
 .text._Z18vofa_sendframetailv
                0x0800aef4       0x40 CMakeFiles/ctrl.elf.dir/Tools/vofa.cpp.obj
                0x0800aef4                vofa_sendframetail()
 .text._Z10vofa_startv
                0x0800af34       0x94 CMakeFiles/ctrl.elf.dir/Tools/vofa.cpp.obj
                0x0800af34                vofa_start()
 .text.MX_USB_DEVICE_Init
                0x0800afc8       0x54 CMakeFiles/ctrl.elf.dir/USB_DEVICE/App/usb_device.c.obj
                0x0800afc8                MX_USB_DEVICE_Init
 .text.CDC_DeInit_FS
                0x0800b01c        0x4 CMakeFiles/ctrl.elf.dir/USB_DEVICE/App/usbd_cdc_if.c.obj
 .text.CDC_Control_FS
                0x0800b020        0x4 CMakeFiles/ctrl.elf.dir/USB_DEVICE/App/usbd_cdc_if.c.obj
 .text.CDC_TransmitCplt_FS
                0x0800b024        0x4 CMakeFiles/ctrl.elf.dir/USB_DEVICE/App/usbd_cdc_if.c.obj
 .text.CDC_Receive_FS
                0x0800b028       0x1c CMakeFiles/ctrl.elf.dir/USB_DEVICE/App/usbd_cdc_if.c.obj
 .text.CDC_Init_FS
                0x0800b044       0x28 CMakeFiles/ctrl.elf.dir/USB_DEVICE/App/usbd_cdc_if.c.obj
 .text.CDC_Transmit_FS
                0x0800b06c       0x2c CMakeFiles/ctrl.elf.dir/USB_DEVICE/App/usbd_cdc_if.c.obj
                0x0800b06c                CDC_Transmit_FS
 .text.USBD_FS_DeviceDescriptor
                0x0800b098        0xc CMakeFiles/ctrl.elf.dir/USB_DEVICE/App/usbd_desc.c.obj
                0x0800b098                USBD_FS_DeviceDescriptor
 .text.USBD_FS_LangIDStrDescriptor
                0x0800b0a4        0xc CMakeFiles/ctrl.elf.dir/USB_DEVICE/App/usbd_desc.c.obj
                0x0800b0a4                USBD_FS_LangIDStrDescriptor
 .text.IntToUnicode
                0x0800b0b0       0x46 CMakeFiles/ctrl.elf.dir/USB_DEVICE/App/usbd_desc.c.obj
 *fill*         0x0800b0f6        0x2 
 .text.Get_SerialNum
                0x0800b0f8       0x38 CMakeFiles/ctrl.elf.dir/USB_DEVICE/App/usbd_desc.c.obj
 .text.USBD_FS_SerialStrDescriptor
                0x0800b130       0x14 CMakeFiles/ctrl.elf.dir/USB_DEVICE/App/usbd_desc.c.obj
                0x0800b130                USBD_FS_SerialStrDescriptor
 .text.USBD_FS_ProductStrDescriptor
                0x0800b144       0x24 CMakeFiles/ctrl.elf.dir/USB_DEVICE/App/usbd_desc.c.obj
                0x0800b144                USBD_FS_ProductStrDescriptor
 .text.USBD_FS_ManufacturerStrDescriptor
                0x0800b168       0x1c CMakeFiles/ctrl.elf.dir/USB_DEVICE/App/usbd_desc.c.obj
                0x0800b168                USBD_FS_ManufacturerStrDescriptor
 .text.USBD_FS_ConfigStrDescriptor
                0x0800b184       0x24 CMakeFiles/ctrl.elf.dir/USB_DEVICE/App/usbd_desc.c.obj
                0x0800b184                USBD_FS_ConfigStrDescriptor
 .text.USBD_FS_InterfaceStrDescriptor
                0x0800b1a8       0x24 CMakeFiles/ctrl.elf.dir/USB_DEVICE/App/usbd_desc.c.obj
                0x0800b1a8                USBD_FS_InterfaceStrDescriptor
 .text.HAL_PCD_MspInit
                0x0800b1cc       0x84 CMakeFiles/ctrl.elf.dir/USB_DEVICE/Target/usbd_conf.c.obj
                0x0800b1cc                HAL_PCD_MspInit
 .text.HAL_PCD_SetupStageCallback
                0x0800b250       0x10 CMakeFiles/ctrl.elf.dir/USB_DEVICE/Target/usbd_conf.c.obj
                0x0800b250                HAL_PCD_SetupStageCallback
 .text.HAL_PCD_DataOutStageCallback
                0x0800b260       0x18 CMakeFiles/ctrl.elf.dir/USB_DEVICE/Target/usbd_conf.c.obj
                0x0800b260                HAL_PCD_DataOutStageCallback
 .text.HAL_PCD_DataInStageCallback
                0x0800b278       0x16 CMakeFiles/ctrl.elf.dir/USB_DEVICE/Target/usbd_conf.c.obj
                0x0800b278                HAL_PCD_DataInStageCallback
 .text.HAL_PCD_SOFCallback
                0x0800b28e        0xc CMakeFiles/ctrl.elf.dir/USB_DEVICE/Target/usbd_conf.c.obj
                0x0800b28e                HAL_PCD_SOFCallback
 .text.HAL_PCD_ResetCallback
                0x0800b29a       0x28 CMakeFiles/ctrl.elf.dir/USB_DEVICE/Target/usbd_conf.c.obj
                0x0800b29a                HAL_PCD_ResetCallback
 *fill*         0x0800b2c2        0x2 
 .text.HAL_PCD_SuspendCallback
                0x0800b2c4       0x30 CMakeFiles/ctrl.elf.dir/USB_DEVICE/Target/usbd_conf.c.obj
                0x0800b2c4                HAL_PCD_SuspendCallback
 .text.HAL_PCD_ResumeCallback
                0x0800b2f4        0xc CMakeFiles/ctrl.elf.dir/USB_DEVICE/Target/usbd_conf.c.obj
                0x0800b2f4                HAL_PCD_ResumeCallback
 .text.HAL_PCD_ISOOUTIncompleteCallback
                0x0800b300        0xc CMakeFiles/ctrl.elf.dir/USB_DEVICE/Target/usbd_conf.c.obj
                0x0800b300                HAL_PCD_ISOOUTIncompleteCallback
 .text.HAL_PCD_ISOINIncompleteCallback
                0x0800b30c        0xc CMakeFiles/ctrl.elf.dir/USB_DEVICE/Target/usbd_conf.c.obj
                0x0800b30c                HAL_PCD_ISOINIncompleteCallback
 .text.HAL_PCD_ConnectCallback
                0x0800b318        0xc CMakeFiles/ctrl.elf.dir/USB_DEVICE/Target/usbd_conf.c.obj
                0x0800b318                HAL_PCD_ConnectCallback
 .text.HAL_PCD_DisconnectCallback
                0x0800b324        0xc CMakeFiles/ctrl.elf.dir/USB_DEVICE/Target/usbd_conf.c.obj
                0x0800b324                HAL_PCD_DisconnectCallback
 .text.USBD_LL_Init
                0x0800b330       0x68 CMakeFiles/ctrl.elf.dir/USB_DEVICE/Target/usbd_conf.c.obj
                0x0800b330                USBD_LL_Init
 .text.USBD_LL_IsStallEP
                0x0800b398       0x2c CMakeFiles/ctrl.elf.dir/USB_DEVICE/Target/usbd_conf.c.obj
                0x0800b398                USBD_LL_IsStallEP
 .text.USBD_LL_GetRxDataSize
                0x0800b3c4        0xc CMakeFiles/ctrl.elf.dir/USB_DEVICE/Target/usbd_conf.c.obj
                0x0800b3c4                USBD_LL_GetRxDataSize
 .text.USBD_static_malloc
                0x0800b3d0        0x8 CMakeFiles/ctrl.elf.dir/USB_DEVICE/Target/usbd_conf.c.obj
                0x0800b3d0                USBD_static_malloc
 .text.USBD_static_free
                0x0800b3d8        0x2 CMakeFiles/ctrl.elf.dir/USB_DEVICE/Target/usbd_conf.c.obj
                0x0800b3d8                USBD_static_free
 .text.USBD_Get_USB_Status
                0x0800b3da       0x14 CMakeFiles/ctrl.elf.dir/USB_DEVICE/Target/usbd_conf.c.obj
                0x0800b3da                USBD_Get_USB_Status
 .text.USBD_LL_Start
                0x0800b3ee       0x10 CMakeFiles/ctrl.elf.dir/USB_DEVICE/Target/usbd_conf.c.obj
                0x0800b3ee                USBD_LL_Start