Archive member included to satisfy reference by file (symbol)

G:\ljyws\graduation_project\firmware\ctrl_g4\Middlewares\ST\ARM\DSP\Lib\libarm_cortexM4lf_math.a(arm_sin_f32.o)
                              CMakeFiles/ctrl_g4.elf.dir/Ctrl/controller.cpp.obj (arm_sin_f32)
G:\ljyws\graduation_project\firmware\ctrl_g4\Middlewares\ST\ARM\DSP\Lib\libarm_cortexM4lf_math.a(arm_cos_f32.o)
                              CMakeFiles/ctrl_g4.elf.dir/Ctrl/controller.cpp.obj (arm_cos_f32)
G:\ljyws\graduation_project\firmware\ctrl_g4\Middlewares\ST\ARM\DSP\Lib\libarm_cortexM4lf_math.a(arm_common_tables.o)
                              G:\ljyws\graduation_project\firmware\ctrl_g4\Middlewares\ST\ARM\DSP\Lib\libarm_cortexM4lf_math.a(arm_sin_f32.o) (sinTable_f32)
D:/Tools/arm-none-eabi-13/13.3 rel1/bin/../lib/gcc/arm-none-eabi/13.3.1/thumb/v7e-m+fp/hard\libstdc++.a(class_type_info.o)
                              CMakeFiles/ctrl_g4.elf.dir/Ctrl/axis.cpp.obj (vtable for __cxxabiv1::__class_type_info)
D:/Tools/arm-none-eabi-13/13.3 rel1/bin/../lib/gcc/arm-none-eabi/13.3.1/thumb/v7e-m+fp/hard\libstdc++.a(del_ops.o)
                              CMakeFiles/ctrl_g4.elf.dir/Ctrl/controller.cpp.obj (operator delete(void*, unsigned int))
D:/Tools/arm-none-eabi-13/13.3 rel1/bin/../lib/gcc/arm-none-eabi/13.3.1/thumb/v7e-m+fp/hard\libstdc++.a(eh_alloc.o)
                              CMakeFiles/ctrl_g4.elf.dir/Ctrl/controller.cpp.obj (__cxa_allocate_exception)
D:/Tools/arm-none-eabi-13/13.3 rel1/bin/../lib/gcc/arm-none-eabi/13.3.1/thumb/v7e-m+fp/hard\libstdc++.a(eh_exception.o)
                              CMakeFiles/ctrl_g4.elf.dir/Ctrl/controller.cpp.obj (std::exception::~exception())
D:/Tools/arm-none-eabi-13/13.3 rel1/bin/../lib/gcc/arm-none-eabi/13.3.1/thumb/v7e-m+fp/hard\libstdc++.a(eh_terminate.o)
                              D:/Tools/arm-none-eabi-13/13.3 rel1/bin/../lib/gcc/arm-none-eabi/13.3.1/thumb/v7e-m+fp/hard\libstdc++.a(eh_alloc.o) (std::terminate())
D:/Tools/arm-none-eabi-13/13.3 rel1/bin/../lib/gcc/arm-none-eabi/13.3.1/thumb/v7e-m+fp/hard\libstdc++.a(eh_throw.o)
                              CMakeFiles/ctrl_g4.elf.dir/Ctrl/controller.cpp.obj (__cxa_throw)
D:/Tools/arm-none-eabi-13/13.3 rel1/bin/../lib/gcc/arm-none-eabi/13.3.1/thumb/v7e-m+fp/hard\libstdc++.a(eh_unex_handler.o)
                              D:/Tools/arm-none-eabi-13/13.3 rel1/bin/../lib/gcc/arm-none-eabi/13.3.1/thumb/v7e-m+fp/hard\libstdc++.a(eh_terminate.o) (__cxxabiv1::__unexpected_handler)
D:/Tools/arm-none-eabi-13/13.3 rel1/bin/../lib/gcc/arm-none-eabi/13.3.1/thumb/v7e-m+fp/hard\libstdc++.a(si_class_type_info.o)
                              CMakeFiles/ctrl_g4.elf.dir/Ctrl/controller.cpp.obj (vtable for __cxxabiv1::__si_class_type_info)
D:/Tools/arm-none-eabi-13/13.3 rel1/bin/../lib/gcc/arm-none-eabi/13.3.1/thumb/v7e-m+fp/hard\libstdc++.a(tinfo.o)
                              D:/Tools/arm-none-eabi-13/13.3 rel1/bin/../lib/gcc/arm-none-eabi/13.3.1/thumb/v7e-m+fp/hard\libstdc++.a(class_type_info.o) (std::type_info::~type_info())
D:/Tools/arm-none-eabi-13/13.3 rel1/bin/../lib/gcc/arm-none-eabi/13.3.1/thumb/v7e-m+fp/hard\libstdc++.a(vmi_class_type_info.o)
                              CMakeFiles/ctrl_g4.elf.dir/Ctrl/foc.cpp.obj (vtable for __cxxabiv1::__vmi_class_type_info)
D:/Tools/arm-none-eabi-13/13.3 rel1/bin/../lib/gcc/arm-none-eabi/13.3.1/thumb/v7e-m+fp/hard\libstdc++.a(vterminate.o)
                              D:/Tools/arm-none-eabi-13/13.3 rel1/bin/../lib/gcc/arm-none-eabi/13.3.1/thumb/v7e-m+fp/hard\libstdc++.a(eh_terminate.o) (__gnu_cxx::__verbose_terminate_handler())
D:/Tools/arm-none-eabi-13/13.3 rel1/bin/../lib/gcc/arm-none-eabi/13.3.1/thumb/v7e-m+fp/hard\libstdc++.a(cp-demangle.o)
                              D:/Tools/arm-none-eabi-13/13.3 rel1/bin/../lib/gcc/arm-none-eabi/13.3.1/thumb/v7e-m+fp/hard\libstdc++.a(vterminate.o) (__cxa_demangle)
D:/Tools/arm-none-eabi-13/13.3 rel1/bin/../lib/gcc/arm-none-eabi/13.3.1/thumb/v7e-m+fp/hard\libstdc++.a(del_op.o)
                              D:/Tools/arm-none-eabi-13/13.3 rel1/bin/../lib/gcc/arm-none-eabi/13.3.1/thumb/v7e-m+fp/hard\libstdc++.a(del_ops.o) (operator delete(void*))
D:/Tools/arm-none-eabi-13/13.3 rel1/bin/../lib/gcc/arm-none-eabi/13.3.1/thumb/v7e-m+fp/hard\libstdc++.a(eh_arm.o)
                              D:/Tools/arm-none-eabi-13/13.3 rel1/bin/../lib/gcc/arm-none-eabi/13.3.1/thumb/v7e-m+fp/hard\libstdc++.a(vterminate.o) (__cxa_end_cleanup)
D:/Tools/arm-none-eabi-13/13.3 rel1/bin/../lib/gcc/arm-none-eabi/13.3.1/thumb/v7e-m+fp/hard\libstdc++.a(eh_catch.o)
                              D:/Tools/arm-none-eabi-13/13.3 rel1/bin/../lib/gcc/arm-none-eabi/13.3.1/thumb/v7e-m+fp/hard\libstdc++.a(eh_terminate.o) (__cxa_begin_catch)
D:/Tools/arm-none-eabi-13/13.3 rel1/bin/../lib/gcc/arm-none-eabi/13.3.1/thumb/v7e-m+fp/hard\libstdc++.a(eh_globals.o)
[...]
Memory Configuration

Name             Origin             Length             Attributes
RAM              0x20000000         0x00020000         xrw
FLASH            0x08000000         0x00080000         xr
*default*        0x00000000         0xffffffff

Linker script and memory map

LOAD D:/Tools/arm-none-eabi-13/13.3 rel1/bin/../lib/gcc/arm-none-eabi/13.3.1/thumb/v7e-m+fp/hard/crti.o
LOAD D:/Tools/arm-none-eabi-13/13.3 rel1/bin/../lib/gcc/arm-none-eabi/13.3.1/thumb/v7e-m+fp/hard/crtbegin.o
LOAD D:/Tools/arm-none-eabi-13/13.3 rel1/bin/../lib/gcc/arm-none-eabi/13.3.1/thumb/v7e-m+fp/hard/crt0.o
LOAD CMakeFiles/ctrl_g4.elf.dir/application/main.cpp.obj
LOAD CMakeFiles/ctrl_g4.elf.dir/Core/Src/adc.c.obj
LOAD CMakeFiles/ctrl_g4.elf.dir/Core/Src/app_freertos.c.obj
LOAD CMakeFiles/ctrl_g4.elf.dir/Core/Src/board.cpp.obj
LOAD CMakeFiles/ctrl_g4.elf.dir/Core/Src/gpio.c.obj
LOAD CMakeFiles/ctrl_g4.elf.dir/Core/Src/main.c.obj
LOAD CMakeFiles/ctrl_g4.elf.dir/Core/Src/spi.c.obj
LOAD CMakeFiles/ctrl_g4.elf.dir/Core/Src/stm32g4xx_hal_msp.c.obj
LOAD CMakeFiles/ctrl_g4.elf.dir/Core/Src/stm32g4xx_hal_timebase_tim.c.obj
LOAD CMakeFiles/ctrl_g4.elf.dir/Core/Src/stm32g4xx_it.c.obj
LOAD CMakeFiles/ctrl_g4.elf.dir/Core/Src/syscalls.c.obj
LOAD CMakeFiles/ctrl_g4.elf.dir/Core/Src/sysmem.c.obj
LOAD CMakeFiles/ctrl_g4.elf.dir/Core/Src/system_stm32g4xx.c.obj
LOAD CMakeFiles/ctrl_g4.elf.dir/Core/Src/tim.c.obj
LOAD CMakeFiles/ctrl_g4.elf.dir/Core/Startup/startup_stm32g474retx.s.obj
LOAD CMakeFiles/ctrl_g4.elf.dir/Ctrl/axis.cpp.obj
LOAD CMakeFiles/ctrl_g4.elf.dir/Ctrl/controller.cpp.obj
LOAD CMakeFiles/ctrl_g4.elf.dir/Ctrl/drv8301.cpp.obj
LOAD CMakeFiles/ctrl_g4.elf.dir/Ctrl/encoder.cpp.obj
LOAD CMakeFiles/ctrl_g4.elf.dir/Ctrl/foc.cpp.obj
LOAD CMakeFiles/ctrl_g4.elf.dir/Ctrl/low_level.cpp.obj
LOAD CMakeFiles/ctrl_g4.elf.dir/Ctrl/motor.cpp.obj
LOAD CMakeFiles/ctrl_g4.elf.dir/Ctrl/open_loop_controller.cpp.obj
LOAD CMakeFiles/ctrl_g4.elf.dir/Ctrl/test_foc.cpp.obj
LOAD CMakeFiles/ctrl_g4.elf.dir/Ctrl/trap_traj.cpp.obj
LOAD CMakeFiles/ctrl_g4.elf.dir/Ctrl/utils.cpp.obj
LOAD CMakeFiles/ctrl_g4.elf.dir/Drivers/STM32G4xx_HAL_Driver/Src/stm32g4xx_hal.c.obj
LOAD CMakeFiles/ctrl_g4.elf.dir/Drivers/STM32G4xx_HAL_Driver/Src/stm32g4xx_hal_adc.c.obj
LOAD CMakeFiles/ctrl_g4.elf.dir/Drivers/STM32G4xx_HAL_Driver/Src/stm32g4xx_hal_adc_ex.c.obj
LOAD CMakeFiles/ctrl_g4.elf.dir/Drivers/STM32G4xx_HAL_Driver/Src/stm32g4xx_hal_cortex.c.obj
LOAD CMakeFiles/ctrl_g4.elf.dir/Drivers/STM32G4xx_HAL_Driver/Src/stm32g4xx_hal_dma.c.obj
LOAD CMakeFiles/ctrl_g4.elf.dir/Drivers/STM32G4xx_HAL_Driver/Src/stm32g4xx_hal_dma_ex.c.obj
LOAD CMakeFiles/ctrl_g4.elf.dir/Drivers/STM32G4xx_HAL_Driver/Src/stm32g4xx_hal_exti.c.obj
LOAD CMakeFiles/ctrl_g4.elf.dir/Drivers/STM32G4xx_HAL_Driver/Src/stm32g4xx_hal_flash.c.obj
LOAD CMakeFiles/ctrl_g4.elf.dir/Drivers/STM32G4xx_HAL_Driver/Src/stm32g4xx_hal_flash_ex.c.obj
LOAD CMakeFiles/ctrl_g4.elf.dir/Drivers/STM32G4xx_HAL_Driver/Src/stm32g4xx_hal_flash_ramfunc.c.obj
LOAD CMakeFiles/ctrl_g4.elf.dir/Drivers/STM32G4xx_HAL_Driver/Src/stm32g4xx_hal_gpio.c.obj
LOAD CMakeFiles/ctrl_g4.elf.dir/Drivers/STM32G4xx_HAL_Driver/Src/stm32g4xx_hal_pcd.c.obj
LOAD CMakeFiles/ctrl_g4.elf.dir/Drivers/STM32G4xx_HAL_Driver/Src/stm32g4xx_hal_pcd_ex.c.obj
LOAD CMakeFiles/ctrl_g4.elf.dir/Drivers/STM32G4xx_HAL_Driver/Src/stm32g4xx_hal_pwr.c.obj
LOAD CMakeFiles/ctrl_g4.elf.dir/Drivers/STM32G4xx_HAL_Driver/Src/stm32g4xx_hal_pwr_ex.c.obj
LOAD CMakeFiles/ctrl_g4.elf.dir/Drivers/STM32G4xx_HAL_Driver/Src/stm32g4xx_hal_rcc.c.obj
LOAD CMakeFiles/ctrl_g4.elf.dir/Drivers/STM32G4xx_HAL_Driver/Src/stm32g4xx_hal_rcc_ex.c.obj
LOAD CMakeFiles/ctrl_g4.elf.dir/Drivers/STM32G4xx_HAL_Driver/Src/stm32g4xx_hal_spi.c.obj
LOAD CMakeFiles/ctrl_g4.elf.dir/Drivers/STM32G4xx_HAL_Driver/Src/stm32g4xx_hal_spi_ex.c.obj
LOAD CMakeFiles/ctrl_g4.elf.dir/Drivers/STM32G4xx_HAL_Driver/Src/stm32g4xx_hal_tim.c.obj
LOAD CMakeFiles/ctrl_g4.elf.dir/Drivers/STM32G4xx_HAL_Driver/Src/stm32g4xx_hal_tim_ex.c.obj
LOAD CMakeFiles/ctrl_g4.elf.dir/Drivers/STM32G4xx_HAL_Driver/Src/stm32g4xx_ll_adc.c.obj
LOAD CMakeFiles/ctrl_g4.elf.dir/Drivers/STM32G4xx_HAL_Driver/Src/stm32g4xx_ll_usb.c.obj
LOAD CMakeFiles/ctrl_g4.elf.dir/Middlewares/ST/STM32_USB_Device_Library/Class/CDC/Src/usbd_cdc.c.obj
LOAD CMakeFiles/ctrl_g4.elf.dir/Middlewares/ST/STM32_USB_Device_Library/Core/Src/usbd_core.c.obj
LOAD CMakeFiles/ctrl_g4.elf.dir/Middlewares/ST/STM32_USB_Device_Library/Core/Src/usbd_ctlreq.c.obj
LOAD CMakeFiles/ctrl_g4.elf.dir/Middlewares/ST/STM32_USB_Device_Library/Core/Src/usbd_ioreq.c.obj
LOAD CMakeFiles/ctrl_g4.elf.dir/Middlewares/Third_Party/FreeRTOS/Source/CMSIS_RTOS_V2/cmsis_os2.c.obj
LOAD CMakeFiles/ctrl_g4.elf.dir/Middlewares/Third_Party/FreeRTOS/Source/croutine.c.obj
LOAD CMakeFiles/ctrl_g4.elf.dir/Middlewares/Third_Party/FreeRTOS/Source/event_groups.c.obj
LOAD CMakeFiles/ctrl_g4.elf.dir/Middlewares/Third_Party/FreeRTOS/Source/list.c.obj
LOAD CMakeFiles/ctrl_g4.elf.dir/Middlewares/Third_Party/FreeRTOS/Source/portable/GCC/ARM_CM4F/port.c.obj
LOAD CMakeFiles/ctrl_g4.elf.dir/Middlewares/Third_Party/FreeRTOS/Source/portable/MemMang/heap_4.c.obj
LOAD CMakeFiles/ctrl_g4.elf.dir/Middlewares/Third_Party/FreeRTOS/Source/queue.c.obj
LOAD CMakeFiles/ctrl_g4.elf.dir/Middlewares/Third_Party/FreeRTOS/Source/stream_buffer.c.obj
LOAD CMakeFiles/ctrl_g4.elf.dir/Middlewares/Third_Party/FreeRTOS/Source/tasks.c.obj
LOAD CMakeFiles/ctrl_g4.elf.dir/Middlewares/Third_Party/FreeRTOS/Source/timers.c.obj
LOAD CMakeFiles/ctrl_g4.elf.dir/Stm32_Interface/stm32_gpio.cpp.obj
LOAD CMakeFiles/ctrl_g4.elf.dir/Stm32_Interface/stm32_nvm.c.obj
LOAD CMakeFiles/ctrl_g4.elf.dir/Stm32_Interface/stm32_spi.cpp.obj
LOAD CMakeFiles/ctrl_g4.elf.dir/Tools/vofa.cpp.obj
LOAD CMakeFiles/ctrl_g4.elf.dir/USB_Device/App/usb_device.c.obj
LOAD CMakeFiles/ctrl_g4.elf.dir/USB_Device/App/usbd_cdc_if.c.obj
LOAD CMakeFiles/ctrl_g4.elf.dir/USB_Device/App/usbd_desc.c.obj
LOAD CMakeFiles/ctrl_g4.elf.dir/USB_Device/Target/usbd_conf.c.obj
LOAD G:\ljyws\graduation_project\firmware\ctrl_g4\Middlewares\ST\ARM\DSP\Lib\libarm_cortexM4lf_math.a
LOAD D:/Tools/arm-none-eabi-13/13.3 rel1/bin/../lib/gcc/arm-none-eabi/13.3.1/thumb/v7e-m+fp/hard\libstdc++.a
LOAD D:/Tools/arm-none-eabi-13/13.3 rel1/bin/../lib/gcc/arm-none-eabi/13.3.1/thumb/v7e-m+fp/hard\libm.a
START GROUP
LOAD D:/Tools/arm-none-eabi-13/13.3 rel1/bin/../lib/gcc/arm-none-eabi/13.3.1/thumb/v7e-m+fp/hard\libgcc.a
LOAD D:/Tools/arm-none-eabi-13/13.3 rel1/bin/../lib/gcc/arm-none-eabi/13.3.1/thumb/v7e-m+fp/hard\libg.a
LOAD D:/Tools/arm-none-eabi-13/13.3 rel1/bin/../lib/gcc/arm-none-eabi/13.3.1/thumb/v7e-m+fp/hard\libc.a
END GROUP
LOAD D:/Tools/arm-none-eabi-13/13.3 rel1/bin/../lib/gcc/arm-none-eabi/13.3.1/thumb/v7e-m+fp/hard/crtend.o
LOAD D:/Tools/arm-none-eabi-13/13.3 rel1/bin/../lib/gcc/arm-none-eabi/13.3.1/thumb/v7e-m+fp/hard/crtn.o
                0x20020000                        _estack = (ORIGIN (RAM) + LENGTH (RAM))
                0x00000200                        _Min_Heap_Size = 0x200
                0x00000400                        _Min_Stack_Size = 0x400

.isr_vector     0x08000000      0x1d8
                0x08000000                        . = ALIGN (0x4)
 *(.isr_vector)
 .isr_vector    0x08000000      0x1d8 CMakeFiles/ctrl_g4.elf.dir/Core/Startup/startup_stm32g474retx.s.obj
                0x08000000                g_pfnVectors
                0x080001d8                        . = ALIGN (0x4)

.text           0x08000200    0x1b1cc
                0x08000200                        . = ALIGN (0x4)
 *(.text)
 .text          0x08000200      0x378 D:/Tools/arm-none-eabi-13/13.3 rel1/bin/../lib/gcc/arm-none-eabi/13.3.1/thumb/v7e-m+fp/hard\libgcc.a(_arm_addsubdf3.o)
                0x08000200                __aeabi_drsub
                0x08000208                __aeabi_dsub
                0x08000208                __subdf3
                0x0800020c                __aeabi_dadd
                0x0800020c                __adddf3
                0x08000484                __floatunsidf
                0x08000484                __aeabi_ui2d
                0x080004a4                __floatsidf
                0x080004a4                __aeabi_i2d
                0x080004c8                __aeabi_f2d
                0x080004c8                __extendsfdf2
                0x0800050c                __floatundidf
                0x0800050c                __aeabi_ul2d
                0x0800051c                __floatdidf
                0x0800051c                __aeabi_l2d
 .text          0x08000578      0x424 D:/Tools/arm-none-eabi-13/13.3 rel1/bin/../lib/gcc/arm-none-eabi/13.3.1/thumb/v7e-m+fp/hard\libgcc.a(_arm_muldivdf3.o)
                0x08000578                __aeabi_dmul
                0x08000578                __muldf3
                0x080007cc                __divdf3
                0x080007cc                __aeabi_ddiv
 .text          0x0800099c      0x110 D:/Tools/arm-none-eabi-13/13.3 rel1/bin/../lib/gcc/arm-none-eabi/13.3.1/thumb/v7e-m+fp/hard\libgcc.a(_arm_cmpdf2.o)
                0x0800099c                __gtdf2
                0x0800099c                __gedf2
                0x080009a4                __ltdf2
                0x080009a4                __ledf2
                0x080009ac                __nedf2
                0x080009ac                __eqdf2
                0x080009ac                __cmpdf2
                0x08000a28                __aeabi_cdrcmple
                0x08000a38                __aeabi_cdcmpeq
                0x08000a38                __aeabi_cdcmple
                0x08000a48                __aeabi_dcmpeq
                0x08000a5c                __aeabi_dcmplt
                0x08000a70                __aeabi_dcmple
                0x08000a84                __aeabi_dcmpge
                0x08000a98                __aeabi_dcmpgt
 .text          0x08000aac       0x50 D:/Tools/arm-none-eabi-13/13.3 rel1/bin/../lib/gcc/arm-none-eabi/13.3.1/thumb/v7e-m+fp/hard\libgcc.a(_arm_fixdfsi.o)
                0x08000aac                __aeabi_d2iz
                0x08000aac                __fixdfsi
 .text          0x08000afc      0x1ac D:/Tools/arm-none-eabi-13/13.3 rel1/bin/../lib/gcc/arm-none-eabi/13.3.1/thumb/v7e-m+fp/hard\libgcc.a(libunwind.o)
                0x08000afc                __restore_core_regs
                0x08000afc                restore_core_regs
                0x08000b14                __gnu_Unwind_Restore_VFP
                0x08000b1c                __gnu_Unwind_Save_VFP
                0x08000b24                __gnu_Unwind_Restore_VFP_D
                0x08000b2c                __gnu_Unwind_Save_VFP_D
                0x08000b34                __gnu_Unwind_Restore_VFP_D_16_to_31
                0x08000b3c                __gnu_Unwind_Save_VFP_D_16_to_31
                0x08000b44                __gnu_Unwind_Restore_WMMXD
                0x08000b88                __gnu_Unwind_Save_WMMXD
                0x08000bcc                __gnu_Unwind_Restore_WMMXC
                0x08000be0                __gnu_Unwind_Save_WMMXC
                0x08000bf4                ___Unwind_RaiseException
                0x08000bf4                _Unwind_RaiseException
                0x08000c18                _Unwind_Resume
                0x08000c18                ___Unwind_Resume
                0x08000c3c                _Unwind_Resume_or_Rethrow
                0x08000c3c                ___Unwind_Resume_or_Rethrow
                0x08000c60                _Unwind_ForcedUnwind
                0x08000c60                ___Unwind_ForcedUnwind
                0x08000c84                ___Unwind_Backtrace
                0x08000c84                _Unwind_Backtrace
 *fill*         0x08000ca8       0x18 
 .text          0x08000cc0      0x2e0 D:/Tools/arm-none-eabi-13/13.3 rel1/bin/../lib/gcc/arm-none-eabi/13.3.1/thumb/v7e-m+fp/hard\libg.a(libc_a-strcmp.o)
                0x08000cc0                strcmp
 .text          0x08000fa0       0xa0 D:/Tools/arm-none-eabi-13/13.3 rel1/bin/../lib/gcc/arm-none-eabi/13.3.1/thumb/v7e-m+fp/hard\libg.a(libc_a-memchr.o)
                0x08000fa0                memchr
 .text          0x08001040      0x134 D:/Tools/arm-none-eabi-13/13.3 rel1/bin/../lib/gcc/arm-none-eabi/13.3.1/thumb/v7e-m+fp/hard\libg.a(libc_a-memcpy.o)
                0x08001040                memcpy
 *fill*         0x08001174        0xc 
 .text          0x08001180       0xd8 D:/Tools/arm-none-eabi-13/13.3 rel1/bin/../lib/gcc/arm-none-eabi/13.3.1/thumb/v7e-m+fp/hard\libg.a(libc_a-strlen.o)
                0x08001180                strlen
 .text          0x08001258       0x2c D:/Tools/arm-none-eabi-13/13.3 rel1/bin/../lib/gcc/arm-none-eabi/13.3.1/thumb/v7e-m+fp/hard\libgcc.a(_arm_unorddf2.o)
                0x08001258                __unorddf2
                0x08001258                __aeabi_dcmpun
 *(.text*)
 .text.deregister_tm_clones
                0x08001284       0x1c D:/Tools/arm-none-eabi-13/13.3 rel1/bin/../lib/gcc/arm-none-eabi/13.3.1/thumb/v7e-m+fp/hard/crtbegin.o
 .text.register_tm_clones
                0x080012a0       0x24 D:/Tools/arm-none-eabi-13/13.3 rel1/bin/../lib/gcc/arm-none-eabi/13.3.1/thumb/v7e-m+fp/hard/crtbegin.o
 .text.__do_global_dtors_aux
                0x080012c4       0x28 D:/Tools/arm-none-eabi-13/13.3 rel1/bin/../lib/gcc/arm-none-eabi/13.3.1/thumb/v7e-m+fp/hard/crtbegin.o
 .text.frame_dummy
                0x080012ec       0x24 D:/Tools/arm-none-eabi-13/13.3 rel1/bin/../lib/gcc/arm-none-eabi/13.3.1/thumb/v7e-m+fp/hard/crtbegin.o
 .text._ZL9rtos_mainPv
                0x08001310       0x5c CMakeFiles/ctrl_g4.elf.dir/application/main.cpp.obj
 .text._ZN4Ctrl11sampling_cbEv
                0x0800136c       0x10 CMakeFiles/ctrl_g4.elf.dir/application/main.cpp.obj
                0x0800136c                Ctrl::sampling_cb()
 .text.main     0x0800137c       0x50 CMakeFiles/ctrl_g4.elf.dir/application/main.cpp.obj
                0x0800137c                main
 .text._ZN4Ctrl15control_loop_cbEv
                0x080013cc       0x5c CMakeFiles/ctrl_g4.elf.dir/application/main.cpp.obj
                0x080013cc                Ctrl::control_loop_cb()
 .text.MX_ADC1_Init
                0x08001428       0xf8 CMakeFiles/ctrl_g4.elf.dir/Core/Src/adc.c.obj
                0x08001428                MX_ADC1_Init
 .text.MX_ADC2_Init
                0x08001520       0xa0 CMakeFiles/ctrl_g4.elf.dir/Core/Src/adc.c.obj
                0x08001520                MX_ADC2_Init
 .text.HAL_ADC_MspInit
                0x080015c0      0x10c CMakeFiles/ctrl_g4.elf.dir/Core/Src/adc.c.obj
                0x080015c0                HAL_ADC_MspInit
 .text._ZN10Controller8Config_tC2Ev
                0x080016cc       0xf0 CMakeFiles/ctrl_g4.elf.dir/Core/Src/board.cpp.obj
                0x080016cc                Controller::Config_t::Config_t()
                0x080016cc                Controller::Config_t::Config_t()
 .text._ZN10ControllerC2Ev
                0x080017bc       0xb8 CMakeFiles/ctrl_g4.elf.dir/Core/Src/board.cpp.obj
                0x080017bc                Controller::Controller()
                0x080017bc                Controller::Controller()
 .text._Z41__static_initialization_and_destruction_0v
                0x08001874       0x5c CMakeFiles/ctrl_g4.elf.dir/Core/Src/board.cpp.obj
 .text._Z11system_initv
                0x080018d0        0xc CMakeFiles/ctrl_g4.elf.dir/Core/Src/board.cpp.obj
                0x080018d0                system_init()
 .text._Z10board_initv
                0x080018dc       0x1e CMakeFiles/ctrl_g4.elf.dir/Core/Src/board.cpp.obj
                0x080018dc                board_init()
 *fill*         0x080018fa        0x2 
 .text._Z12start_timersv
                0x080018fc       0x50 CMakeFiles/ctrl_g4.elf.dir/Core/Src/board.cpp.obj
                0x080018fc                start_timers()
 .text._Z10start_adcsv
                0x0800194c       0x30 CMakeFiles/ctrl_g4.elf.dir/Core/Src/board.cpp.obj
                0x0800194c                start_adcs()
 .text._ZNSt8optionalI9Iph_ABC_tEaSIS0_EENSt9enable_ifIX7__and_vISt6__not_ISt7is_sameIS1_NSt9remove_cvINSt16remove_referenceIT_E4typeEE4typeEEES4_ISt6__and_IJSt9is_scalarIS0_ES5_IS0_NSt5decayIS8_E4typeEEEEESt16is_constructibleIS0_JS8_EESt13is_assignableIRS0_S8_EEERS1_E4typeEOS8_
                0x0800197c       0x1c CMakeFiles/ctrl_g4.elf.dir/Core/Src/board.cpp.obj
                0x0800197c                std::enable_if<__and_v<std::__not_<std::is_same<std::optional<Iph_ABC_t>, std::remove_cv<std::remove_reference<Iph_ABC_t>::type>::type> >, std::__not_<std::__and_<std::is_scalar<Iph_ABC_t>, std::is_same<Iph_ABC_t, std::decay<Iph_ABC_t>::type> > >, std::is_constructible<Iph_ABC_t, Iph_ABC_t>, std::is_assignable<Iph_ABC_t&, Iph_ABC_t> >, std::optional<Iph_ABC_t>&>::type std::optional<Iph_ABC_t>::operator=<Iph_ABC_t>(Iph_ABC_t&&)
 .text._Z20fetch_and_reset_adcsPSt8optionalI9Iph_ABC_tE
                0x08001998       0x70 CMakeFiles/ctrl_g4.elf.dir/Core/Src/board.cpp.obj
                0x08001998                fetch_and_reset_adcs(std::optional<Iph_ABC_t>*)
 .text.control_loop_irq_handler
                0x08001a08       0x68 CMakeFiles/ctrl_g4.elf.dir/Core/Src/board.cpp.obj
                0x08001a08                control_loop_irq_handler
 .text._GLOBAL__sub_I_spi1_arbiter
                0x08001a70        0x8 CMakeFiles/ctrl_g4.elf.dir/Core/Src/board.cpp.obj
 .text.MX_GPIO_Init
                0x08001a78       0x98 CMakeFiles/ctrl_g4.elf.dir/Core/Src/gpio.c.obj
                0x08001a78                MX_GPIO_Init
 .text.HAL_TIM_PeriodElapsedCallback
                0x08001b10       0x2c CMakeFiles/ctrl_g4.elf.dir/Core/Src/main.c.obj
                0x08001b10                HAL_TIM_PeriodElapsedCallback
 .text.Error_Handler
                0x08001b3c        0x4 CMakeFiles/ctrl_g4.elf.dir/Core/Src/main.c.obj
                0x08001b3c                Error_Handler
 .text.SystemClock_Config
                0x08001b40       0x76 CMakeFiles/ctrl_g4.elf.dir/Core/Src/main.c.obj
                0x08001b40                SystemClock_Config
 *fill*         0x08001bb6        0x2 
 .text.MX_SPI1_Init
                0x08001bb8       0x50 CMakeFiles/ctrl_g4.elf.dir/Core/Src/spi.c.obj
                0x08001bb8                MX_SPI1_Init
 .text.HAL_SPI_MspInit
                0x08001c08       0x64 CMakeFiles/ctrl_g4.elf.dir/Core/Src/spi.c.obj
                0x08001c08                HAL_SPI_MspInit
 .text.HAL_MspInit
                0x08001c6c       0x44 CMakeFiles/ctrl_g4.elf.dir/Core/Src/stm32g4xx_hal_msp.c.obj
                0x08001c6c                HAL_MspInit
 .text.HAL_InitTick
                0x08001cb0       0x90 CMakeFiles/ctrl_g4.elf.dir/Core/Src/stm32g4xx_hal_timebase_tim.c.obj
                0x08001cb0                HAL_InitTick
 .text.NMI_Handler
                0x08001d40        0x2 CMakeFiles/ctrl_g4.elf.dir/Core/Src/stm32g4xx_it.c.obj
                0x08001d40                NMI_Handler
 .text.HardFault_Handler
                0x08001d42        0x2 CMakeFiles/ctrl_g4.elf.dir/Core/Src/stm32g4xx_it.c.obj
                0x08001d42                HardFault_Handler
 .text.MemManage_Handler
                0x08001d44        0x2 CMakeFiles/ctrl_g4.elf.dir/Core/Src/stm32g4xx_it.c.obj
                0x08001d44                MemManage_Handler
 .text.BusFault_Handler
                0x08001d46        0x2 CMakeFiles/ctrl_g4.elf.dir/Core/Src/stm32g4xx_it.c.obj
                0x08001d46                BusFault_Handler
 .text.UsageFault_Handler
                0x08001d48        0x2 CMakeFiles/ctrl_g4.elf.dir/Core/Src/stm32g4xx_it.c.obj
                0x08001d48                UsageFault_Handler
 .text.DebugMon_Handler
                0x08001d4a        0x2 CMakeFiles/ctrl_g4.elf.dir/Core/Src/stm32g4xx_it.c.obj
                0x08001d4a                DebugMon_Handler
 .text.USB_LP_IRQHandler
                0x08001d4c       0x10 CMakeFiles/ctrl_g4.elf.dir/Core/Src/stm32g4xx_it.c.obj
                0x08001d4c                USB_LP_IRQHandler
 .text.TIM1_UP_TIM16_IRQHandler
                0x08001d5c       0x10 CMakeFiles/ctrl_g4.elf.dir/Core/Src/stm32g4xx_it.c.obj
                0x08001d5c                TIM1_UP_TIM16_IRQHandler
 .text.TIM6_DAC_IRQHandler
                0x08001d6c       0x10 CMakeFiles/ctrl_g4.elf.dir/Core/Src/stm32g4xx_it.c.obj
                0x08001d6c                TIM6_DAC_IRQHandler
 .text._getpid  0x08001d7c        0x4 CMakeFiles/ctrl_g4.elf.dir/Core/Src/syscalls.c.obj
                0x08001d7c                _getpid
 .text._kill    0x08001d80       0x10 CMakeFiles/ctrl_g4.elf.dir/Core/Src/syscalls.c.obj
                0x08001d80                _kill
 .text._exit    0x08001d90        0xc CMakeFiles/ctrl_g4.elf.dir/Core/Src/syscalls.c.obj
                0x08001d90                _exit
 .text._read    0x08001d9c       0x20 CMakeFiles/ctrl_g4.elf.dir/Core/Src/syscalls.c.obj
                0x08001d9c                _read
 .text._write   0x08001dbc       0x1c CMakeFiles/ctrl_g4.elf.dir/Core/Src/syscalls.c.obj
                0x08001dbc                _write
 .text._close   0x08001dd8        0x6 CMakeFiles/ctrl_g4.elf.dir/Core/Src/syscalls.c.obj
                0x08001dd8                _close
 .text._fstat   0x08001dde        0xa CMakeFiles/ctrl_g4.elf.dir/Core/Src/syscalls.c.obj
                0x08001dde                _fstat
 .text._isatty  0x08001de8        0x4 CMakeFiles/ctrl_g4.elf.dir/Core/Src/syscalls.c.obj
                0x08001de8                _isatty
 .text._lseek   0x08001dec        0x4 CMakeFiles/ctrl_g4.elf.dir/Core/Src/syscalls.c.obj
                0x08001dec                _lseek
 .text._sbrk    0x08001df0       0x48 CMakeFiles/ctrl_g4.elf.dir/Core/Src/sysmem.c.obj
                0x08001df0                _sbrk
 .text.SystemInit
                0x08001e38       0x14 CMakeFiles/ctrl_g4.elf.dir/Core/Src/system_stm32g4xx.c.obj
                0x08001e38                SystemInit
 .text.HAL_TIM_Base_MspInit
                0x08001e4c       0x40 CMakeFiles/ctrl_g4.elf.dir/Core/Src/tim.c.obj
                0x08001e4c                HAL_TIM_Base_MspInit
 .text.HAL_TIM_MspPostInit
                0x08001e8c       0x98 CMakeFiles/ctrl_g4.elf.dir/Core/Src/tim.c.obj
                0x08001e8c                HAL_TIM_MspPostInit
 .text.MX_TIM1_Init
                0x08001f24      0x13c CMakeFiles/ctrl_g4.elf.dir/Core/Src/tim.c.obj
                0x08001f24                MX_TIM1_Init
 .text.Reset_Handler
                0x08002060       0x50 CMakeFiles/ctrl_g4.elf.dir/Core/Startup/startup_stm32g474retx.s.obj
                0x08002060                Reset_Handler
 .text.Default_Handler
                0x080020b0        0x2 CMakeFiles/ctrl_g4.elf.dir/Core/Startup/startup_stm32g474retx.s.obj
                0x080020b0                RTC_Alarm_IRQHandler
                0x080020b0                EXTI2_IRQHandler
                0x080020b0                TIM8_TRG_COM_IRQHandler
                0x080020b0                TIM8_CC_IRQHandler
                0x080020b0                HRTIM1_Master_IRQHandler
                0x080020b0                SPI4_IRQHandler
                0x080020b0                FDCAN3_IT0_IRQHandler
                0x080020b0                TIM1_CC_IRQHandler
                0x080020b0                HRTIM1_FLT_IRQHandler
                0x080020b0                HRTIM1_TIMF_IRQHandler
                0x080020b0                USB_HP_IRQHandler
                0x080020b0                CORDIC_IRQHandler
                0x080020b0                HRTIM1_TIMD_IRQHandler
                0x080020b0                DMA2_Channel8_IRQHandler
                0x080020b0                EXTI3_IRQHandler
                0x080020b0                I2C3_ER_IRQHandler
                0x080020b0                EXTI0_IRQHandler
                0x080020b0                I2C2_EV_IRQHandler
                0x080020b0                FPU_IRQHandler
                0x080020b0                FDCAN1_IT1_IRQHandler
                0x080020b0                ADC1_2_IRQHandler
                0x080020b0                HRTIM1_TIME_IRQHandler
                0x080020b0                SPI1_IRQHandler
                0x080020b0                HRTIM1_TIMC_IRQHandler
                0x080020b0                TIM8_UP_IRQHandler
                0x080020b0                DMA2_Channel2_IRQHandler
                0x080020b0                DMA1_Channel4_IRQHandler
                0x080020b0                TIM20_TRG_COM_IRQHandler
                0x080020b0                USART3_IRQHandler
                0x080020b0                DMA1_Channel7_IRQHandler
                0x080020b0                UART5_IRQHandler
                0x080020b0                ADC3_IRQHandler
                0x080020b0                TIM4_IRQHandler
                0x080020b0                DMA2_Channel1_IRQHandler
                0x080020b0                QUADSPI_IRQHandler
                0x080020b0                I2C1_EV_IRQHandler
                0x080020b0                DMA1_Channel6_IRQHandler
                0x080020b0                UART4_IRQHandler
                0x080020b0                DMA2_Channel4_IRQHandler
                0x080020b0                TIM3_IRQHandler
                0x080020b0                RCC_IRQHandler
                0x080020b0                TIM20_UP_IRQHandler
                0x080020b0                DMA1_Channel1_IRQHandler
                0x080020b0                Default_Handler
                0x080020b0                DMA2_Channel7_IRQHandler
                0x080020b0                RTC_TAMP_LSECSS_IRQHandler
                0x080020b0                FMAC_IRQHandler
                0x080020b0                EXTI15_10_IRQHandler
                0x080020b0                DMA1_Channel8_IRQHandler
                0x080020b0                HRTIM1_TIMA_IRQHandler
                0x080020b0                TIM7_DAC_IRQHandler
                0x080020b0                FDCAN3_IT1_IRQHandler
                0x080020b0                TIM5_IRQHandler
                0x080020b0                UCPD1_IRQHandler
                0x080020b0                I2C3_EV_IRQHandler
                0x080020b0                EXTI9_5_IRQHandler
                0x080020b0                RTC_WKUP_IRQHandler
                0x080020b0                PVD_PVM_IRQHandler
                0x080020b0                SPI2_IRQHandler
                0x080020b0                ADC5_IRQHandler
                0x080020b0                DMA2_Channel5_IRQHandler
                0x080020b0                CRS_IRQHandler
                0x080020b0                DMA1_Channel5_IRQHandler
                0x080020b0                EXTI4_IRQHandler
                0x080020b0                RNG_IRQHandler
                0x080020b0                HRTIM1_TIMB_IRQHandler
                0x080020b0                TIM1_TRG_COM_TIM17_IRQHandler
                0x080020b0                FDCAN2_IT1_IRQHandler
                0x080020b0                DMA1_Channel3_IRQHandler
                0x080020b0                ADC4_IRQHandler
                0x080020b0                WWDG_IRQHandler
                0x080020b0                I2C4_EV_IRQHandler
                0x080020b0                FDCAN2_IT0_IRQHandler
                0x080020b0                LPUART1_IRQHandler
                0x080020b0                DMA2_Channel6_IRQHandler
                0x080020b0                FDCAN1_IT0_IRQHandler
                0x080020b0                TIM2_IRQHandler
                0x080020b0                COMP7_IRQHandler
                0x080020b0                COMP1_2_3_IRQHandler
                0x080020b0                EXTI1_IRQHandler
                0x080020b0                USART2_IRQHandler
                0x080020b0                COMP4_5_6_IRQHandler
                0x080020b0                TIM20_BRK_IRQHandler
                0x080020b0                I2C2_ER_IRQHandler
                0x080020b0                DMA1_Channel2_IRQHandler
                0x080020b0                TIM8_BRK_IRQHandler
                0x080020b0                FLASH_IRQHandler
                0x080020b0                TIM20_CC_IRQHandler
                0x080020b0                USART1_IRQHandler
                0x080020b0                SPI3_IRQHandler
                0x080020b0                I2C1_ER_IRQHandler
                0x080020b0                FMC_IRQHandler
                0x080020b0                LPTIM1_IRQHandler
                0x080020b0                DMAMUX_OVR_IRQHandler
                0x080020b0                I2C4_ER_IRQHandler
                0x080020b0                USBWakeUp_IRQHandler
                0x080020b0                SAI1_IRQHandler
                0x080020b0                DMA2_Channel3_IRQHandler
                0x080020b0                TIM1_BRK_TIM15_IRQHandler
 *fill*         0x080020b2        0x2 
 .text._ZN18OpenLoopControllerC2Ev
                0x080020b4       0x70 CMakeFiles/ctrl_g4.elf.dir/Ctrl/axis.cpp.obj
                0x080020b4                OpenLoopController::OpenLoopController()
                0x080020b4                OpenLoopController::OpenLoopController()
 .text._ZN4AxisC2ER7EncoderR10ControllerR5Motor
                0x08002124       0x4e CMakeFiles/ctrl_g4.elf.dir/Ctrl/axis.cpp.obj
                0x08002124                Axis::Axis(Encoder&, Controller&, Motor&)
                0x08002124                Axis::Axis(Encoder&, Controller&, Motor&)
 *fill*         0x08002172        0x2 
 .text._ZN4Axis12start_threadEv
                0x08002174       0x3c CMakeFiles/ctrl_g4.elf.dir/Ctrl/axis.cpp.obj
                0x08002174                Axis::start_thread()
 .text._ZN4Axis22run_state_machine_loopEv
                0x080021b0        0x8 CMakeFiles/ctrl_g4.elf.dir/Ctrl/axis.cpp.obj
                0x080021b0                Axis::run_state_machine_loop()
 .text._ZL30run_state_machine_loop_wrapperPv
                0x080021b8        0x6 CMakeFiles/ctrl_g4.elf.dir/Ctrl/axis.cpp.obj
 .text._ZNKSt18bad_variant_access4whatEv
                0x080021be        0x4 CMakeFiles/ctrl_g4.elf.dir/Ctrl/controller.cpp.obj
                0x080021be                std::bad_variant_access::what() const
 *fill*         0x080021c2        0x2 
 .text._ZNSt18bad_variant_accessD2Ev
                0x080021c4       0x14 CMakeFiles/ctrl_g4.elf.dir/Ctrl/controller.cpp.obj
                0x080021c4                std::bad_variant_access::~bad_variant_access()
                0x080021c4                std::bad_variant_access::~bad_variant_access()
 .text._ZNSt18bad_variant_accessD0Ev
                0x080021d8       0x1c CMakeFiles/ctrl_g4.elf.dir/Ctrl/controller.cpp.obj
                0x080021d8                std::bad_variant_access::~bad_variant_access()
 .text._ZSt26__throw_bad_variant_accessPKc
                0x080021f4       0x2c CMakeFiles/ctrl_g4.elf.dir/Ctrl/controller.cpp.obj
                0x080021f4                std::__throw_bad_variant_access(char const*)
 .text._ZSt26__throw_bad_variant_accessb
                0x08002220       0x18 CMakeFiles/ctrl_g4.elf.dir/Ctrl/controller.cpp.obj
                0x08002220                std::__throw_bad_variant_access(bool)
 .text._ZN9InputPortIfE7presentEv
                0x08002238       0x50 CMakeFiles/ctrl_g4.elf.dir/Ctrl/controller.cpp.obj
                0x08002238                InputPort<float>::present()
 .text._ZN7EncoderC2EP9STM32_SPI
                0x08002288       0xa4 CMakeFiles/ctrl_g4.elf.dir/Ctrl/encoder.cpp.obj
                0x08002288                Encoder::Encoder(STM32_SPI*)
                0x08002288                Encoder::Encoder(STM32_SPI*)
 .text._ZN7Encoder16update_pll_gainsEv
                0x0800232c       0x1e CMakeFiles/ctrl_g4.elf.dir/Ctrl/encoder.cpp.obj
                0x0800232c                Encoder::update_pll_gains()
 .text._ZN7Encoder10abs_spi_cbEv
                0x0800234a       0x32 CMakeFiles/ctrl_g4.elf.dir/Ctrl/encoder.cpp.obj
                0x0800234a                Encoder::abs_spi_cb()
 .text._ZN7Encoder25abs_spi_start_transactionEv
                0x0800237c       0x4a CMakeFiles/ctrl_g4.elf.dir/Ctrl/encoder.cpp.obj
                0x0800237c                Encoder::abs_spi_start_transaction()
 .text._ZN7Encoder10sample_nowEv
                0x080023c6       0x26 CMakeFiles/ctrl_g4.elf.dir/Ctrl/encoder.cpp.obj
                0x080023c6                Encoder::sample_now()
 .text._ZN7Encoder6updateEv
                0x080023ec      0x298 CMakeFiles/ctrl_g4.elf.dir/Ctrl/encoder.cpp.obj
                0x080023ec                Encoder::update()
 .text._ZN7Encoder19abs_spi_cs_pin_initEv
                0x08002684       0x1c CMakeFiles/ctrl_g4.elf.dir/Ctrl/encoder.cpp.obj
                0x08002684                Encoder::abs_spi_cs_pin_init()
 .text._ZN7Encoder4initEv
                0x080026a0       0x70 CMakeFiles/ctrl_g4.elf.dir/Ctrl/encoder.cpp.obj
                0x080026a0                Encoder::init()
 .text._ZN24AlphaBetaFrameController14on_measurementESt8optionalIfES0_ISt5arrayIfLj3EEE
                0x08002710       0x74 CMakeFiles/ctrl_g4.elf.dir/Ctrl/foc.cpp.obj
                0x08002710                AlphaBetaFrameController::on_measurement(std::optional<float>, std::optional<std::array<float, 3u> >)
 .text._ZN3FOC5resetEv
                0x08002784       0x3a CMakeFiles/ctrl_g4.elf.dir/Ctrl/foc.cpp.obj
                0x08002784                FOC::reset()
 .text._ZN24AlphaBetaFrameController10get_outputERA3_fPSt8optionalIfE
                0x080027be       0x36 CMakeFiles/ctrl_g4.elf.dir/Ctrl/foc.cpp.obj
                0x080027be                AlphaBetaFrameController::get_output(float (&) [3], std::optional<float>*)
 .text._ZN3FOC21get_alpha_beta_outputEPSt8optionalISt4pairIffEEPS0_IfE
                0x080027f4      0x2c8 CMakeFiles/ctrl_g4.elf.dir/Ctrl/foc.cpp.obj
                0x080027f4                FOC::get_alpha_beta_output(std::optional<std::pair<float, float> >*, std::optional<float>*)
 .text._ZN9InputPortISt4pairIffEE7presentEv
                0x08002abc       0x66 CMakeFiles/ctrl_g4.elf.dir/Ctrl/foc.cpp.obj
                0x08002abc                InputPort<std::pair<float, float> >::present()
 .text._ZNSt22_Optional_payload_baseISt4pairIffEE14_M_copy_assignERKS2_
                0x08002b22       0x32 CMakeFiles/ctrl_g4.elf.dir/Ctrl/foc.cpp.obj
                0x08002b22                std::_Optional_payload_base<std::pair<float, float> >::_M_copy_assign(std::_Optional_payload_base<std::pair<float, float> > const&)
 .text._ZN3FOC14on_measurementESt8optionalIfES0_ISt4pairIffEE
                0x08002b54       0x36 CMakeFiles/ctrl_g4.elf.dir/Ctrl/foc.cpp.obj
                0x08002b54                FOC::on_measurement(std::optional<float>, std::optional<std::pair<float, float> >)
 .text._ZNSt22_Optional_payload_baseISt4pairIffEE14_M_move_assignEOS2_
                0x08002b8a       0x32 CMakeFiles/ctrl_g4.elf.dir/Ctrl/foc.cpp.obj
                0x08002b8a                std::_Optional_payload_base<std::pair<float, float> >::_M_move_assign(std::_Optional_payload_base<std::pair<float, float> >&&)
 .text._ZN3FOC6updateEv
                0x08002bbc       0x64 CMakeFiles/ctrl_g4.elf.dir/Ctrl/foc.cpp.obj
                0x08002bbc                FOC::update()
 .text._ZThn4_N3FOC6updateEv
                0x08002c20        0x8 CMakeFiles/ctrl_g4.elf.dir/Ctrl/foc.cpp.obj
                0x08002c20                non-virtual thunk to FOC::update()
 .text.start_adc_pwm
                0x08002c28       0x34 CMakeFiles/ctrl_g4.elf.dir/Ctrl/low_level.cpp.obj
                0x08002c28                start_adc_pwm
 .text.vbus_sense_adc_cb
                0x08002c5c       0x20 CMakeFiles/ctrl_g4.elf.dir/Ctrl/low_level.cpp.obj
                0x08002c5c                vbus_sense_adc_cb
 .text._ZN5Motor8Config_tC2Ev
                0x08002c7c       0x74 CMakeFiles/ctrl_g4.elf.dir/Ctrl/motor.cpp.obj
                0x08002c7c                Motor::Config_t::Config_t()
                0x08002c7c                Motor::Config_t::Config_t()
 .text._ZN3FOCC2Ev
                0x08002cf0       0x80 CMakeFiles/ctrl_g4.elf.dir/Ctrl/motor.cpp.obj
                0x08002cf0                FOC::FOC()
                0x08002cf0                FOC::FOC()
 .text._ZN5Motor31update_current_controller_gainsEv
                0x08002d70       0x4c CMakeFiles/ctrl_g4.elf.dir/Ctrl/motor.cpp.obj
                0x08002d70                Motor::update_current_controller_gains()
 .text._ZN5Motor12apply_configEv
                0x08002dbc       0x12 CMakeFiles/ctrl_g4.elf.dir/Ctrl/motor.cpp.obj
                0x08002dbc                Motor::apply_config()
 *fill*         0x08002dce        0x2 
 .text._ZN5MotorC2EP17TIM_HandleTypeDefhf
                0x08002dd0       0xc4 CMakeFiles/ctrl_g4.elf.dir/Ctrl/motor.cpp.obj
                0x08002dd0                Motor::Motor(TIM_HandleTypeDef*, unsigned char, float)
                0x08002dd0                Motor::Motor(TIM_HandleTypeDef*, unsigned char, float)
 .text._ZN5Motor4initEv
                0x08002e94       0x38 CMakeFiles/ctrl_g4.elf.dir/Ctrl/motor.cpp.obj
                0x08002e94                Motor::init()
 .text._ZN5Motor25phase_current_from_adcvalEm
                0x08002ecc       0x44 CMakeFiles/ctrl_g4.elf.dir/Ctrl/motor.cpp.obj
                0x08002ecc                Motor::phase_current_from_adcval(unsigned long)
 .text._ZN5Motor11dc_calib_cbESt8optionalI9Iph_ABC_tE
                0x08002f10       0xb0 CMakeFiles/ctrl_g4.elf.dir/Ctrl/motor.cpp.obj
                0x08002f10                Motor::dc_calib_cb(std::optional<Iph_ABC_t>)
 .text._ZN5Motor15current_meas_cbESt8optionalI9Iph_ABC_tE
                0x08002fc0      0x158 CMakeFiles/ctrl_g4.elf.dir/Ctrl/motor.cpp.obj
                0x08002fc0                Motor::current_meas_cb(std::optional<Iph_ABC_t>)
 .text._ZN5Motor6updateEv
                0x08003118      0x1b4 CMakeFiles/ctrl_g4.elf.dir/Ctrl/motor.cpp.obj
                0x08003118                Motor::update()
 .text._ZN18OpenLoopController6updateEv
                0x080032cc      0x2f0 CMakeFiles/ctrl_g4.elf.dir/Ctrl/open_loop_controller.cpp.obj
                0x080032cc                OpenLoopController::update()
 .text._Z3modii
                0x080035bc       0x12 CMakeFiles/ctrl_g4.elf.dir/Ctrl/utils.cpp.obj
                0x080035bc                mod(int, int)
 *fill*         0x080035ce        0x2 
 .text._Z3SVMff
                0x080035d0      0x1fc CMakeFiles/ctrl_g4.elf.dir/Ctrl/utils.cpp.obj
                0x080035d0                SVM(float, float)
 .text.HAL_Init
                0x080037cc       0x1e CMakeFiles/ctrl_g4.elf.dir/Drivers/STM32G4xx_HAL_Driver/Src/stm32g4xx_hal.c.obj
                0x080037cc                HAL_Init
 *fill*         0x080037ea        0x2 
 .text.HAL_IncTick
                0x080037ec       0x18 CMakeFiles/ctrl_g4.elf.dir/Drivers/STM32G4xx_HAL_Driver/Src/stm32g4xx_hal.c.obj
                0x080037ec                HAL_IncTick
 .text.HAL_GetTick
                0x08003804        0xc CMakeFiles/ctrl_g4.elf.dir/Drivers/STM32G4xx_HAL_Driver/Src/stm32g4xx_hal.c.obj
                0x08003804                HAL_GetTick
 .text.HAL_ADC_Init
                0x08003810      0x28c CMakeFiles/ctrl_g4.elf.dir/Drivers/STM32G4xx_HAL_Driver/Src/stm32g4xx_hal_adc.c.obj
                0x08003810                HAL_ADC_Init
 .text.ADC_Enable
                0x08003a9c       0xf8 CMakeFiles/ctrl_g4.elf.dir/Drivers/STM32G4xx_HAL_Driver/Src/stm32g4xx_hal_adc.c.obj
                0x08003a9c                ADC_Enable
 .text.LL_ADC_SetChannelSamplingTime
                0x08003b94       0x2c CMakeFiles/ctrl_g4.elf.dir/Drivers/STM32G4xx_HAL_Driver/Src/stm32g4xx_hal_adc_ex.c.obj
 .text.HAL_ADCEx_InjectedStart
                0x08003bc0      0x128 CMakeFiles/ctrl_g4.elf.dir/Drivers/STM32G4xx_HAL_Driver/Src/stm32g4xx_hal_adc_ex.c.obj
                0x08003bc0                HAL_ADCEx_InjectedStart
 .text.HAL_ADCEx_InjectedConfigChannel
                0x08003ce8      0x614 CMakeFiles/ctrl_g4.elf.dir/Drivers/STM32G4xx_HAL_Driver/Src/stm32g4xx_hal_adc_ex.c.obj
                0x08003ce8                HAL_ADCEx_InjectedConfigChannel
 .text.HAL_ADCEx_MultiModeConfigChannel
                0x080042fc      0x1d4 CMakeFiles/ctrl_g4.elf.dir/Drivers/STM32G4xx_HAL_Driver/Src/stm32g4xx_hal_adc_ex.c.obj
                0x080042fc                HAL_ADCEx_MultiModeConfigChannel
 .text.__NVIC_EnableIRQ
                0x080044d0       0x1c CMakeFiles/ctrl_g4.elf.dir/Drivers/STM32G4xx_HAL_Driver/Src/stm32g4xx_hal_cortex.c.obj
 .text.__NVIC_SetPriority
                0x080044ec       0x28 CMakeFiles/ctrl_g4.elf.dir/Drivers/STM32G4xx_HAL_Driver/Src/stm32g4xx_hal_cortex.c.obj
 .text.NVIC_EncodePriority
                0x08004514       0x3e CMakeFiles/ctrl_g4.elf.dir/Drivers/STM32G4xx_HAL_Driver/Src/stm32g4xx_hal_cortex.c.obj
 *fill*         0x08004552        0x2 
 .text.HAL_NVIC_SetPriorityGrouping
                0x08004554       0x24 CMakeFiles/ctrl_g4.elf.dir/Drivers/STM32G4xx_HAL_Driver/Src/stm32g4xx_hal_cortex.c.obj
                0x08004554                HAL_NVIC_SetPriorityGrouping
 .text.HAL_NVIC_SetPriority
                0x08004578       0x20 CMakeFiles/ctrl_g4.elf.dir/Drivers/STM32G4xx_HAL_Driver/Src/stm32g4xx_hal_cortex.c.obj
                0x08004578                HAL_NVIC_SetPriority
 .text.HAL_NVIC_EnableIRQ
                0x08004598        0x8 CMakeFiles/ctrl_g4.elf.dir/Drivers/STM32G4xx_HAL_Driver/Src/stm32g4xx_hal_cortex.c.obj
                0x08004598                HAL_NVIC_EnableIRQ
 .text.HAL_GPIO_Init
                0x080045a0      0x1d4 CMakeFiles/ctrl_g4.elf.dir/Drivers/STM32G4xx_HAL_Driver/Src/stm32g4xx_hal_gpio.c.obj
                0x080045a0                HAL_GPIO_Init
 .text.HAL_GPIO_WritePin
                0x08004774        0xa CMakeFiles/ctrl_g4.elf.dir/Drivers/STM32G4xx_HAL_Driver/Src/stm32g4xx_hal_gpio.c.obj
                0x08004774                HAL_GPIO_WritePin
 .text.HAL_GPIO_TogglePin
                0x0800477e       0x12 CMakeFiles/ctrl_g4.elf.dir/Drivers/STM32G4xx_HAL_Driver/Src/stm32g4xx_hal_gpio.c.obj
                0x0800477e                HAL_GPIO_TogglePin
 .text.HAL_PCD_EP_DB_Receive
                0x08004790      0x118 CMakeFiles/ctrl_g4.elf.dir/Drivers/STM32G4xx_HAL_Driver/Src/stm32g4xx_hal_pcd.c.obj
 .text.HAL_PCD_Init
                0x080048a8       0xb6 CMakeFiles/ctrl_g4.elf.dir/Drivers/STM32G4xx_HAL_Driver/Src/stm32g4xx_hal_pcd.c.obj
                0x080048a8                HAL_PCD_Init
 .text.HAL_PCD_Start
                0x0800495e       0x2a CMakeFiles/ctrl_g4.elf.dir/Drivers/STM32G4xx_HAL_Driver/Src/stm32g4xx_hal_pcd.c.obj
                0x0800495e                HAL_PCD_Start
 .text.HAL_PCD_EP_DB_Transmit
                0x08004988      0x414 CMakeFiles/ctrl_g4.elf.dir/Drivers/STM32G4xx_HAL_Driver/Src/stm32g4xx_hal_pcd.c.obj
 .text.PCD_EP_ISR_Handler
                0x08004d9c      0x536 CMakeFiles/ctrl_g4.elf.dir/Drivers/STM32G4xx_HAL_Driver/Src/stm32g4xx_hal_pcd.c.obj
 .text.HAL_PCD_SetAddress
                0x080052d2       0x26 CMakeFiles/ctrl_g4.elf.dir/Drivers/STM32G4xx_HAL_Driver/Src/stm32g4xx_hal_pcd.c.obj
                0x080052d2                HAL_PCD_SetAddress
 .text.HAL_PCD_IRQHandler
                0x080052f8      0x1b2 CMakeFiles/ctrl_g4.elf.dir/Drivers/STM32G4xx_HAL_Driver/Src/stm32g4xx_hal_pcd.c.obj
                0x080052f8                HAL_PCD_IRQHandler
 .text.HAL_PCD_EP_Open
                0x080054aa       0x84 CMakeFiles/ctrl_g4.elf.dir/Drivers/STM32G4xx_HAL_Driver/Src/stm32g4xx_hal_pcd.c.obj
                0x080054aa                HAL_PCD_EP_Open
 .text.HAL_PCD_EP_Close
                0x0800552e       0x6c CMakeFiles/ctrl_g4.elf.dir/Drivers/STM32G4xx_HAL_Driver/Src/stm32g4xx_hal_pcd.c.obj
                0x0800552e                HAL_PCD_EP_Close
 .text.HAL_PCD_EP_Receive
                0x0800559a       0x3a CMakeFiles/ctrl_g4.elf.dir/Drivers/STM32G4xx_HAL_Driver/Src/stm32g4xx_hal_pcd.c.obj
                0x0800559a                HAL_PCD_EP_Receive
 .text.HAL_PCD_EP_GetRxCount
                0x080055d4       0x12 CMakeFiles/ctrl_g4.elf.dir/Drivers/STM32G4xx_HAL_Driver/Src/stm32g4xx_hal_pcd.c.obj
                0x080055d4                HAL_PCD_EP_GetRxCount
 .text.HAL_PCD_EP_Transmit
                0x080055e6       0x4c CMakeFiles/ctrl_g4.elf.dir/Drivers/STM32G4xx_HAL_Driver/Src/stm32g4xx_hal_pcd.c.obj
                0x080055e6                HAL_PCD_EP_Transmit
 .text.HAL_PCD_EP_SetStall
                0x08005632       0x72 CMakeFiles/ctrl_g4.elf.dir/Drivers/STM32G4xx_HAL_Driver/Src/stm32g4xx_hal_pcd.c.obj
                0x08005632                HAL_PCD_EP_SetStall
 .text.HAL_PCD_EP_ClrStall
                0x080056a4       0x7e CMakeFiles/ctrl_g4.elf.dir/Drivers/STM32G4xx_HAL_Driver/Src/stm32g4xx_hal_pcd.c.obj
                0x080056a4                HAL_PCD_EP_ClrStall
 .text.HAL_PCDEx_PMAConfig
                0x08005722       0x38 CMakeFiles/ctrl_g4.elf.dir/Drivers/STM32G4xx_HAL_Driver/Src/stm32g4xx_hal_pcd_ex.c.obj
                0x08005722                HAL_PCDEx_PMAConfig
 .text.HAL_PCDEx_ActivateLPM
                0x0800575a       0x2c CMakeFiles/ctrl_g4.elf.dir/Drivers/STM32G4xx_HAL_Driver/Src/stm32g4xx_hal_pcd_ex.c.obj
                0x0800575a                HAL_PCDEx_ActivateLPM
 *fill*         0x08005786        0x2 
 .text.HAL_PWREx_ControlVoltageScaling
                0x08005788      0x10c CMakeFiles/ctrl_g4.elf.dir/Drivers/STM32G4xx_HAL_Driver/Src/stm32g4xx_hal_pwr_ex.c.obj
                0x08005788                HAL_PWREx_ControlVoltageScaling
 .text.HAL_PWREx_DisableUCPDDeadBattery
                0x08005894       0x10 CMakeFiles/ctrl_g4.elf.dir/Drivers/STM32G4xx_HAL_Driver/Src/stm32g4xx_hal_pwr_ex.c.obj
                0x08005894                HAL_PWREx_DisableUCPDDeadBattery
 .text.RCC_GetSysClockFreqFromPLLSource
                0x080058a4       0x58 CMakeFiles/ctrl_g4.elf.dir/Drivers/STM32G4xx_HAL_Driver/Src/stm32g4xx_hal_rcc.c.obj
 .text.HAL_RCC_OscConfig
                0x080058fc      0x4e4 CMakeFiles/ctrl_g4.elf.dir/Drivers/STM32G4xx_HAL_Driver/Src/stm32g4xx_hal_rcc.c.obj
                0x080058fc                HAL_RCC_OscConfig
 .text.HAL_RCC_GetSysClockFreq
                0x08005de0       0x88 CMakeFiles/ctrl_g4.elf.dir/Drivers/STM32G4xx_HAL_Driver/Src/stm32g4xx_hal_rcc.c.obj
                0x08005de0                HAL_RCC_GetSysClockFreq
 .text.HAL_RCC_ClockConfig
                0x08005e68      0x1f8 CMakeFiles/ctrl_g4.elf.dir/Drivers/STM32G4xx_HAL_Driver/Src/stm32g4xx_hal_rcc.c.obj
                0x08005e68                HAL_RCC_ClockConfig
 .text.HAL_RCC_GetHCLKFreq
                0x08006060        0xc CMakeFiles/ctrl_g4.elf.dir/Drivers/STM32G4xx_HAL_Driver/Src/stm32g4xx_hal_rcc.c.obj
                0x08006060                HAL_RCC_GetHCLKFreq
 .text.HAL_RCC_GetPCLK1Freq
                0x0800606c       0x24 CMakeFiles/ctrl_g4.elf.dir/Drivers/STM32G4xx_HAL_Driver/Src/stm32g4xx_hal_rcc.c.obj
                0x0800606c                HAL_RCC_GetPCLK1Freq
 .text.HAL_RCC_GetClockConfig
                0x08006090       0x3c CMakeFiles/ctrl_g4.elf.dir/Drivers/STM32G4xx_HAL_Driver/Src/stm32g4xx_hal_rcc.c.obj
                0x08006090                HAL_RCC_GetClockConfig
 .text.HAL_RCCEx_PeriphCLKConfig
                0x080060cc      0x378 CMakeFiles/ctrl_g4.elf.dir/Drivers/STM32G4xx_HAL_Driver/Src/stm32g4xx_hal_rcc_ex.c.obj
                0x080060cc                HAL_RCCEx_PeriphCLKConfig
 .text.SPI_WaitFlagStateUntilTimeout
                0x08006444       0xc8 CMakeFiles/ctrl_g4.elf.dir/Drivers/STM32G4xx_HAL_Driver/Src/stm32g4xx_hal_spi.c.obj
 .text.SPI_WaitFifoStateUntilTimeout
                0x0800650c       0xf0 CMakeFiles/ctrl_g4.elf.dir/Drivers/STM32G4xx_HAL_Driver/Src/stm32g4xx_hal_spi.c.obj
 .text.SPI_EndRxTxTransaction
                0x080065fc       0x62 CMakeFiles/ctrl_g4.elf.dir/Drivers/STM32G4xx_HAL_Driver/Src/stm32g4xx_hal_spi.c.obj
 .text.SPI_EndRxTransaction
                0x0800665e       0x82 CMakeFiles/ctrl_g4.elf.dir/Drivers/STM32G4xx_HAL_Driver/Src/stm32g4xx_hal_spi.c.obj
 .text.HAL_SPI_Init
                0x080066e0       0xe8 CMakeFiles/ctrl_g4.elf.dir/Drivers/STM32G4xx_HAL_Driver/Src/stm32g4xx_hal_spi.c.obj
                0x080066e0                HAL_SPI_Init
 .text.HAL_SPI_Transmit
                0x080067c8      0x1fe CMakeFiles/ctrl_g4.elf.dir/Drivers/STM32G4xx_HAL_Driver/Src/stm32g4xx_hal_spi.c.obj
                0x080067c8                HAL_SPI_Transmit
 .text.HAL_SPI_TransmitReceive
                0x080069c6      0x2ec CMakeFiles/ctrl_g4.elf.dir/Drivers/STM32G4xx_HAL_Driver/Src/stm32g4xx_hal_spi.c.obj
                0x080069c6                HAL_SPI_TransmitReceive
 .text.HAL_SPI_Receive
                0x08006cb2      0x1a8 CMakeFiles/ctrl_g4.elf.dir/Drivers/STM32G4xx_HAL_Driver/Src/stm32g4xx_hal_spi.c.obj
                0x08006cb2                HAL_SPI_Receive
 *fill*         0x08006e5a        0x2 
 .text.TIM_OC1_SetConfig
                0x08006e5c       0xac CMakeFiles/ctrl_g4.elf.dir/Drivers/STM32G4xx_HAL_Driver/Src/stm32g4xx_hal_tim.c.obj
 .text.TIM_OC3_SetConfig
                0x08006f08       0x9c CMakeFiles/ctrl_g4.elf.dir/Drivers/STM32G4xx_HAL_Driver/Src/stm32g4xx_hal_tim.c.obj
 .text.TIM_OC4_SetConfig
                0x08006fa4       0x9c CMakeFiles/ctrl_g4.elf.dir/Drivers/STM32G4xx_HAL_Driver/Src/stm32g4xx_hal_tim.c.obj
 .text.TIM_OC5_SetConfig
                0x08007040       0x70 CMakeFiles/ctrl_g4.elf.dir/Drivers/STM32G4xx_HAL_Driver/Src/stm32g4xx_hal_tim.c.obj
 .text.TIM_OC6_SetConfig
                0x080070b0       0x74 CMakeFiles/ctrl_g4.elf.dir/Drivers/STM32G4xx_HAL_Driver/Src/stm32g4xx_hal_tim.c.obj
 .text.TIM_TI1_ConfigInputStage
                0x08007124       0x26 CMakeFiles/ctrl_g4.elf.dir/Drivers/STM32G4xx_HAL_Driver/Src/stm32g4xx_hal_tim.c.obj
 .text.TIM_TI2_ConfigInputStage
                0x0800714a       0x28 CMakeFiles/ctrl_g4.elf.dir/Drivers/STM32G4xx_HAL_Driver/Src/stm32g4xx_hal_tim.c.obj
 .text.TIM_ITRx_SetConfig
                0x08007172       0x14 CMakeFiles/ctrl_g4.elf.dir/Drivers/STM32G4xx_HAL_Driver/Src/stm32g4xx_hal_tim.c.obj
 *fill*         0x08007186        0x2 
 .text.HAL_TIM_Base_Start_IT
                0x08007188       0x94 CMakeFiles/ctrl_g4.elf.dir/Drivers/STM32G4xx_HAL_Driver/Src/stm32g4xx_hal_tim.c.obj
                0x08007188                HAL_TIM_Base_Start_IT
 .text.HAL_TIM_PWM_MspInit
                0x0800721c        0x2 CMakeFiles/ctrl_g4.elf.dir/Drivers/STM32G4xx_HAL_Driver/Src/stm32g4xx_hal_tim.c.obj
                0x0800721c                HAL_TIM_PWM_MspInit
 .text.HAL_TIM_OC_DelayElapsedCallback
                0x0800721e        0x2 CMakeFiles/ctrl_g4.elf.dir/Drivers/STM32G4xx_HAL_Driver/Src/stm32g4xx_hal_tim.c.obj
                0x0800721e                HAL_TIM_OC_DelayElapsedCallback
 .text.HAL_TIM_IC_CaptureCallback
                0x08007220        0x2 CMakeFiles/ctrl_g4.elf.dir/Drivers/STM32G4xx_HAL_Driver/Src/stm32g4xx_hal_tim.c.obj
                0x08007220                HAL_TIM_IC_CaptureCallback
 .text.HAL_TIM_PWM_PulseFinishedCallback
                0x08007222        0x2 CMakeFiles/ctrl_g4.elf.dir/Drivers/STM32G4xx_HAL_Driver/Src/stm32g4xx_hal_tim.c.obj
                0x08007222                HAL_TIM_PWM_PulseFinishedCallback
 .text.HAL_TIM_TriggerCallback
                0x08007224        0x2 CMakeFiles/ctrl_g4.elf.dir/Drivers/STM32G4xx_HAL_Driver/Src/stm32g4xx_hal_tim.c.obj
                0x08007224                HAL_TIM_TriggerCallback
 .text.HAL_TIM_IRQHandler
                0x08007226      0x1ea CMakeFiles/ctrl_g4.elf.dir/Drivers/STM32G4xx_HAL_Driver/Src/stm32g4xx_hal_tim.c.obj
                0x08007226                HAL_TIM_IRQHandler
 .text.TIM_Base_SetConfig
                0x08007410       0xf0 CMakeFiles/ctrl_g4.elf.dir/Drivers/STM32G4xx_HAL_Driver/Src/stm32g4xx_hal_tim.c.obj
                0x08007410                TIM_Base_SetConfig
 .text.HAL_TIM_Base_Init
                0x08007500       0x60 CMakeFiles/ctrl_g4.elf.dir/Drivers/STM32G4xx_HAL_Driver/Src/stm32g4xx_hal_tim.c.obj
                0x08007500                HAL_TIM_Base_Init
 .text.HAL_TIM_PWM_Init
                0x08007560       0x60 CMakeFiles/ctrl_g4.elf.dir/Drivers/STM32G4xx_HAL_Driver/Src/stm32g4xx_hal_tim.c.obj
                0x08007560                HAL_TIM_PWM_Init
 .text.TIM_OC2_SetConfig
                0x080075c0       0x9c CMakeFiles/ctrl_g4.elf.dir/Drivers/STM32G4xx_HAL_Driver/Src/stm32g4xx_hal_tim.c.obj
                0x080075c0                TIM_OC2_SetConfig
 .text.HAL_TIM_PWM_ConfigChannel
                0x0800765c      0x13a CMakeFiles/ctrl_g4.elf.dir/Drivers/STM32G4xx_HAL_Driver/Src/stm32g4xx_hal_tim.c.obj
                0x0800765c                HAL_TIM_PWM_ConfigChannel
 .text.TIM_ETR_SetConfig
                0x08007796       0x1a CMakeFiles/ctrl_g4.elf.dir/Drivers/STM32G4xx_HAL_Driver/Src/stm32g4xx_hal_tim.c.obj
                0x08007796                TIM_ETR_SetConfig
 .text.HAL_TIM_ConfigClockSource
                0x080077b0      0x154 CMakeFiles/ctrl_g4.elf.dir/Drivers/STM32G4xx_HAL_Driver/Src/stm32g4xx_hal_tim.c.obj
                0x080077b0                HAL_TIM_ConfigClockSource
 .text.TIM_CCxChannelCmd
                0x08007904       0x1e CMakeFiles/ctrl_g4.elf.dir/Drivers/STM32G4xx_HAL_Driver/Src/stm32g4xx_hal_tim.c.obj
                0x08007904                TIM_CCxChannelCmd
 *fill*         0x08007922        0x2 
 .text.HAL_TIM_PWM_Start
                0x08007924      0x17c CMakeFiles/ctrl_g4.elf.dir/Drivers/STM32G4xx_HAL_Driver/Src/stm32g4xx_hal_tim.c.obj
                0x08007924                HAL_TIM_PWM_Start
 .text.TIM_CCxNChannelCmd
                0x08007aa0       0x1e CMakeFiles/ctrl_g4.elf.dir/Drivers/STM32G4xx_HAL_Driver/Src/stm32g4xx_hal_tim_ex.c.obj
 *fill*         0x08007abe        0x2 
 .text.HAL_TIMEx_PWMN_Start
                0x08007ac0      0x104 CMakeFiles/ctrl_g4.elf.dir/Drivers/STM32G4xx_HAL_Driver/Src/stm32g4xx_hal_tim_ex.c.obj
                0x08007ac0                HAL_TIMEx_PWMN_Start
 .text.HAL_TIMEx_MasterConfigSynchronization
                0x08007bc4       0xac CMakeFiles/ctrl_g4.elf.dir/Drivers/STM32G4xx_HAL_Driver/Src/stm32g4xx_hal_tim_ex.c.obj
                0x08007bc4                HAL_TIMEx_MasterConfigSynchronization
 .text.HAL_TIMEx_ConfigBreakDeadTime
                0x08007c70       0xa8 CMakeFiles/ctrl_g4.elf.dir/Drivers/STM32G4xx_HAL_Driver/Src/stm32g4xx_hal_tim_ex.c.obj
                0x08007c70                HAL_TIMEx_ConfigBreakDeadTime
 .text.HAL_TIMEx_CommutCallback
                0x08007d18        0x2 CMakeFiles/ctrl_g4.elf.dir/Drivers/STM32G4xx_HAL_Driver/Src/stm32g4xx_hal_tim_ex.c.obj
                0x08007d18                HAL_TIMEx_CommutCallback
 .text.HAL_TIMEx_BreakCallback
                0x08007d1a        0x2 CMakeFiles/ctrl_g4.elf.dir/Drivers/STM32G4xx_HAL_Driver/Src/stm32g4xx_hal_tim_ex.c.obj
                0x08007d1a                HAL_TIMEx_BreakCallback
 .text.HAL_TIMEx_Break2Callback
                0x08007d1c        0x2 CMakeFiles/ctrl_g4.elf.dir/Drivers/STM32G4xx_HAL_Driver/Src/stm32g4xx_hal_tim_ex.c.obj
                0x08007d1c                HAL_TIMEx_Break2Callback
 .text.HAL_TIMEx_EncoderIndexCallback
                0x08007d1e        0x2 CMakeFiles/ctrl_g4.elf.dir/Drivers/STM32G4xx_HAL_Driver/Src/stm32g4xx_hal_tim_ex.c.obj
                0x08007d1e                HAL_TIMEx_EncoderIndexCallback
 .text.HAL_TIMEx_DirectionChangeCallback
                0x08007d20        0x2 CMakeFiles/ctrl_g4.elf.dir/Drivers/STM32G4xx_HAL_Driver/Src/stm32g4xx_hal_tim_ex.c.obj
                0x08007d20                HAL_TIMEx_DirectionChangeCallback
 .text.HAL_TIMEx_IndexErrorCallback
                0x08007d22        0x2 CMakeFiles/ctrl_g4.elf.dir/Drivers/STM32G4xx_HAL_Driver/Src/stm32g4xx_hal_tim_ex.c.obj
                0x08007d22                HAL_TIMEx_IndexErrorCallback
 .text.HAL_TIMEx_TransitionErrorCallback
                0x08007d24        0x2 CMakeFiles/ctrl_g4.elf.dir/Drivers/STM32G4xx_HAL_Driver/Src/stm32g4xx_hal_tim_ex.c.obj
                0x08007d24                HAL_TIMEx_TransitionErrorCallback
 .text.USB_EnableGlobalInt
                0x08007d26       0x12 CMakeFiles/ctrl_g4.elf.dir/Drivers/STM32G4xx_HAL_Driver/Src/stm32g4xx_ll_usb.c.obj
                0x08007d26                USB_EnableGlobalInt
 .text.USB_DisableGlobalInt
                0x08007d38       0x14 CMakeFiles/ctrl_g4.elf.dir/Drivers/STM32G4xx_HAL_Driver/Src/stm32g4xx_ll_usb.c.obj
                0x08007d38                USB_DisableGlobalInt
 .text.USB_DevInit
                0x08007d4c       0x22 CMakeFiles/ctrl_g4.elf.dir/Drivers/STM32G4xx_HAL_Driver/Src/stm32g4xx_ll_usb.c.obj
                0x08007d4c                USB_DevInit
 .text.USB_ActivateEndpoint
                0x08007d6e      0x3ca CMakeFiles/ctrl_g4.elf.dir/Drivers/STM32G4xx_HAL_Driver/Src/stm32g4xx_ll_usb.c.obj
                0x08007d6e                USB_ActivateEndpoint
 .text.USB_DeactivateEndpoint
                0x08008138      0x1d6 CMakeFiles/ctrl_g4.elf.dir/Drivers/STM32G4xx_HAL_Driver/Src/stm32g4xx_ll_usb.c.obj
                0x08008138                USB_DeactivateEndpoint
 .text.USB_EPSetStall
                0x0800830e       0x4a CMakeFiles/ctrl_g4.elf.dir/Drivers/STM32G4xx_HAL_Driver/Src/stm32g4xx_ll_usb.c.obj
                0x0800830e                USB_EPSetStall
 .text.USB_EPClearStall
                0x08008358       0xa2 CMakeFiles/ctrl_g4.elf.dir/Drivers/STM32G4xx_HAL_Driver/Src/stm32g4xx_ll_usb.c.obj
                0x08008358                USB_EPClearStall
 .text.USB_SetDevAddress
                0x080083fa        0xc CMakeFiles/ctrl_g4.elf.dir/Drivers/STM32G4xx_HAL_Driver/Src/stm32g4xx_ll_usb.c.obj
                0x080083fa                USB_SetDevAddress
 .text.USB_DevConnect
                0x08008406       0x16 CMakeFiles/ctrl_g4.elf.dir/Drivers/STM32G4xx_HAL_Driver/Src/stm32g4xx_ll_usb.c.obj
                0x08008406                USB_DevConnect
 .text.USB_ReadInterrupts
                0x0800841c        0x8 CMakeFiles/ctrl_g4.elf.dir/Drivers/STM32G4xx_HAL_Driver/Src/stm32g4xx_ll_usb.c.obj
                0x0800841c                USB_ReadInterrupts
 .text.USB_WritePMA
                0x08008424       0x24 CMakeFiles/ctrl_g4.elf.dir/Drivers/STM32G4xx_HAL_Driver/Src/stm32g4xx_ll_usb.c.obj
                0x08008424                USB_WritePMA
 .text.USB_EPStartXfer
                0x08008448      0x7ce CMakeFiles/ctrl_g4.elf.dir/Drivers/STM32G4xx_HAL_Driver/Src/stm32g4xx_ll_usb.c.obj
                0x08008448                USB_EPStartXfer
 .text.USB_ReadPMA
                0x08008c16       0x30 CMakeFiles/ctrl_g4.elf.dir/Drivers/STM32G4xx_HAL_Driver/Src/stm32g4xx_ll_usb.c.obj
                0x08008c16                USB_ReadPMA
 .text.USBD_CDC_EP0_RxReady
                0x08008c46       0x36 CMakeFiles/ctrl_g4.elf.dir/Middlewares/ST/STM32_USB_Device_Library/Class/CDC/Src/usbd_cdc.c.obj
 .text.USBD_CDC_GetFSCfgDesc
                0x08008c7c        0xc CMakeFiles/ctrl_g4.elf.dir/Middlewares/ST/STM32_USB_Device_Library/Class/CDC/Src/usbd_cdc.c.obj
 .text.USBD_CDC_GetHSCfgDesc
                0x08008c88        0xc CMakeFiles/ctrl_g4.elf.dir/Middlewares/ST/STM32_USB_Device_Library/Class/CDC/Src/usbd_cdc.c.obj
 .text.USBD_CDC_GetOtherSpeedCfgDesc
                0x08008c94        0xc CMakeFiles/ctrl_g4.elf.dir/Middlewares/ST/STM32_USB_Device_Library/Class/CDC/Src/usbd_cdc.c.obj
 .text.USBD_CDC_GetDeviceQualifierDescriptor
                0x08008ca0        0xc CMakeFiles/ctrl_g4.elf.dir/Middlewares/ST/STM32_USB_Device_Library/Class/CDC/Src/usbd_cdc.c.obj
                0x08008ca0                USBD_CDC_GetDeviceQualifierDescriptor
 .text.USBD_CDC_DataOut
                0x08008cac       0x2a CMakeFiles/ctrl_g4.elf.dir/Middlewares/ST/STM32_USB_Device_Library/Class/CDC/Src/usbd_cdc.c.obj
 .text.USBD_CDC_DataIn
                0x08008cd6       0x6a CMakeFiles/ctrl_g4.elf.dir/Middlewares/ST/STM32_USB_Device_Library/Class/CDC/Src/usbd_cdc.c.obj
 .text.USBD_CDC_Setup
                0x08008d40       0xf4 CMakeFiles/ctrl_g4.elf.dir/Middlewares/ST/STM32_USB_Device_Library/Class/CDC/Src/usbd_cdc.c.obj
 .text.USBD_CDC_DeInit
                0x08008e34       0x48 CMakeFiles/ctrl_g4.elf.dir/Middlewares/ST/STM32_USB_Device_Library/Class/CDC/Src/usbd_cdc.c.obj
 .text.USBD_CDC_Init
                0x08008e7c       0xc2 CMakeFiles/ctrl_g4.elf.dir/Middlewares/ST/STM32_USB_Device_Library/Class/CDC/Src/usbd_cdc.c.obj
 .text.USBD_CDC_RegisterInterface
                0x08008f3e        0xe CMakeFiles/ctrl_g4.elf.dir/Middlewares/ST/STM32_USB_Device_Library/Class/CDC/Src/usbd_cdc.c.obj
                0x08008f3e                USBD_CDC_RegisterInterface
 .text.USBD_CDC_SetTxBuffer
                0x08008f4c       0x16 CMakeFiles/ctrl_g4.elf.dir/Middlewares/ST/STM32_USB_Device_Library/Class/CDC/Src/usbd_cdc.c.obj
                0x08008f4c                USBD_CDC_SetTxBuffer
 .text.USBD_CDC_SetRxBuffer
                0x08008f62       0x12 CMakeFiles/ctrl_g4.elf.dir/Middlewares/ST/STM32_USB_Device_Library/Class/CDC/Src/usbd_cdc.c.obj
                0x08008f62                USBD_CDC_SetRxBuffer
 .text.USBD_CDC_TransmitPacket
                0x08008f74       0x30 CMakeFiles/ctrl_g4.elf.dir/Middlewares/ST/STM32_USB_Device_Library/Class/CDC/Src/usbd_cdc.c.obj
                0x08008f74                USBD_CDC_TransmitPacket
 .text.USBD_CDC_ReceivePacket
                0x08008fa4       0x32 CMakeFiles/ctrl_g4.elf.dir/Middlewares/ST/STM32_USB_Device_Library/Class/CDC/Src/usbd_cdc.c.obj
                0x08008fa4                USBD_CDC_ReceivePacket
 .text.USBD_Init
                0x08008fd6       0x2e CMakeFiles/ctrl_g4.elf.dir/Middlewares/ST/STM32_USB_Device_Library/Core/Src/usbd_core.c.obj
                0x08008fd6                USBD_Init
 .text.USBD_RegisterClass
                0x08009004       0x2e CMakeFiles/ctrl_g4.elf.dir/Middlewares/ST/STM32_USB_Device_Library/Core/Src/usbd_core.c.obj
                0x08009004                USBD_RegisterClass
 .text.USBD_Start
                0x08009032        0x8 CMakeFiles/ctrl_g4.elf.dir/Middlewares/ST/STM32_USB_Device_Library/Core/Src/usbd_core.c.obj
                0x08009032                USBD_Start
 .text.USBD_SetClassConfig
                0x0800903a       0x12 CMakeFiles/ctrl_g4.elf.dir/Middlewares/ST/STM32_USB_Device_Library/Core/Src/usbd_core.c.obj
                0x0800903a                USBD_SetClassConfig
 .text.USBD_ClrClassConfig
                0x0800904c       0x10 CMakeFiles/ctrl_g4.elf.dir/Middlewares/ST/STM32_USB_Device_Library/Core/Src/usbd_core.c.obj
                0x0800904c                USBD_ClrClassConfig
 .text.USBD_LL_SetupStage
                0x0800905c       0x58 CMakeFiles/ctrl_g4.elf.dir/Middlewares/ST/STM32_USB_Device_Library/Core/Src/usbd_core.c.obj
                0x0800905c                USBD_LL_SetupStage
 .text.USBD_LL_DataOutStage
                0x080090b4       0x78 CMakeFiles/ctrl_g4.elf.dir/Middlewares/ST/STM32_USB_Device_Library/Core/Src/usbd_core.c.obj
                0x080090b4                USBD_LL_DataOutStage
 .text.USBD_LL_DataInStage
                0x0800912c       0xbe CMakeFiles/ctrl_g4.elf.dir/Middlewares/ST/STM32_USB_Device_Library/Core/Src/usbd_core.c.obj
                0x0800912c                USBD_LL_DataInStage
 .text.USBD_LL_Reset
                0x080091ea       0x5a CMakeFiles/ctrl_g4.elf.dir/Middlewares/ST/STM32_USB_Device_Library/Core/Src/usbd_core.c.obj
                0x080091ea                USBD_LL_Reset
 .text.USBD_LL_SetSpeed
                0x08009244        0x6 CMakeFiles/ctrl_g4.elf.dir/Middlewares/ST/STM32_USB_Device_Library/Core/Src/usbd_core.c.obj
                0x08009244                USBD_LL_SetSpeed
 .text.USBD_LL_Suspend
                0x0800924a       0x14 CMakeFiles/ctrl_g4.elf.dir/Middlewares/ST/STM32_USB_Device_Library/Core/Src/usbd_core.c.obj
                0x0800924a                USBD_LL_Suspend
 .text.USBD_LL_Resume
                0x0800925e       0x1a CMakeFiles/ctrl_g4.elf.dir/Middlewares/ST/STM32_USB_Device_Library/Core/Src/usbd_core.c.obj
                0x0800925e                USBD_LL_Resume
 .text.USBD_LL_SOF
                0x08009278       0x28 CMakeFiles/ctrl_g4.elf.dir/Middlewares/ST/STM32_USB_Device_Library/Core/Src/usbd_core.c.obj
                0x08009278                USBD_LL_SOF
 .text.USBD_GetLen
                0x080092a0       0x14 CMakeFiles/ctrl_g4.elf.dir/Middlewares/ST/STM32_USB_Device_Library/Core/Src/usbd_ctlreq.c.obj
 .text.USBD_SetFeature
                0x080092b4       0x14 CMakeFiles/ctrl_g4.elf.dir/Middlewares/ST/STM32_USB_Device_Library/Core/Src/usbd_ctlreq.c.obj
 .text.USBD_ParseSetupRequest
                0x080092c8       0x28 CMakeFiles/ctrl_g4.elf.dir/Middlewares/ST/STM32_USB_Device_Library/Core/Src/usbd_ctlreq.c.obj
                0x080092c8                USBD_ParseSetupRequest
 .text.USBD_CtlError
                0x080092f0       0x14 CMakeFiles/ctrl_g4.elf.dir/Middlewares/ST/STM32_USB_Device_Library/Core/Src/usbd_ctlreq.c.obj
                0x080092f0                USBD_CtlError
 .text.USBD_GetDescriptor
                0x08009304      0x1ac CMakeFiles/ctrl_g4.elf.dir/Middlewares/ST/STM32_USB_Device_Library/Core/Src/usbd_ctlreq.c.obj
 .text.USBD_SetAddress
                0x080094b0       0x50 CMakeFiles/ctrl_g4.elf.dir/Middlewares/ST/STM32_USB_Device_Library/Core/Src/usbd_ctlreq.c.obj
 .text.USBD_SetConfig
                0x08009500       0xc8 CMakeFiles/ctrl_g4.elf.dir/Middlewares/ST/STM32_USB_Device_Library/Core/Src/usbd_ctlreq.c.obj
 .text.USBD_GetConfig
                0x080095c8       0x40 CMakeFiles/ctrl_g4.elf.dir/Middlewares/ST/STM32_USB_Device_Library/Core/Src/usbd_ctlreq.c.obj
 .text.USBD_GetStatus
                0x08009608       0x38 CMakeFiles/ctrl_g4.elf.dir/Middlewares/ST/STM32_USB_Device_Library/Core/Src/usbd_ctlreq.c.obj
 .text.USBD_ClrFeature
                0x08009640       0x26 CMakeFiles/ctrl_g4.elf.dir/Middlewares/ST/STM32_USB_Device_Library/Core/Src/usbd_ctlreq.c.obj
 .text.USBD_StdDevReq
                0x08009666       0x70 CMakeFiles/ctrl_g4.elf.dir/Middlewares/ST/STM32_USB_Device_Library/Core/Src/usbd_ctlreq.c.obj
                0x08009666                USBD_StdDevReq
 .text.USBD_StdItfReq
                0x080096d6       0x68 CMakeFiles/ctrl_g4.elf.dir/Middlewares/ST/STM32_USB_Device_Library/Core/Src/usbd_ctlreq.c.obj
                0x080096d6                USBD_StdItfReq
 .text.USBD_StdEPReq
                0x0800973e      0x1ec CMakeFiles/ctrl_g4.elf.dir/Middlewares/ST/STM32_USB_Device_Library/Core/Src/usbd_ctlreq.c.obj
                0x0800973e                USBD_StdEPReq
 .text.USBD_GetString
                0x0800992a       0x3a CMakeFiles/ctrl_g4.elf.dir/Middlewares/ST/STM32_USB_Device_Library/Core/Src/usbd_ctlreq.c.obj
                0x0800992a                USBD_GetString
 .text.USBD_CtlSendData
                0x08009964       0x1a CMakeFiles/ctrl_g4.elf.dir/Middlewares/ST/STM32_USB_Device_Library/Core/Src/usbd_ioreq.c.obj
                0x08009964                USBD_CtlSendData
 .text.USBD_CtlContinueSendData
                0x0800997e       0x10 CMakeFiles/ctrl_g4.elf.dir/Middlewares/ST/STM32_USB_Device_Library/Core/Src/usbd_ioreq.c.obj
                0x0800997e                USBD_CtlContinueSendData
 .text.USBD_CtlPrepareRx
                0x0800998e       0x1e CMakeFiles/ctrl_g4.elf.dir/Middlewares/ST/STM32_USB_Device_Library/Core/Src/usbd_ioreq.c.obj
                0x0800998e                USBD_CtlPrepareRx
 .text.USBD_CtlContinueRx
                0x080099ac       0x10 CMakeFiles/ctrl_g4.elf.dir/Middlewares/ST/STM32_USB_Device_Library/Core/Src/usbd_ioreq.c.obj
                0x080099ac                USBD_CtlContinueRx
 .text.USBD_CtlSendStatus
                0x080099bc       0x16 CMakeFiles/ctrl_g4.elf.dir/Middlewares/ST/STM32_USB_Device_Library/Core/Src/usbd_ioreq.c.obj
                0x080099bc                USBD_CtlSendStatus
 .text.USBD_CtlReceiveStatus
                0x080099d2       0x16 CMakeFiles/ctrl_g4.elf.dir/Middlewares/ST/STM32_USB_Device_Library/Core/Src/usbd_ioreq.c.obj
                0x080099d2                USBD_CtlReceiveStatus
 .text.SysTick_Handler
                0x080099e8       0x18 CMakeFiles/ctrl_g4.elf.dir/Middlewares/Third_Party/FreeRTOS/Source/CMSIS_RTOS_V2/cmsis_os2.c.obj
                0x080099e8                SysTick_Handler
 .text.osKernelInitialize
                0x08009a00       0x24 CMakeFiles/ctrl_g4.elf.dir/Middlewares/Third_Party/FreeRTOS/Source/CMSIS_RTOS_V2/cmsis_os2.c.obj
                0x08009a00                osKernelInitialize
 .text.osKernelStart
                0x08009a24       0x38 CMakeFiles/ctrl_g4.elf.dir/Middlewares/Third_Party/FreeRTOS/Source/CMSIS_RTOS_V2/cmsis_os2.c.obj
                0x08009a24                osKernelStart
 .text.osThreadNew
                0x08009a5c       0xbe CMakeFiles/ctrl_g4.elf.dir/Middlewares/Third_Party/FreeRTOS/Source/CMSIS_RTOS_V2/cmsis_os2.c.obj
                0x08009a5c                osThreadNew
 .text.osThreadTerminate
                0x08009b1a       0x30 CMakeFiles/ctrl_g4.elf.dir/Middlewares/Third_Party/FreeRTOS/Source/CMSIS_RTOS_V2/cmsis_os2.c.obj
                0x08009b1a                osThreadTerminate
 .text.osDelay  0x08009b4a       0x1c CMakeFiles/ctrl_g4.elf.dir/Middlewares/Third_Party/FreeRTOS/Source/CMSIS_RTOS_V2/cmsis_os2.c.obj
                0x08009b4a                osDelay
 *fill*         0x08009b66        0x2 
 .text.vApplicationGetIdleTaskMemory
                0x08009b68       0x18 CMakeFiles/ctrl_g4.elf.dir/Middlewares/Third_Party/FreeRTOS/Source/CMSIS_RTOS_V2/cmsis_os2.c.obj
                0x08009b68                vApplicationGetIdleTaskMemory
 .text.vApplicationGetTimerTaskMemory
                0x08009b80       0x18 CMakeFiles/ctrl_g4.elf.dir/Middlewares/Third_Party/FreeRTOS/Source/CMSIS_RTOS_V2/cmsis_os2.c.obj
                0x08009b80                vApplicationGetTimerTaskMemory
 .text.vListInitialise
                0x08009b98       0x16 CMakeFiles/ctrl_g4.elf.dir/Middlewares/Third_Party/FreeRTOS/Source/list.c.obj
                0x08009b98                vListInitialise
 .text.vListInitialiseItem
                0x08009bae        0x6 CMakeFiles/ctrl_g4.elf.dir/Middlewares/Third_Party/FreeRTOS/Source/list.c.obj
                0x08009bae                vListInitialiseItem
 .text.vListInsertEnd
                0x08009bb4       0x16 CMakeFiles/ctrl_g4.elf.dir/Middlewares/Third_Party/FreeRTOS/Source/list.c.obj
                0x08009bb4                vListInsertEnd
 .text.vListInsert
                0x08009bca       0x32 CMakeFiles/ctrl_g4.elf.dir/Middlewares/Third_Party/FreeRTOS/Source/list.c.obj
                0x08009bca                vListInsert
 .text.uxListRemove
                0x08009bfc       0x26 CMakeFiles/ctrl_g4.elf.dir/Middlewares/Third_Party/FreeRTOS/Source/list.c.obj
                0x08009bfc                uxListRemove
 *fill*         0x08009c22        0x2 
 .text.prvTaskExitError
                0x08009c24       0x40 CMakeFiles/ctrl_g4.elf.dir/Middlewares/Third_Party/FreeRTOS/Source/portable/GCC/ARM_CM4F/port.c.obj
 .text.prvPortStartFirstTask
                0x08009c64       0x28 CMakeFiles/ctrl_g4.elf.dir/Middlewares/Third_Party/FreeRTOS/Source/portable/GCC/ARM_CM4F/port.c.obj
 .text.vPortEnableVFP
                0x08009c8c       0x14 CMakeFiles/ctrl_g4.elf.dir/Middlewares/Third_Party/FreeRTOS/Source/portable/GCC/ARM_CM4F/port.c.obj
 .text.pxPortInitialiseStack
                0x08009ca0       0x2c CMakeFiles/ctrl_g4.elf.dir/Middlewares/Third_Party/FreeRTOS/Source/portable/GCC/ARM_CM4F/port.c.obj
                0x08009ca0                pxPortInitialiseStack
 *fill*         0x08009ccc        0x4 
 .text.SVC_Handler
                0x08009cd0       0x24 CMakeFiles/ctrl_g4.elf.dir/Middlewares/Third_Party/FreeRTOS/Source/portable/GCC/ARM_CM4F/port.c.obj
                0x08009cd0                SVC_Handler
 .text.vPortEnterCritical
                0x08009cf4       0x44 CMakeFiles/ctrl_g4.elf.dir/Middlewares/Third_Party/FreeRTOS/Source/portable/GCC/ARM_CM4F/port.c.obj
                0x08009cf4                vPortEnterCritical
 .text.vPortExitCritical
                0x08009d38       0x2c CMakeFiles/ctrl_g4.elf.dir/Middlewares/Third_Party/FreeRTOS/Source/portable/GCC/ARM_CM4F/port.c.obj
                0x08009d38                vPortExitCritical
 *fill*         0x08009d64        0xc 
 .text.PendSV_Handler
                0x08009d70       0x64 CMakeFiles/ctrl_g4.elf.dir/Middlewares/Third_Party/FreeRTOS/Source/portable/GCC/ARM_CM4F/port.c.obj
                0x08009d70                PendSV_Handler
 .text.xPortSysTickHandler
                0x08009dd4       0x2c CMakeFiles/ctrl_g4.elf.dir/Middlewares/Third_Party/FreeRTOS/Source/portable/GCC/ARM_CM4F/port.c.obj
                0x08009dd4                xPortSysTickHandler
 .text.vPortSetupTimerInterrupt
                0x08009e00       0x28 CMakeFiles/ctrl_g4.elf.dir/Middlewares/Third_Party/FreeRTOS/Source/portable/GCC/ARM_CM4F/port.c.obj
                0x08009e00                vPortSetupTimerInterrupt
 .text.xPortStartScheduler
                0x08009e28      0x118 CMakeFiles/ctrl_g4.elf.dir/Middlewares/Third_Party/FreeRTOS/Source/portable/GCC/ARM_CM4F/port.c.obj
                0x08009e28                xPortStartScheduler
 .text.vPortValidateInterruptPriority
                0x08009f40       0x5c CMakeFiles/ctrl_g4.elf.dir/Middlewares/Third_Party/FreeRTOS/Source/portable/GCC/ARM_CM4F/port.c.obj
                0x08009f40                vPortValidateInterruptPriority
 .text.prvHeapInit
                0x08009f9c       0x64 CMakeFiles/ctrl_g4.elf.dir/Middlewares/Third_Party/FreeRTOS/Source/portable/MemMang/heap_4.c.obj
 .text.prvInsertBlockIntoFreeList
                0x0800a000       0x64 CMakeFiles/ctrl_g4.elf.dir/Middlewares/Third_Party/FreeRTOS/Source/portable/MemMang/heap_4.c.obj
 .text.pvPortMalloc
                0x0800a064      0x104 CMakeFiles/ctrl_g4.elf.dir/Middlewares/Third_Party/FreeRTOS/Source/portable/MemMang/heap_4.c.obj
                0x0800a064                pvPortMalloc
 .text.vPortFree
                0x0800a168       0x7c CMakeFiles/ctrl_g4.elf.dir/Middlewares/Third_Party/FreeRTOS/Source/portable/MemMang/heap_4.c.obj
                0x0800a168                vPortFree
 .text.prvIsQueueFull
                0x0800a1e4       0x1e CMakeFiles/ctrl_g4.elf.dir/Middlewares/Third_Party/FreeRTOS/Source/queue.c.obj
 .text.prvIsQueueEmpty
                0x0800a202       0x1a CMakeFiles/ctrl_g4.elf.dir/Middlewares/Third_Party/FreeRTOS/Source/queue.c.obj
 .text.prvCopyDataToQueue
                0x0800a21c       0x76 CMakeFiles/ctrl_g4.elf.dir/Middlewares/Third_Party/FreeRTOS/Source/queue.c.obj
 .text.prvCopyDataFromQueue
                0x0800a292       0x24 CMakeFiles/ctrl_g4.elf.dir/Middlewares/Third_Party/FreeRTOS/Source/queue.c.obj
 .text.prvUnlockQueue
                0x0800a2b6       0x6e CMakeFiles/ctrl_g4.elf.dir/Middlewares/Third_Party/FreeRTOS/Source/queue.c.obj
 .text.xQueueGenericReset
                0x0800a324       0x84 CMakeFiles/ctrl_g4.elf.dir/Middlewares/Third_Party/FreeRTOS/Source/queue.c.obj
                0x0800a324                xQueueGenericReset
 .text.prvInitialiseNewQueue
                0x0800a3a8       0x22 CMakeFiles/ctrl_g4.elf.dir/Middlewares/Third_Party/FreeRTOS/Source/queue.c.obj
 .text.xQueueGenericCreateStatic
                0x0800a3ca       0x94 CMakeFiles/ctrl_g4.elf.dir/Middlewares/Third_Party/FreeRTOS/Source/queue.c.obj
                0x0800a3ca                xQueueGenericCreateStatic
 .text.xQueueGenericSend
                0x0800a45e      0x188 CMakeFiles/ctrl_g4.elf.dir/Middlewares/Third_Party/FreeRTOS/Source/queue.c.obj
                0x0800a45e                xQueueGenericSend
 .text.xQueueGenericSendFromISR
                0x0800a5e6       0xce CMakeFiles/ctrl_g4.elf.dir/Middlewares/Third_Party/FreeRTOS/Source/queue.c.obj
                0x0800a5e6                xQueueGenericSendFromISR
 .text.xQueueReceive
                0x0800a6b4      0x15e CMakeFiles/ctrl_g4.elf.dir/Middlewares/Third_Party/FreeRTOS/Source/queue.c.obj
                0x0800a6b4                xQueueReceive
 *fill*         0x0800a812        0x2 
 .text.vQueueAddToRegistry
                0x0800a814       0x28 CMakeFiles/ctrl_g4.elf.dir/Middlewares/Third_Party/FreeRTOS/Source/queue.c.obj
                0x0800a814                vQueueAddToRegistry
 .text.vQueueWaitForMessageRestricted
                0x0800a83c       0x52 CMakeFiles/ctrl_g4.elf.dir/Middlewares/Third_Party/FreeRTOS/Source/queue.c.obj
                0x0800a83c                vQueueWaitForMessageRestricted
 *fill*         0x0800a88e        0x2 
 .text.prvResetNextTaskUnblockTime
                0x0800a890       0x2c CMakeFiles/ctrl_g4.elf.dir/Middlewares/Third_Party/FreeRTOS/Source/tasks.c.obj
 .text.prvInitialiseNewTask
                0x0800a8bc      0x104 CMakeFiles/ctrl_g4.elf.dir/Middlewares/Third_Party/FreeRTOS/Source/tasks.c.obj
 .text.prvInitialiseTaskLists
                0x0800a9c0       0x68 CMakeFiles/ctrl_g4.elf.dir/Middlewares/Third_Party/FreeRTOS/Source/tasks.c.obj
 .text.prvAddNewTaskToReadyList
                0x0800aa28       0xac CMakeFiles/ctrl_g4.elf.dir/Middlewares/Third_Party/FreeRTOS/Source/tasks.c.obj
 .text.prvDeleteTCB
                0x0800aad4       0x40 CMakeFiles/ctrl_g4.elf.dir/Middlewares/Third_Party/FreeRTOS/Source/tasks.c.obj
 .text.prvCheckTasksWaitingTermination
                0x0800ab14       0x4c CMakeFiles/ctrl_g4.elf.dir/Middlewares/Third_Party/FreeRTOS/Source/tasks.c.obj
 .text.prvIdleTask
                0x0800ab60       0x28 CMakeFiles/ctrl_g4.elf.dir/Middlewares/Third_Party/FreeRTOS/Source/tasks.c.obj
 .text.prvAddCurrentTaskToDelayedList
                0x0800ab88       0x7c CMakeFiles/ctrl_g4.elf.dir/Middlewares/Third_Party/FreeRTOS/Source/tasks.c.obj
 .text.xTaskCreateStatic
                0x0800ac04       0x7a CMakeFiles/ctrl_g4.elf.dir/Middlewares/Third_Party/FreeRTOS/Source/tasks.c.obj
                0x0800ac04                xTaskCreateStatic
 .text.xTaskCreate
                0x0800ac7e       0x66 CMakeFiles/ctrl_g4.elf.dir/Middlewares/Third_Party/FreeRTOS/Source/tasks.c.obj
                0x0800ac7e                xTaskCreate
 .text.vTaskDelete
                0x0800ace4       0xb8 CMakeFiles/ctrl_g4.elf.dir/Middlewares/Third_Party/FreeRTOS/Source/tasks.c.obj
                0x0800ace4                vTaskDelete
 .text.eTaskGetState
                0x0800ad9c       0x90 CMakeFiles/ctrl_g4.elf.dir/Middlewares/Third_Party/FreeRTOS/Source/tasks.c.obj
                0x0800ad9c                eTaskGetState
 .text.vTaskStartScheduler
                0x0800ae2c       0xac CMakeFiles/ctrl_g4.elf.dir/Middlewares/Third_Party/FreeRTOS/Source/tasks.c.obj
                0x0800ae2c                vTaskStartScheduler
 .text.vTaskSuspendAll
                0x0800aed8       0x10 CMakeFiles/ctrl_g4.elf.dir/Middlewares/Third_Party/FreeRTOS/Source/tasks.c.obj
                0x0800aed8                vTaskSuspendAll
 .text.xTaskGetTickCount
                0x0800aee8        0xc CMakeFiles/ctrl_g4.elf.dir/Middlewares/Third_Party/FreeRTOS/Source/tasks.c.obj
                0x0800aee8                xTaskGetTickCount
 .text.xTaskIncrementTick
                0x0800aef4      0x118 CMakeFiles/ctrl_g4.elf.dir/Middlewares/Third_Party/FreeRTOS/Source/tasks.c.obj
                0x0800aef4                xTaskIncrementTick
 .text.xTaskResumeAll
                0x0800b00c       0xf8 CMakeFiles/ctrl_g4.elf.dir/Middlewares/Third_Party/FreeRTOS/Source/tasks.c.obj
                0x0800b00c                xTaskResumeAll
 .text.vTaskDelay
                0x0800b104       0x4c CMakeFiles/ctrl_g4.elf.dir/Middlewares/Third_Party/FreeRTOS/Source/tasks.c.obj
                0x0800b104                vTaskDelay
 .text.vTaskSwitchContext
                0x0800b150       0xa4 CMakeFiles/ctrl_g4.elf.dir/Middlewares/Third_Party/FreeRTOS/Source/tasks.c.obj
                0x0800b150                vTaskSwitchContext
 .text.vTaskPlaceOnEventList
                0x0800b1f4       0x30 CMakeFiles/ctrl_g4.elf.dir/Middlewares/Third_Party/FreeRTOS/Source/tasks.c.obj
                0x0800b1f4                vTaskPlaceOnEventList
 .text.vTaskPlaceOnEventListRestricted
                0x0800b224       0x38 CMakeFiles/ctrl_g4.elf.dir/Middlewares/Third_Party/FreeRTOS/Source/tasks.c.obj
                0x0800b224                vTaskPlaceOnEventListRestricted
 .text.xTaskRemoveFromEventList
                0x0800b25c       0x8c CMakeFiles/ctrl_g4.elf.dir/Middlewares/Third_Party/FreeRTOS/Source/tasks.c.obj
                0x0800b25c                xTaskRemoveFromEventList
 .text.vTaskInternalSetTimeOutState
                0x0800b2e8       0x18 CMakeFiles/ctrl_g4.elf.dir/Middlewares/Third_Party/FreeRTOS/Source/tasks.c.obj
                0x0800b2e8                vTaskInternalSetTimeOutState
 .text.xTaskCheckForTimeOut
                0x0800b300       0x84 CMakeFiles/ctrl_g4.elf.dir/Middlewares/Third_Party/FreeRTOS/Source/tasks.c.obj
                0x0800b300                xTaskCheckForTimeOut
 .text.vTaskMissedYield
                0x0800b384        0xc CMakeFiles/ctrl_g4.elf.dir/Middlewares/Third_Party/FreeRTOS/Source/tasks.c.obj
                0x0800b384                vTaskMissedYield
 .text.xTaskGetSchedulerState
                0x0800b390       0x20 CMakeFiles/ctrl_g4.elf.dir/Middlewares/Third_Party/FreeRTOS/Source/tasks.c.obj
                0x0800b390                xTaskGetSchedulerState
 .text.xTaskPriorityDisinherit
                0x0800b3b0       0x90 CMakeFiles/ctrl_g4.elf.dir/Middlewares/Third_Party/FreeRTOS/Source/tasks.c.obj
                0x0800b3b0                xTaskPriorityDisinherit
 .text.prvGetNextExpireTime
                0x0800b440       0x20 CMakeFiles/ctrl_g4.elf.dir/Middlewares/Third_Party/FreeRTOS/Source/timers.c.obj
 .text.prvInsertTimerInActiveList
                0x0800b460       0x48 CMakeFiles/ctrl_g4.elf.dir/Middlewares/Third_Party/FreeRTOS/Source/timers.c.obj
 .text.prvCheckForValidListAndQueue
                0x0800b4a8       0x70 CMakeFiles/ctrl_g4.elf.dir/Middlewares/Third_Party/FreeRTOS/Source/timers.c.obj
 .text.xTimerCreateTimerTask
                0x0800b518       0x64 CMakeFiles/ctrl_g4.elf.dir/Middlewares/Third_Party/FreeRTOS/Source/timers.c.obj
                0x0800b518                xTimerCreateTimerTask
 .text.xTimerGenericCommand
                0x0800b57c       0x6c CMakeFiles/ctrl_g4.elf.dir/Middlewares/Third_Party/FreeRTOS/Source/timers.c.obj
                0x0800b57c                xTimerGenericCommand
 .text.prvSwitchTimerLists
                0x0800b5e8       0x7c CMakeFiles/ctrl_g4.elf.dir/Middlewares/Third_Party/FreeRTOS/Source/timers.c.obj
 .text.prvSampleTimeNow
                0x0800b664       0x2c CMakeFiles/ctrl_g4.elf.dir/Middlewares/Third_Party/FreeRTOS/Source/timers.c.obj
 .text.prvProcessExpiredTimer
                0x0800b690       0x6c CMakeFiles/ctrl_g4.elf.dir/Middlewares/Third_Party/FreeRTOS/Source/timers.c.obj
 .text.prvProcessTimerOrBlockTask
                0x0800b6fc       0x74 CMakeFiles/ctrl_g4.elf.dir/Middlewares/Third_Party/FreeRTOS/Source/timers.c.obj
 .text.prvProcessReceivedCommands
                0x0800b770      0x10c CMakeFiles/ctrl_g4.elf.dir/Middlewares/Third_Party/FreeRTOS/Source/timers.c.obj
 .text.prvTimerTask
                0x0800b87c       0x16 CMakeFiles/ctrl_g4.elf.dir/Middlewares/Third_Party/FreeRTOS/Source/timers.c.obj
 .text._ZN10STM32_GPIO14get_pin_numberEv
                0x0800b892       0x14 CMakeFiles/ctrl_g4.elf.dir/Stm32_Interface/stm32_gpio.cpp.obj
                0x0800b892                STM32_GPIO::get_pin_number()
 *fill*         0x0800b8a6        0x2 
 .text._ZN10STM32_GPIO6configEmmm
                0x0800b8a8      0x170 CMakeFiles/ctrl_g4.elf.dir/Stm32_Interface/stm32_gpio.cpp.obj
                0x0800b8a8                STM32_GPIO::config(unsigned long, unsigned long, unsigned long)
 .text._ZN10STM32_GPIO5writeEb
                0x0800ba18       0x1a CMakeFiles/ctrl_g4.elf.dir/Stm32_Interface/stm32_gpio.cpp.obj
                0x0800ba18                STM32_GPIO::write(bool)
 .text._ZN9STM32_SPI5startEv
                0x0800ba32       0x68 CMakeFiles/ctrl_g4.elf.dir/Stm32_Interface/stm32_spi.cpp.obj
                0x0800ba32                STM32_SPI::start()
 .text._ZN9STM32_SPI14transfer_asyncEPNS_8spi_taskE
                0x0800ba9a        0xa CMakeFiles/ctrl_g4.elf.dir/Stm32_Interface/stm32_spi.cpp.obj
                0x0800ba9a                STM32_SPI::transfer_async(STM32_SPI::spi_task*)
 .text._Z13vofa_transmitPht
                0x0800baa4        0x8 CMakeFiles/ctrl_g4.elf.dir/Tools/vofa.cpp.obj
                0x0800baa4                vofa_transmit(unsigned char*, unsigned short)
 .text._Z14vofa_send_datahf
                0x0800baac       0x50 CMakeFiles/ctrl_g4.elf.dir/Tools/vofa.cpp.obj
                0x0800baac                vofa_send_data(unsigned char, float)
 .text._Z18vofa_sendframetailv
                0x0800bafc       0x44 CMakeFiles/ctrl_g4.elf.dir/Tools/vofa.cpp.obj
                0x0800bafc                vofa_sendframetail()
 .text._Z10vofa_startv
                0x0800bb40       0x36 CMakeFiles/ctrl_g4.elf.dir/Tools/vofa.cpp.obj
                0x0800bb40                vofa_start()
 *fill*         0x0800bb76        0x2 
 .text.MX_USB_Device_Init
                0x0800bb78       0x54 CMakeFiles/ctrl_g4.elf.dir/USB_Device/App/usb_device.c.obj
                0x0800bb78                MX_USB_Device_Init
 .text.CDC_DeInit_FS
                0x0800bbcc        0x4 CMakeFiles/ctrl_g4.elf.dir/USB_Device/App/usbd_cdc_if.c.obj
 .text.CDC_Control_FS
                0x0800bbd0        0x4 CMakeFiles/ctrl_g4.elf.dir/USB_Device/App/usbd_cdc_if.c.obj
 .text.CDC_TransmitCplt_FS
                0x0800bbd4        0x4 CMakeFiles/ctrl_g4.elf.dir/USB_Device/App/usbd_cdc_if.c.obj
 .text.CDC_Receive_FS
                0x0800bbd8       0x1c CMakeFiles/ctrl_g4.elf.dir/USB_Device/App/usbd_cdc_if.c.obj
 .text.CDC_Init_FS
                0x0800bbf4       0x28 CMakeFiles/ctrl_g4.elf.dir/USB_Device/App/usbd_cdc_if.c.obj
 .text.CDC_Transmit_FS
                0x0800bc1c       0x2c CMakeFiles/ctrl_g4.elf.dir/USB_Device/App/usbd_cdc_if.c.obj
                0x0800bc1c                CDC_Transmit_FS
 .text.USBD_CDC_DeviceDescriptor
                0x0800bc48        0xc CMakeFiles/ctrl_g4.elf.dir/USB_Device/App/usbd_desc.c.obj
                0x0800bc48                USBD_CDC_DeviceDescriptor
 .text.USBD_CDC_LangIDStrDescriptor
                0x0800bc54        0xc CMakeFiles/ctrl_g4.elf.dir/USB_Device/App/usbd_desc.c.obj
                0x0800bc54                USBD_CDC_LangIDStrDescriptor
 .text.IntToUnicode
                0x0800bc60       0x46 CMakeFiles/ctrl_g4.elf.dir/USB_Device/App/usbd_desc.c.obj
 *fill*         0x0800bca6        0x2 
 .text.Get_SerialNum
                0x0800bca8       0x38 CMakeFiles/ctrl_g4.elf.dir/USB_Device/App/usbd_desc.c.obj
 .text.USBD_CDC_SerialStrDescriptor
                0x0800bce0       0x14 CMakeFiles/ctrl_g4.elf.dir/USB_Device/App/usbd_desc.c.obj
                0x0800bce0                USBD_CDC_SerialStrDescriptor
 .text.USBD_CDC_ProductStrDescriptor
                0x0800bcf4       0x24 CMakeFiles/ctrl_g4.elf.dir/USB_Device/App/usbd_desc.c.obj
                0x0800bcf4                USBD_CDC_ProductStrDescriptor
 .text.USBD_CDC_ManufacturerStrDescriptor
                0x0800bd18       0x1c CMakeFiles/ctrl_g4.elf.dir/USB_Device/App/usbd_desc.c.obj
                0x0800bd18                USBD_CDC_ManufacturerStrDescriptor
 .text.USBD_CDC_ConfigStrDescriptor
                0x0800bd34       0x24 CMakeFiles/ctrl_g4.elf.dir/USB_Device/App/usbd_desc.c.obj
                0x0800bd34                USBD_CDC_ConfigStrDescriptor
 .text.USBD_CDC_InterfaceStrDescriptor
                0x0800bd58       0x24 CMakeFiles/ctrl_g4.elf.dir/USB_Device/App/usbd_desc.c.obj
                0x0800bd58                USBD_CDC_InterfaceStrDescriptor
 .text.USBD_Get_USB_Status
                0x0800bd7c       0x14 CMakeFiles/ctrl_g4.elf.dir/USB_Device/Target/usbd_conf.c.obj
 .text.SystemClockConfig_Resume
                0x0800bd90        0x8 CMakeFiles/ctrl_g4.elf.dir/USB_Device/Target/usbd_conf.c.obj
 .text.HAL_PCD_MspInit
                0x0800bd98       0x60 CMakeFiles/ctrl_g4.elf.dir/USB_Device/Target/usbd_conf.c.obj
                0x0800bd98                HAL_PCD_MspInit
 .text.HAL_PCD_SetupStageCallback
                0x0800bdf8       0x10 CMakeFiles/ctrl_g4.elf.dir/USB_Device/Target/usbd_conf.c.obj
                0x0800bdf8                HAL_PCD_SetupStageCallback
 .text.HAL_PCD_DataOutStageCallback
                0x0800be08       0x18 CMakeFiles/ctrl_g4.elf.dir/USB_Device/Target/usbd_conf.c.obj
                0x0800be08                HAL_PCD_DataOutStageCallback
 .text.HAL_PCD_DataInStageCallback
                0x0800be20       0x16 CMakeFiles/ctrl_g4.elf.dir/USB_Device/Target/usbd_conf.c.obj
                0x0800be20                HAL_PCD_DataInStageCallback
 .text.HAL_PCD_SOFCallback
                0x0800be36        0xc CMakeFiles/ctrl_g4.elf.dir/USB_Device/Target/usbd_conf.c.obj
                0x0800be36                HAL_PCD_SOFCallback
 .text.HAL_PCD_ResetCallback
                0x0800be42       0x24 CMakeFiles/ctrl_g4.elf.dir/USB_Device/Target/usbd_conf.c.obj
                0x0800be42                HAL_PCD_ResetCallback
 *fill*         0x0800be66        0x2 
 .text.HAL_PCD_SuspendCallback
                0x0800be68       0x20 CMakeFiles/ctrl_g4.elf.dir/USB_Device/Target/usbd_conf.c.obj
                0x0800be68                HAL_PCD_SuspendCallback
 .text.HAL_PCD_ResumeCallback
                0x0800be88       0x28 CMakeFiles/ctrl_g4.elf.dir/USB_Device/Target/usbd_conf.c.obj
                0x0800be88                HAL_PCD_ResumeCallback
 .text.USBD_LL_Init
                0x0800beb0       0x88 CMakeFiles/ctrl_g4.elf.dir/USB_Device/Target/usbd_conf.c.obj
                0x0800beb0                USBD_LL_Init
 .text.USBD_LL_Start
                0x0800bf38       0x10 CMakeFiles/ctrl_g4.elf.dir/USB_Device/Target/usbd_conf.c.obj
                0x0800bf38                USBD_LL_Start
 .text.USBD_LL_OpenEP
                0x0800bf48       0x16 CMakeFiles/ctrl_g4.elf.dir/USB_Device/Target/usbd_conf.c.obj
                0x0800bf48                USBD_LL_OpenEP
 .text.USBD_LL_CloseEP
                0x0800bf5e       0x10 CMakeFiles/ctrl_g4.elf.dir/USB_Device/Target/usbd_conf.c.obj
                0x0800bf5e                USBD_LL_CloseEP
 .text.USBD_LL_StallEP
                0x0800bf6e       0x10 CMakeFiles/ctrl_g4.elf.dir/USB_Device/Target/usbd_conf.c.obj
                0x0800bf6e                USBD_LL_StallEP
 .text.USBD_LL_ClearStallEP
                0x0800bf7e       0x10 CMakeFiles/ctrl_g4.elf.dir/USB_Device/Target/usbd_conf.c.obj
                0x0800bf7e                USBD_LL_ClearStallEP
 .text.USBD_LL_IsStallEP
                0x0800bf8e       0x2c CMakeFiles/ctrl_g4.elf.dir/USB_Device/Target/usbd_conf.c.obj
                0x0800bf8e                USBD_LL_IsStallEP
 .text.USBD_LL_SetUSBAddress
                0x0800bfba       0x10 CMakeFiles/ctrl_g4.elf.dir/USB_Device/Target/usbd_conf.c.obj
                0x0800bfba                USBD_LL_SetUSBAddress
 .text.USBD_LL_Transmit
                0x0800bfca       0x10 CMakeFiles/ctrl_g4.elf.dir/USB_Device/Target/usbd_conf.c.obj
                0x0800bfca                USBD_LL_Transmit
 .text.USBD_LL_PrepareReceive
                0x0800bfda       0x10 CMakeFiles/ctrl_g4.elf.dir/USB_Device/Target/usbd_conf.c.obj
                0x0800bfda                USBD_LL_PrepareReceive
 .text.USBD_LL_GetRxDataSize
                0x0800bfea        0xc CMakeFiles/ctrl_g4.elf.dir/USB_Device/Target/usbd_conf.c.obj
                0x0800bfea                USBD_LL_GetRxDataSize
 *fill*         0x0800bff6        0x2 
 .text.HAL_PCDEx_LPM_Callback
                0x0800bff8       0x44 CMakeFiles/ctrl_g4.elf.dir/USB_Device/Target/usbd_conf.c.obj
                0x0800bff8                HAL_PCDEx_LPM_Callback
 .text.USBD_static_malloc
                0x0800c03c        0x8 CMakeFiles/ctrl_g4.elf.dir/USB_Device/Target/usbd_conf.c.obj
                0x0800c03c                USBD_static_malloc
 .text.USBD_static_free
                0x0800c044        0x2 CMakeFiles/ctrl_g4.elf.dir/USB_Device/Target/usbd_conf.c.obj
                0x0800c044                USBD_static_free
 *fill*         0x0800c046        0x2 
 .text.arm_sin_f32
                0x0800c048       0x8c G:\ljyws\graduation_project\firmware\ctrl_g4\Middlewares\ST\ARM\DSP\Lib\libarm_cortexM4lf_math.a(arm_sin_f32.o)
                0x0800c048                arm_sin_f32
 .text.arm_cos_f32
                0x0800c0d4       0x94 G:\ljyws\graduation_project\firmware\ctrl_g4\Middlewares\ST\ARM\DSP\Lib\libarm_cortexM4lf_math.a(arm_cos_f32.o)
                0x0800c0d4                arm_cos_f32
 .text._ZNK10__cxxabiv117__class_type_info11__do_upcastEPKS0_PPv
                0x0800c168       0x34 D:/Tools/arm-none-eabi-13/13.3 rel1/bin/../lib/gcc/arm-none-eabi/13.3.1/thumb/v7e-m+fp/hard\libstdc++.a(class_type_info.o)
                0x0800c168                __cxxabiv1::__class_type_info::__do_upcast(__cxxabiv1::__class_type_info const*, void**) const
 .text._ZNK10__cxxabiv117__class_type_info20__do_find_public_srcEiPKvPKS0_S2_
                0x0800c19c        0xc D:/Tools/arm-none-eabi-13/13.3 rel1/bin/../lib/gcc/arm-none-eabi/13.3.1/thumb/v7e-m+fp/hard\libstdc++.a(class_type_info.o)
                0x0800c19c                __cxxabiv1::__class_type_info::__do_find_public_src(int, void const*, __cxxabiv1::__class_type_info const*, void const*) const
 .text._ZN10__cxxabiv117__class_type_infoD2Ev
                0x0800c1a8       0x14 D:/Tools/arm-none-eabi-13/13.3 rel1/bin/../lib/gcc/arm-none-eabi/13.3.1/thumb/v7e-m+fp/hard\libstdc++.a(class_type_info.o)
                0x0800c1a8                __cxxabiv1::__class_type_info::~__class_type_info()
                0x0800c1a8                __cxxabiv1::__class_type_info::~__class_type_info()
 .text._ZN10__cxxabiv117__class_type_infoD0Ev
                0x0800c1bc       0x1c D:/Tools/arm-none-eabi-13/13.3 rel1/bin/../lib/gcc/arm-none-eabi/13.3.1/thumb/v7e-m+fp/hard\libstdc++.a(class_type_info.o)
                0x0800c1bc                __cxxabiv1::__class_type_info::~__class_type_info()
 .text._ZNK10__cxxabiv117__class_type_info12__do_dyncastEiNS0_10__sub_kindEPKS0_PKvS3_S5_RNS0_16__dyncast_resultE